Component: ARM Compiler 5.06 update 6 (build 750) Tool: armlink [4d35ed]

==============================================================================

Section Cross References

    main.o(.text) refers to fpu.o(.text) for FPUEnable
    main.o(.text) refers to sysctl.o(.text) for SysCtlClockSet
    main.o(.text) refers to system.o(.text) for SysTickInit
    main.o(.text) refers to myuart.o(.text) for UART0Init
    main.o(.text) refers to f2d.o(.text) for __aeabi_f2d
    main.o(.text) refers to printfa.o(i.__0sprintf) for __2sprintf
    main.o(.text) refers to tft18.o(.text) for LCDShowString
    main.o(.text) refers to adc.o(.text) for ADC_Init
    main.o(.text) refers to key.o(.text) for Key_Init
    main.o(.text) refers to main.o(.data) for ADC0Val
    main.o(.text) refers to main.o(.bss) for Buf
    system_tm4c123.o(.text) refers to system_tm4c123.o(.data) for SystemCoreClock
    system.o(.text) refers to sysctl.o(.text) for SysCtlClockGet
    system.o(.text) refers to systick.o(.text) for SysTickPeriodSet
    system.o(.text) refers to interrupt.o(.text) for IntMasterEnable
    system.o(.text) refers to system.o(.data) for SysTime_ms
    uartstdio.o(.text) refers to uartstdio.o(.constdata) for g_ui32UARTPeriph
    uartstdio.o(.text) refers to uartstdio.o(.data) for g_ui32Base
    uartstdio.o(.constdata) refers to uartstdio.o(.conststring) for .conststring
    myuart.o(.text) refers to uart.o(.text) for UARTIntStatus
    myuart.o(.text) refers to sysctl.o(.text) for SysCtlPeripheralEnable
    myuart.o(.text) refers to gpio.o(.text) for GPIOPinConfigure
    myuart.o(.text) refers to uartstdio.o(.text) for UARTStdioConfig
    myuart.o(.text) refers to interrupt.o(.text) for IntPrioritySet
    myuart.o(.text) refers to printfa.o(i.__0vsnprintf) for vsnprintf
    myuart.o(.text) refers to malloc.o(i.malloc) for malloc
    myuart.o(.text) refers to malloc.o(i.free) for free
    mypwm.o(.text) refers to sysctl.o(.text) for SysCtlPWMClockSet
    mypwm.o(.text) refers to gpio.o(.text) for GPIOPinConfigure
    mypwm.o(.text) refers to pwm.o(.text) for PWMGenConfigure
    mypwm.o(.text) refers to dfltui.o(.text) for __aeabi_ui2d
    mypwm.o(.text) refers to dmul.o(.text) for __aeabi_dmul
    mypwm.o(.text) refers to dfixui.o(.text) for __aeabi_d2uiz
    myiic.o(.text) refers to sysctl.o(.text) for SysCtlPeripheralEnable
    myiic.o(.text) refers to gpio.o(.text) for GPIOPinConfigure
    myiic.o(.text) refers to i2c.o(.text) for I2CMasterInitExpClk
    myspi.o(.text) refers to sysctl.o(.text) for SysCtlPeripheralEnable
    myspi.o(.text) refers to gpio.o(.text) for GPIOPinConfigure
    myspi.o(.text) refers to ssi.o(.text) for SSIConfigSetExpClk
    oled.o(.text) refers to sysctl.o(.text) for SysCtlPeripheralEnable
    oled.o(.text) refers to gpio.o(.text) for GPIOPinTypeGPIOOutput
    oled.o(.text) refers to myiic.o(.text) for myIICWriteLen
    oled.o(.text) refers to myspi.o(.text) for mySPITransmit
    oled.o(.text) refers to oled.o(.data) for OLED_Protocal
    oled.o(.text) refers to oled.o(.constdata) for F8X16
    oled.o(.text) refers to system.o(.text) for Delay_ms
    tft18.o(.text) refers to gpio.o(.text) for GPIOPinWrite
    tft18.o(.text) refers to ssi.o(.text) for SSIDataPut
    tft18.o(.text) refers to sysctl.o(.text) for SysCtlPeripheralEnable
    tft18.o(.text) refers to tft18_font.o(.constdata) for tft_ascii
    adc.o(.text) refers to sysctl.o(.text) for SysCtlPeripheralEnable
    adc.o(.text) refers to gpio.o(.text) for GPIOPinTypeADC
    adc.o(.text) refers to adc_1.o(.text) for ADCSequenceConfigure
    adc.o(.text) refers to memseta.o(.text) for __aeabi_memclr4
    adc.o(.text) refers to adc.o(.bss) for TempAvg
    key.o(.text) refers to sysctl.o(.text) for SysCtlPeripheralEnable
    key.o(.text) refers to gpio.o(.text) for GPIOPinTypeGPIOInput
    key.o(.text) refers to system.o(.text) for Delay_ms
    key.o(.text) refers to key.o(.data) for LastState
    dac081s101.o(.text) refers to gpio.o(.text) for GPIOPinWrite
    dac081s101.o(.text) refers to sysctl.o(.text) for SysCtlPeripheralEnable
    adc_1.o(.text) refers to interrupt.o(.text) for IntRegister
    adc_1.o(.text) refers to adc_1.o(.data) for g_pui8OversampleFactor
    aes.o(.text) refers to interrupt.o(.text) for IntRegister
    can.o(.text) refers to interrupt.o(.text) for IntRegister
    can.o(.text) refers to can.o(.constdata) for g_ui16CANBitValues
    comp.o(.text) refers to interrupt.o(.text) for IntRegister
    des.o(.text) refers to interrupt.o(.text) for IntRegister
    eeprom.o(.text) refers to sysctl.o(.emb_text) for SysCtlDelay
    eeprom.o(.text) refers to sysctl.o(.text) for SysCtlPeripheralReset
    emac.o(.text) refers to sysctl.o(.text) for SysCtlPeripheralReset
    emac.o(.text) refers to sysctl.o(.emb_text) for SysCtlDelay
    emac.o(.text) refers to sw_crc.o(.text) for Crc32
    emac.o(.text) refers to interrupt.o(.text) for IntRegister
    emac.o(.text) refers to emac.o(.constdata) for g_pi16MIIClockDiv
[...]
    malloc.o(i.malloc) refers to mvars.o(.data) for __microlib_freelist
    malloc.o(i.malloc) refers to startup_tm4c123.o(HEAP) for __heap_base
    mallocr.o(i.__free$realloc) refers to mvars.o(.data) for __microlib_freelist
    mallocr.o(i.__malloc$realloc) refers to mallocr.o(i.internal_alloc) for internal_alloc
    mallocr.o(i.__malloc$realloc) refers to mvars.o(.data) for __microlib_freelist_initialised
    mallocr.o(i.__malloc$realloc) refers to startup_tm4c123.o(HEAP) for __heap_base
    mallocr.o(i.__malloc$realloc) refers to mvars.o(.data) for __microlib_freelist
    mallocr.o(i.internal_alloc) refers to memcpya.o(.text) for __aeabi_memcpy
    mallocr.o(i.internal_alloc) refers to mvars.o(.data) for __microlib_freelist
    mallocr.o(i.realloc) refers to mallocr.o(i.__free$realloc) for __free$realloc
    mallocr.o(i.realloc) refers to mallocr.o(i.internal_alloc) for internal_alloc
    mallocr.o(i.realloc) refers to mallocr.o(i.__malloc$realloc) for __malloc$realloc
    mallocr.o(i.realloc) refers to mvars.o(.data) for __microlib_freelist
    malloca.o(i.__aligned_malloc) refers to mvars.o(.data) for __microlib_freelist_initialised
    malloca.o(i.__aligned_malloc) refers to mvars.o(.data) for __microlib_freelist
    malloca.o(i.__aligned_malloc) refers to startup_tm4c123.o(HEAP) for __heap_base
    malloca.o(i.__free$memalign) refers to mvars.o(.data) for __microlib_freelist
    malloca.o(i.__malloc$memalign) refers to malloca.o(i.__aligned_malloc) for __aligned_malloc
    mallocra.o(i.__aligned_malloc$realloc) refers to mallocra.o(i.internal_alloc) for internal_alloc
    mallocra.o(i.__aligned_malloc$realloc) refers to mvars.o(.data) for __microlib_freelist_initialised
    mallocra.o(i.__aligned_malloc$realloc) refers to startup_tm4c123.o(HEAP) for __heap_base
    mallocra.o(i.__aligned_malloc$realloc) refers to mvars.o(.data) for __microlib_freelist
    mallocra.o(i.__free$realloc$memalign) refers to mvars.o(.data) for __microlib_freelist
    mallocra.o(i.__malloc$realloc$memalign) refers to mallocra.o(i.__aligned_malloc$realloc) for __aligned_malloc$realloc
    mallocra.o(i.__realloc$memalign) refers to mallocra.o(i.__free$realloc$memalign) for __free$realloc$memalign
    mallocra.o(i.__realloc$memalign) refers to mallocra.o(i.internal_alloc) for internal_alloc
    mallocra.o(i.__realloc$memalign) refers to mallocra.o(i.__malloc$realloc$memalign) for __malloc$realloc$memalign
    mallocra.o(i.__realloc$memalign) refers to mvars.o(.data) for __microlib_freelist
    mallocra.o(i.internal_alloc) refers to memcpya.o(.text) for __aeabi_memcpy
    mallocra.o(i.internal_alloc) refers to mvars.o(.data) for __microlib_freelist
    dmul.o(.text) refers (Special) to iusefp.o(.text) for __I$use$fp
    dmul.o(.text) refers to depilogue.o(.text) for _double_epilogue
    dfltui.o(.text) refers (Special) to iusefp.o(.text) for __I$use$fp
    dfltui.o(.text) refers to depilogue.o(.text) for _double_epilogue
    dfixui.o(.text) refers (Special) to iusefp.o(.text) for __I$use$fp
    dfixui.o(.text) refers to llushr.o(.text) for __aeabi_llsr
    f2d.o(.text) refers (Special) to iusefp.o(.text) for __I$use$fp
    entry2.o(.ARM.Collect$$$$00000001) refers to entry2.o(.ARM.Collect$$$$00002712) for __lit__00000000
    entry2.o(.ARM.Collect$$$$00002712) refers to startup_tm4c123.o(STACK) for __initial_sp
    entry2.o(__vectab_stack_and_reset_area) refers to startup_tm4c123.o(STACK) for __initial_sp
    entry2.o(__vectab_stack_and_reset_area) refers to entry.o(.ARM.Collect$$$$00000000) for __main
    entry5.o(.ARM.Collect$$$$00000004) refers to init.o(.text) for __scatterload
    entry9a.o(.ARM.Collect$$$$0000000B) refers to main.o(.text) for main
    entry9b.o(.ARM.Collect$$$$0000000C) refers to main.o(.text) for main
    fputc.o(i.fputc) refers (Special) to iusesemip.o(.text) for __I$use$semihosting$fputc
    fputc.o(i.fputc) refers (Special) to semi.o(.text) for __semihosting_library_function
    uldiv.o(.text) refers to llushr.o(.text) for __aeabi_llsr
    uldiv.o(.text) refers to llshl.o(.text) for __aeabi_llsl
    depilogue.o(.text) refers to llshl.o(.text) for __aeabi_llsl
    depilogue.o(.text) refers to llushr.o(.text) for __aeabi_llsr
    dadd.o(.text) refers to llshl.o(.text) for __aeabi_llsl
    dadd.o(.text) refers to llsshr.o(.text) for __aeabi_lasr
    dadd.o(.text) refers to depilogue.o(.text) for _double_epilogue
    ddiv.o(.text) refers to depilogue.o(.text) for _double_round
    dfixul.o(.text) refers to llushr.o(.text) for __aeabi_llsr
    dfixul.o(.text) refers to llshl.o(.text) for __aeabi_llsl
    init.o(.text) refers to entry5.o(.ARM.Collect$$$$00000004) for __main_after_scatterload


==============================================================================

Removing Unused input sections from the image.

    Removing system_tm4c123.o(.rev16_text), (4 bytes).
    Removing system_tm4c123.o(.revsh_text), (4 bytes).
    Removing system_tm4c123.o(.rrx_text), (6 bytes).
    Removing mypwm.o(.text), (644 bytes).
    Removing myiic.o(.text), (484 bytes).
    Removing myspi.o(.text), (144 bytes).
    Removing oled.o(.text), (1440 bytes).
    Removing oled.o(.constdata), (2072 bytes).
    Removing oled.o(.data), (900 bytes).
    Removing dac081s101.o(.text), (192 bytes).
    Removing aes.o(.text), (864 bytes).
    Removing can.o(.text), (1628 bytes).
    Removing can.o(.constdata), (32 bytes).
    Removing comp.o(.text), (162 bytes).
    Removing crc.o(.text), (102 bytes).
    Removing des.o(.text), (448 bytes).
    Removing eeprom.o(.text), (900 bytes).
    Removing emac.o(.text), (2292 bytes).
    Removing emac.o(.constdata), (24 bytes).
    Removing epi.o(.text), (792 bytes).
    Removing flash.o(.text), (724 bytes).
    Removing flash.o(.constdata), (128 bytes).
    Removing hibernate.o(.text), (2004 bytes).
    Removing i2c.o(.text), (964 bytes).
    Removing i2c.o(.constdata), (128 bytes).
    Removing lcd.o(.text), (832 bytes).
    Removing mpu.o(.text), (180 bytes).
    Removing onewire.o(.text), (356 bytes).
    Removing pwm.o(.text), (1118 bytes).
    Removing qei.o(.text), (320 bytes).
    Removing shamd5.o(.text), (832 bytes).
    Removing sw_crc.o(.text), (724 bytes).
    Removing sw_crc.o(.constdata), (1792 bytes).
    Removing sysexc.o(.text), (156 bytes).
    Removing timer.o(.text), (804 bytes).
    Removing timer.o(.constdata), (160 bytes).
    Removing udma.o(.text), (816 bytes).
    Removing usb.o(.text), (3740 bytes).
    Removing watchdog.o(.text), (200 bytes).
    Removing dfltui.o(.text), (26 bytes).
    Removing dfixui.o(.text), (50 bytes).

41 unused section(s) (total 29188 bytes) removed from the image.

==============================================================================

Image Symbol Table

    Local Symbols

    Symbol Name                              Value     Ov Type        Size  Object(Section)

    RESET                                    0x00000000   Section      620  startup_tm4c123.o(RESET)
    ../clib/../cmprslib/zerorunl2.c          0x00000000   Number         0  __dczerorl2.o ABSOLUTE
    ../clib/microlib/division.c              0x00000000   Number         0  uldiv.o ABSOLUTE
    ../clib/microlib/division.c              0x00000000   Number         0  uidiv.o ABSOLUTE
    ../clib/microlib/init/entry.s            0x00000000   Number         0  entry5.o ABSOLUTE
    ../clib/microlib/init/entry.s            0x00000000   Number         0  entry7a.o ABSOLUTE
    ../clib/microlib/init/entry.s            0x00000000   Number         0  entry7b.o ABSOLUTE
    ../clib/microlib/init/entry.s            0x00000000   Number         0  entry8a.o ABSOLUTE
    ../clib/microlib/init/entry.s            0x00000000   Number         0  entry10a.o ABSOLUTE
    ../clib/microlib/init/entry.s            0x00000000   Number         0  entry8b.o ABSOLUTE
    ../clib/microlib/init/entry.s            0x00000000   Number         0  entry9a.o ABSOLUTE
    ../clib/microlib/init/entry.s            0x00000000   Number         0  entry9b.o ABSOLUTE
    ../clib/microlib/init/entry.s            0x00000000   Number         0  entry11b.o ABSOLUTE
    ../clib/microlib/init/entry.s            0x00000000   Number         0  entry.o ABSOLUTE
    ../clib/microlib/init/entry.s            0x00000000   Number         0  entry11a.o ABSOLUTE
    ../clib/microlib/init/entry.s            0x00000000   Number         0  entry2.o ABSOLUTE
    ../clib/microlib/init/entry.s            0x00000000   Number         0  entry10b.o ABSOLUTE
    ../clib/microlib/longlong.c              0x00000000   Number         0  llshl.o ABSOLUTE
    ../clib/microlib/longlong.c              0x00000000   Number         0  llsshr.o ABSOLUTE
    ../clib/microlib/longlong.c              0x00000000   Number         0  llushr.o ABSOLUTE
    ../clib/microlib/malloc/malloc.c         0x00000000   Number         0  mallocr.o ABSOLUTE
    ../clib/microlib/malloc/malloc.c         0x00000000   Number         0  mallocra.o ABSOLUTE
    ../clib/microlib/malloc/malloc.c         0x00000000   Number         0  malloca.o ABSOLUTE
    ../clib/microlib/malloc/malloc.c         0x00000000   Number         0  malloc.o ABSOLUTE
    ../clib/microlib/malloc/mvars.c          0x00000000   Number         0  mvars.o ABSOLUTE
    ../clib/microlib/printf/printf.c         0x00000000   Number         0  printf1.o ABSOLUTE
    ../clib/microlib/printf/printf.c         0x00000000   Number         0  printf0.o ABSOLUTE
    ../clib/microlib/printf/printf.c         0x00000000   Number         0  printfb.o ABSOLUTE
    ../clib/microlib/printf/printf.c         0x00000000   Number         0  printf8.o ABSOLUTE
    ../clib/microlib/printf/printf.c         0x00000000   Number         0  printf6.o ABSOLUTE
    ../clib/microlib/printf/printf.c         0x00000000   Number         0  printf5.o ABSOLUTE
    ../clib/microlib/printf/printf.c         0x00000000   Number         0  printf4.o ABSOLUTE
    ../clib/microlib/printf/printf.c         0x00000000   Number         0  printf3.o ABSOLUTE
    ../clib/microlib/printf/printf.c         0x00000000   Number         0  printf2.o ABSOLUTE
    ../clib/microlib/printf/printf.c         0x00000000   Number         0  printfa.o ABSOLUTE
    ../clib/microlib/printf/printf.c         0x00000000   Number         0  printf7.o ABSOLUTE
    ../clib/microlib/printf/stubs.s          0x00000000   Number         0  stubs.o ABSOLUTE
    ../clib/microlib/stdio/fputc.c           0x00000000   Number         0  fputc.o ABSOLUTE
    ../clib/microlib/stdio/semi.s            0x00000000   Number         0  semi.o ABSOLUTE
    ../clib/microlib/stdio/streams.c         0x00000000   Number         0  stdout.o ABSOLUTE
    ../clib/microlib/string/memcpy.c         0x00000000   Number         0  memcpyb.o ABSOLUTE
    ../clib/microlib/string/memcpy.c         0x00000000   Number         0  memcpya.o ABSOLUTE
    ../clib/microlib/string/memset.c         0x00000000   Number         0  memseta.o ABSOLUTE
    ../clib/microlib/stubs.s                 0x00000000   Number         0  iusefp.o ABSOLUTE
    ../clib/microlib/stubs.s                 0x00000000   Number         0  iusesemip.o ABSOLUTE
    ../fplib/microlib/f2d.c                  0x00000000   Number         0  f2d.o ABSOLUTE
    ../fplib/microlib/fpadd.c                0x00000000   Number         0  dadd.o ABSOLUTE
    ../fplib/microlib/fpdiv.c                0x00000000   Number         0  ddiv.o ABSOLUTE
    ../fplib/microlib/fpepilogue.c           0x00000000   Number         0  depilogue.o ABSOLUTE
    ../fplib/microlib/fpfix.c                0x00000000   Number         0  dfixul.o ABSOLUTE
    ../fplib/microlib/fpfix.c                0x00000000   Number         0  dfixui.o ABSOLUTE
    ../fplib/microlib/fpflt.c                0x00000000   Number         0  dfltui.o ABSOLUTE
    ../fplib/microlib/fpmul.c                0x00000000   Number         0  dmul.o ABSOLUTE
    ..\Core\startup_TM4C123.s                0x00000000   Number         0  startup_tm4c123.o ABSOLUTE
    ..\Hardware\ADC\ADC.c                    0x00000000   Number         0  adc.o ABSOLUTE
    ..\Hardware\CHIP\DAC081S101\DAC081S101.c 0x00000000   Number         0  dac081s101.o ABSOLUTE
    ..\Hardware\IIC\myIIC.c                  0x00000000   Number         0  myiic.o ABSOLUTE
    ..\Hardware\KEY\KEY.c                    0x00000000   Number         0  key.o ABSOLUTE
    ..\Hardware\OLED\oled.c                  0x00000000   Number         0  oled.o ABSOLUTE
    ..\Hardware\PWM\myPWM.c                  0x00000000   Number         0  mypwm.o ABSOLUTE
    ..\Hardware\SPI\mySPI.c                  0x00000000   Number         0  myspi.o ABSOLUTE
    ..\Hardware\TFT\TFT18.c                  0x00000000   Number         0  tft18.o ABSOLUTE
    ..\Hardware\TFT\TFT18_Font.c             0x00000000   Number         0  tft18_font.o ABSOLUTE
    ..\Hardware\UART\myUART.c                0x00000000   Number         0  myuart.o ABSOLUTE
    ..\Library\driverlib\adc.c               0x00000000   Number         0  adc_1.o ABSOLUTE
    ..\Library\driverlib\aes.c               0x00000000   Number         0  aes.o ABSOLUTE
    ..\Library\driverlib\can.c               0x00000000   Number         0  can.o ABSOLUTE
    ..\Library\driverlib\comp.c              0x00000000   Number         0  comp.o ABSOLUTE
    ..\Library\driverlib\cpu.c               0x00000000   Number         0  cpu.o ABSOLUTE
    ..\Library\driverlib\crc.c               0x00000000   Number         0  crc.o ABSOLUTE
    ..\Library\driverlib\des.c               0x00000000   Number         0  des.o ABSOLUTE
    ..\Library\driverlib\eeprom.c            0x00000000   Number         0  eeprom.o ABSOLUTE
    ..\Library\driverlib\emac.c              0x00000000   Number         0  emac.o ABSOLUTE
    ..\Library\driverlib\epi.c               0x00000000   Number         0  epi.o ABSOLUTE
    ..\Library\driverlib\flash.c             0x00000000   Number         0  flash.o ABSOLUTE
    ..\Library\driverlib\fpu.c               0x00000000   Number         0  fpu.o ABSOLUTE
    ..\Library\driverlib\gpio.c              0x00000000   Number         0  gpio.o ABSOLUTE
    ..\Library\driverlib\hibernate.c         0x00000000   Number         0  hibernate.o ABSOLUTE
    ..\Library\driverlib\i2c.c               0x00000000   Number         0  i2c.o ABSOLUTE
    ..\Library\driverlib\interrupt.c         0x00000000   Number         0  interrupt.o ABSOLUTE
    ..\Library\driverlib\lcd.c               0x00000000   Number         0  lcd.o ABSOLUTE
    ..\Library\driverlib\mpu.c               0x00000000   Number         0  mpu.o ABSOLUTE
    ..\Library\driverlib\onewire.c           0x00000000   Number         0  onewire.o ABSOLUTE
    ..\Library\driverlib\pwm.c               0x00000000   Number         0  pwm.o ABSOLUTE
    ..\Library\driverlib\qei.c               0x00000000   Number         0  qei.o ABSOLUTE
    ..\Library\driverlib\shamd5.c            0x00000000   Number         0  shamd5.o ABSOLUTE
    ..\Library\driverlib\ssi.c               0x00000000   Number         0  ssi.o ABSOLUTE
    ..\Library\driverlib\sw_crc.c            0x00000000   Number         0  sw_crc.o ABSOLUTE
    ..\Library\driverlib\sysctl.c            0x00000000   Number         0  sysctl.o ABSOLUTE
    ..\Library\driverlib\sysexc.c            0x00000000   Number         0  sysexc.o ABSOLUTE
    ..\Library\driverlib\systick.c           0x00000000   Number         0  systick.o ABSOLUTE
    ..\Library\driverlib\timer.c             0x00000000   Number         0  timer.o ABSOLUTE
    ..\Library\driverlib\uart.c              0x00000000   Number         0  uart.o ABSOLUTE
    ..\Library\driverlib\udma.c              0x00000000   Number         0  udma.o ABSOLUTE
    ..\Library\driverlib\usb.c               0x00000000   Number         0  usb.o ABSOLUTE
    ..\Library\driverlib\watchdog.c          0x00000000   Number         0  watchdog.o ABSOLUTE
    ..\Library\utils\uartstdio.c             0x00000000   Number         0  uartstdio.o ABSOLUTE
    ..\System\system.c                       0x00000000   Number         0  system.o ABSOLUTE
    ..\System\system_TM4C123.c               0x00000000   Number         0  system_tm4c123.o ABSOLUTE
    ..\User\main.c                           0x00000000   Number         0  main.o ABSOLUTE
    ..\\Library\\driverlib\\cpu.c            0x00000000   Number         0  cpu.o ABSOLUTE
    ..\\Library\\driverlib\\sysctl.c         0x00000000   Number         0  sysctl.o ABSOLUTE
    ..\\System\\system_TM4C123.c             0x00000000   Number         0  system_tm4c123.o ABSOLUTE
    cdrcmple.s                               0x00000000   Number         0  cdrcmple.o ABSOLUTE
    dc.s                                     0x00000000   Number         0  dc.o ABSOLUTE
    handlers.s                               0x00000000   Number         0  handlers.o ABSOLUTE
    init.s                                   0x00000000   Number         0  init.o ABSOLUTE
    .ARM.Collect$$$$00000000                 0x0000026c   Section        0  entry.o(.ARM.Collect$$$$00000000)
    .ARM.Collect$$$$00000001                 0x0000026c   Section        4  entry2.o(.ARM.Collect$$$$00000001)
    .ARM.Collect$$$$00000004                 0x00000270   Section        4  entry5.o(.ARM.Collect$$$$00000004)
    .ARM.Collect$$$$00000008                 0x00000274   Section        0  entry7b.o(.ARM.Collect$$$$00000008)
    .ARM.Collect$$$$0000000A                 0x00000274   Section        0  entry8b.o(.ARM.Collect$$$$0000000A)
    .ARM.Collect$$$$0000000B                 0x00000274   Section        8  entry9a.o(.ARM.Collect$$$$0000000B)
    .ARM.Collect$$$$0000000D                 0x0000027c   Section        0  entry10a.o(.ARM.Collect$$$$0000000D)
    .ARM.Collect$$$$0000000F                 0x0000027c   Section        0  entry11a.o(.ARM.Collect$$$$0000000F)
    .ARM.Collect$$$$00002712                 0x0000027c   Section        4  entry2.o(.ARM.Collect$$$$00002712)
    __lit__00000000                          0x0000027c   Data           4  entry2.o(.ARM.Collect$$$$00002712)
    .emb_text                                0x00000280   Section       38  cpu.o(.emb_text)
    $v0                                      0x00000280   Number         0  cpu.o(.emb_text)
    .emb_text                                0x000002a8   Section        6  sysctl.o(.emb_text)
    $v0                                      0x000002a8   Number         0  sysctl.o(.emb_text)
    .text                                    0x000002b0   Section        0  main.o(.text)
    .text                                    0x00000418   Section        0  system_tm4c123.o(.text)
    getOscClk                                0x00000419   Thumb Code   182  system_tm4c123.o(.text)
    .text                                    0x00000664   Section        0  system.o(.text)
    .text                                    0x00000704   Section        0  uartstdio.o(.text)
    .text                                    0x00000abc   Section        0  myuart.o(.text)
    .text                                    0x00000bc8   Section        0  tft18.o(.text)
    tft_delay                                0x00000bc9   Thumb Code    12  tft18.o(.text)
    Lcd_WriteIndex                           0x00000bd5   Thumb Code    36  tft18.o(.text)
    Lcd_WriteData                            0x00000bf9   Thumb Code    36  tft18.o(.text)
    LCD_WriteData_16Bit                      0x00000c1d   Thumb Code    60  tft18.o(.text)
    .text                                    0x00001374   Section        0  adc.o(.text)
    .text                                    0x0000152c   Section        0  key.o(.text)
    .text                                    0x000016cc   Section        0  adc_1.o(.text)
    _ADCIntNumberGet                         0x000016cd   Thumb Code    76  adc_1.o(.text)
    .text                                    0x00001b44   Section        0  fpu.o(.text)
    .text                                    0x00001be8   Section        0  gpio.o(.text)
    _GPIOIntNumberGet                        0x00001be9   Thumb Code    56  gpio.o(.text)
    .text                                    0x000023c4   Section        0  interrupt.o(.text)
    _IntDefaultHandler                       0x000023c5   Thumb Code     4  interrupt.o(.text)
    .text                                    0x000026f4   Section        0  ssi.o(.text)
    _SSIIntNumberGet                         0x000026f5   Thumb Code    56  ssi.o(.text)
    .text                                    0x000028cc   Section        0  sysctl.o(.text)
    _SysCtlMemTimingGet                      0x000028cd   Thumb Code    36  sysctl.o(.text)
    _SysCtlFrequencyGet                      0x000028f1   Thumb Code    96  sysctl.o(.text)
    .text                                    0x000034b8   Section        0  systick.o(.text)
    .text                                    0x00003554   Section        0  uart.o(.text)
    _UARTIntNumberGet                        0x00003555   Thumb Code    56  uart.o(.text)
    .text                                    0x0000388c   Section      252  startup_tm4c123.o(.text)
    $v0                                      0x0000388c   Number         0  startup_tm4c123.o(.text)
    .text                                    0x00003988   Section        0  memseta.o(.text)
    .text                                    0x000039ac   Section        0  dmul.o(.text)
    .text                                    0x00003a90   Section        0  f2d.o(.text)
    .text                                    0x00003ab6   Section        0  uidiv.o(.text)
    .text                                    0x00003ae2   Section        0  uldiv.o(.text)
    .text                                    0x00003b44   Section        0  llushr.o(.text)
    .text                                    0x00003b64   Section        0  depilogue.o(.text)
    .text                                    0x00003b64   Section        0  iusefp.o(.text)
    .text                                    0x00003c1e   Section        0  dadd.o(.text)
    .text                                    0x00003d6c   Section        0  ddiv.o(.text)
    .text                                    0x00003e4a   Section        0  dfixul.o(.text)
    .text                                    0x00003e7c   Section       48  cdrcmple.o(.text)
    .text                                    0x00003eac   Section       36  init.o(.text)
    .text                                    0x00003ed0   Section        0  llshl.o(.text)
    .text                                    0x00003eee   Section        0  llsshr.o(.text)
    .text                                    0x00003f12   Section        0  __dczerorl2.o(.text)
    i.__0sprintf                             0x00003f68   Section        0  printfa.o(i.__0sprintf)
    i.__0vsnprintf                           0x00003f90   Section        0  printfa.o(i.__0vsnprintf)
    i.__scatterload_copy                     0x00003fbc   Section       14  handlers.o(i.__scatterload_copy)
    i.__scatterload_null                     0x00003fca   Section        2  handlers.o(i.__scatterload_null)
    i.__scatterload_zeroinit                 0x00003fcc   Section       14  handlers.o(i.__scatterload_zeroinit)
    i._fp_digits                             0x00003fdc   Section        0  printfa.o(i._fp_digits)
    _fp_digits                               0x00003fdd   Thumb Code   366  printfa.o(i._fp_digits)
    i._printf_core                           0x00004160   Section        0  printfa.o(i._printf_core)
    _printf_core                             0x00004161   Thumb Code  1744  printfa.o(i._printf_core)
    i._printf_post_padding                   0x0000483c   Section        0  printfa.o(i._printf_post_padding)
    _printf_post_padding                     0x0000483d   Thumb Code    36  printfa.o(i._printf_post_padding)
    i._printf_pre_padding                    0x00004860   Section        0  printfa.o(i._printf_pre_padding)
    _printf_pre_padding                      0x00004861   Thumb Code    46  printfa.o(i._printf_pre_padding)
    i._snputc                                0x0000488e   Section        0  printfa.o(i._snputc)
    _snputc                                  0x0000488f   Thumb Code    22  printfa.o(i._snputc)
    i._sputc                                 0x000048a4   Section        0  printfa.o(i._sputc)
    _sputc                                   0x000048a5   Thumb Code    10  printfa.o(i._sputc)
    i.free                                   0x000048b0   Section        0  malloc.o(i.free)
    i.malloc                                 0x00004900   Section        0  malloc.o(i.malloc)
    .constdata                               0x0000496c   Section       28  uartstdio.o(.constdata)
    g_pcHex                                  0x0000496c   Data           4  uartstdio.o(.constdata)
    g_ui32UARTBase                           0x00004970   Data          12  uartstdio.o(.constdata)
    g_ui32UARTPeriph                         0x0000497c   Data          12  uartstdio.o(.constdata)
    .constdata                               0x00004988   Section     1520  tft18_font.o(.constdata)
    .constdata                               0x00004f78   Section      552  gpio.o(.constdata)
    g_ppui32GPIOIntMapBlizzard               0x00004f78   Data         192  gpio.o(.constdata)
    g_ppui32GPIOIntMapSnowflake              0x00005038   Data         216  gpio.o(.constdata)
    g_pui32GPIOBaseAddrs                     0x00005110   Data         144  gpio.o(.constdata)
    .constdata                               0x000051a0   Section      268  interrupt.o(.constdata)
    g_pui32Priority                          0x000051a0   Data          32  interrupt.o(.constdata)
    g_pui32Regs                              0x000051c0   Data         156  interrupt.o(.constdata)
    g_pui32EnRegs                            0x0000525c   Data          20  interrupt.o(.constdata)
    g_pui32Dii16Regs                         0x00005270   Data          20  interrupt.o(.constdata)
    g_pui32PendRegs                          0x00005284   Data          20  interrupt.o(.constdata)
    g_pui32UnpendRegs                        0x00005298   Data          20  interrupt.o(.constdata)
    .constdata                               0x000052ac   Section       64  ssi.o(.constdata)
    g_ppui32SSIIntMap                        0x000052ac   Data          32  ssi.o(.constdata)
    g_ppui32SSIIntMapSnowflake               0x000052cc   Data          32  ssi.o(.constdata)
    .constdata                               0x000052ec   Section      596  sysctl.o(.constdata)
    g_pui32Xtals                             0x000052ec   Data         108  sysctl.o(.constdata)
    g_pppui32XTALtoVCO                       0x00005358   Data         432  sysctl.o(.constdata)
    g_sXTALtoMEMTIM                          0x00005508   Data          48  sysctl.o(.constdata)
    g_pui32VCOFrequencies                    0x00005538   Data           8  sysctl.o(.constdata)
    .constdata                               0x00005540   Section      128  uart.o(.constdata)
    g_ppui32UARTIntMap                       0x00005540   Data          64  uart.o(.constdata)
    g_ppui32UARTIntMapSnowflake              0x00005580   Data          64  uart.o(.constdata)
    .conststring                             0x000055c0   Section       17  uartstdio.o(.conststring)
    .data                                    0x20000000   Section       12  main.o(.data)
    .data                                    0x2000000c   Section        4  system_tm4c123.o(.data)
    .data                                    0x20000010   Section        4  system.o(.data)
    SysTime_ms                               0x20000010   Data           4  system.o(.data)
    .data                                    0x20000014   Section        5  uartstdio.o(.data)
    g_ui32Base                               0x20000014   Data           4  uartstdio.o(.data)
    bLastWasCR                               0x20000018   Data           1  uartstdio.o(.data)
    .data                                    0x2000001c   Section       16  key.o(.data)
    LastState                                0x2000001c   Data           4  key.o(.data)
    LastState                                0x20000020   Data           4  key.o(.data)
    LastState                                0x20000024   Data           4  key.o(.data)
    LastState                                0x20000028   Data           4  key.o(.data)
    .data                                    0x2000002c   Section        6  adc_1.o(.data)
    g_pui8OversampleFactor                   0x2000002c   Data           6  adc_1.o(.data)
    .data                                    0x20000034   Section        4  mvars.o(.data)
    .data                                    0x20000038   Section        4  mvars.o(.data)
    vtable                                   0x20000400   Section      620  interrupt.o(vtable)
    g_pfnRAMVectors                          0x20000400   Data         620  interrupt.o(vtable)
    .bss                                     0x2000066c   Section       30  main.o(.bss)
    .bss                                     0x2000068c   Section       24  adc.o(.bss)
    TempAvg                                  0x2000068c   Data          12  adc.o(.bss)
    TempAvg                                  0x20000698   Data          12  adc.o(.bss)
    HEAP                                     0x200006a8   Section      768  startup_tm4c123.o(HEAP)
    STACK                                    0x200009a8   Section     2560  startup_tm4c123.o(STACK)

    Global Symbols

    Symbol Name                              Value     Ov Type        Size  Object(Section)

    BuildAttributes$$THM_ISAv4$E$P$D$K$B$S$7EM$VFPi3$EXTD16$VFPS$VFMA$PE$A:L22UL41UL21$X:L11$S22US41US21$IEEE1$IW$USESV6$~STKCKD$USESV7$~SHL$OSPACE$ROPI$EBA8$MICROLIB$REQ8$PRES8$EABIv2 0x00000000   Number         0  anon$$obj.o ABSOLUTE
    __ARM_use_no_argv                        0x00000000   Number         0  main.o ABSOLUTE
    __Vectors                                0x00000000   Data           4  startup_tm4c123.o(RESET)
    _printf_a                                0x00000000   Number         0  stubs.o ABSOLUTE
    _printf_c                                0x00000000   Number         0  stubs.o ABSOLUTE
    _printf_charcount                        0x00000000   Number         0  stubs.o ABSOLUTE
    _printf_d                                0x00000000   Number         0  stubs.o ABSOLUTE
    _printf_e                                0x00000000   Number         0  stubs.o ABSOLUTE
    _printf_f                                0x00000000   Number         0  stubs.o ABSOLUTE
    _printf_flags                            0x00000000   Number         0  stubs.o ABSOLUTE
    _printf_fp_dec                           0x00000000   Number         0  stubs.o ABSOLUTE
    _printf_fp_hex                           0x00000000   Number         0  stubs.o ABSOLUTE
    _printf_g                                0x00000000   Number         0  stubs.o ABSOLUTE
    _printf_i                                0x00000000   Number         0  stubs.o ABSOLUTE
    _printf_int_dec                          0x00000000   Number         0  stubs.o ABSOLUTE
    _printf_l                                0x00000000   Number         0  stubs.o ABSOLUTE
    _printf_lc                               0x00000000   Number         0  stubs.o ABSOLUTE
    _printf_ll                               0x00000000   Number         0  stubs.o ABSOLUTE
    _printf_lld                              0x00000000   Number         0  stubs.o ABSOLUTE
    _printf_lli                              0x00000000   Number         0  stubs.o ABSOLUTE
    _printf_llo                              0x00000000   Number         0  stubs.o ABSOLUTE
    _printf_llu                              0x00000000   Number         0  stubs.o ABSOLUTE
    _printf_llx                              0x00000000   Number         0  stubs.o ABSOLUTE
    _printf_longlong_dec                     0x00000000   Number         0  stubs.o ABSOLUTE
    _printf_longlong_hex                     0x00000000   Number         0  stubs.o ABSOLUTE
    _printf_longlong_oct                     0x00000000   Number         0  stubs.o ABSOLUTE
    _printf_ls                               0x00000000   Number         0  stubs.o ABSOLUTE
    _printf_mbtowc                           0x00000000   Number         0  stubs.o ABSOLUTE
    _printf_n                                0x00000000   Number         0  stubs.o ABSOLUTE
    _printf_o                                0x00000000   Number         0  stubs.o ABSOLUTE
    _printf_p                                0x00000000   Number         0  stubs.o ABSOLUTE
    _printf_percent                          0x00000000   Number         0  stubs.o ABSOLUTE
    _printf_pre_padding                      0x00000000   Number         0  stubs.o ABSOLUTE
    _printf_return_value                     0x00000000   Number         0  stubs.o ABSOLUTE
    _printf_s                                0x00000000   Number         0  stubs.o ABSOLUTE
    _printf_sizespec                         0x00000000   Number         0  stubs.o ABSOLUTE
    _printf_str                              0x00000000   Number         0  stubs.o ABSOLUTE
    _printf_truncate_signed                  0x00000000   Number         0  stubs.o ABSOLUTE
    _printf_truncate_unsigned                0x00000000   Number         0  stubs.o ABSOLUTE
    _printf_u                                0x00000000   Number         0  stubs.o ABSOLUTE
    _printf_wc                               0x00000000   Number         0  stubs.o ABSOLUTE
    _printf_wctomb                           0x00000000   Number         0  stubs.o ABSOLUTE
    _printf_widthprec                        0x00000000   Number         0  stubs.o ABSOLUTE
    _printf_x                                0x00000000   Number         0  stubs.o ABSOLUTE
    __cpp_initialize__aeabi_                  - Undefined Weak Reference
    __cxa_finalize                            - Undefined Weak Reference
    _clock_init                               - Undefined Weak Reference
    _microlib_exit                            - Undefined Weak Reference
    __Vectors_End                            0x0000026c   Data           0  startup_tm4c123.o(RESET)
    __Vectors_Size                           0x0000026c   Number         0  startup_tm4c123.o ABSOLUTE
    __main                                   0x0000026d   Thumb Code     0  entry.o(.ARM.Collect$$$$00000000)
    _main_stk                                0x0000026d   Thumb Code     0  entry2.o(.ARM.Collect$$$$00000001)
    _main_scatterload                        0x00000271   Thumb Code     0  entry5.o(.ARM.Collect$$$$00000004)
    __main_after_scatterload                 0x00000275   Thumb Code     0  entry5.o(.ARM.Collect$$$$00000004)
    _main_clock                              0x00000275   Thumb Code     0  entry7b.o(.ARM.Collect$$$$00000008)
    _main_cpp_init                           0x00000275   Thumb Code     0  entry8b.o(.ARM.Collect$$$$0000000A)
    _main_init                               0x00000275   Thumb Code     0  entry9a.o(.ARM.Collect$$$$0000000B)
    __rt_final_cpp                           0x0000027d   Thumb Code     0  entry10a.o(.ARM.Collect$$$$0000000D)
    __rt_final_exit                          0x0000027d   Thumb Code     0  entry11a.o(.ARM.Collect$$$$0000000F)
    CPUcpsid                                 0x00000281   Thumb Code     8  cpu.o(.emb_text)
    CPUprimask                               0x00000289   Thumb Code     6  cpu.o(.emb_text)
    CPUcpsie                                 0x0000028f   Thumb Code     8  cpu.o(.emb_text)
    CPUwfi                                   0x00000297   Thumb Code     4  cpu.o(.emb_text)
    CPUbasepriSet                            0x0000029b   Thumb Code     6  cpu.o(.emb_text)
    CPUbasepriGet                            0x000002a1   Thumb Code     6  cpu.o(.emb_text)
    SysCtlDelay                              0x000002a9   Thumb Code     6  sysctl.o(.emb_text)
    BasicSystemInit                          0x000002b1   Thumb Code    26  main.o(.text)
    UartPrintEvent                           0x000002cb   Thumb Code    80  main.o(.text)
    main                                     0x0000031b   Thumb Code   156  main.o(.text)
    SystemCoreClockUpdate                    0x000004cf   Thumb Code   184  system_tm4c123.o(.text)
    SystemInit                               0x00000587   Thumb Code   112  system_tm4c123.o(.text)
    SysTickIntHandler                        0x00000665   Thumb Code    12  system.o(.text)
    SysTickInit                              0x00000671   Thumb Code    42  system.o(.text)
    GetSysTime_ms                            0x0000069b   Thumb Code     6  system.o(.text)
    GetSysTime_us                            0x000006a1   Thumb Code    52  system.o(.text)
    Delay_ms                                 0x000006d5   Thumb Code    22  system.o(.text)
    Delay_us                                 0x000006eb   Thumb Code    22  system.o(.text)
    UARTStdioConfig                          0x00000705   Thumb Code    96  uartstdio.o(.text)
    UARTwrite                                0x00000765   Thumb Code    58  uartstdio.o(.text)
    UARTgets                                 0x0000079f   Thumb Code   138  uartstdio.o(.text)
    UARTgetc                                 0x00000829   Thumb Code    20  uartstdio.o(.text)
    UARTvprintf                              0x0000083d   Thumb Code   574  uartstdio.o(.text)
    UARTprintf                               0x00000a7b   Thumb Code    26  uartstdio.o(.text)
    UART0_IntHandler                         0x00000abd   Thumb Code    52  myuart.o(.text)
    UART0Init                                0x00000af1   Thumb Code    94  myuart.o(.text)
    myPrintf                                 0x00000b4f   Thumb Code   110  myuart.o(.text)
    Lcd_SetRegion                            0x00000c59   Thumb Code    90  tft18.o(.text)
    LCDClear                                 0x00000cb3   Thumb Code    48  tft18.o(.text)
    LCDInit                                  0x00000ce3   Thumb Code   818  tft18.o(.text)
    LCDShowChar                              0x00001015   Thumb Code   100  tft18.o(.text)
    LCDShowString                            0x00001079   Thumb Code    50  tft18.o(.text)
    LCDShowInt8                              0x000010ab   Thumb Code   146  tft18.o(.text)
    lcd_showuint8_t                          0x0000113d   Thumb Code   104  tft18.o(.text)
    LCDShowInt16                             0x000011a5   Thumb Code   192  tft18.o(.text)
    lcd_showuint16_t                         0x00001265   Thumb Code   152  tft18.o(.text)
    LCDShowImage                             0x000012fd   Thumb Code   114  tft18.o(.text)
    ADC_Init                                 0x00001375   Thumb Code   112  adc.o(.text)
    ADC0_Get                                 0x000013e5   Thumb Code   162  adc.o(.text)
    ADC1_Get                                 0x00001487   Thumb Code   128  adc.o(.text)
    Key_Init                                 0x0000152d   Thumb Code   148  key.o(.text)
    Key1                                     0x000015c1   Thumb Code    58  key.o(.text)
    Key2                                     0x000015fb   Thumb Code    58  key.o(.text)
    Key3                                     0x00001635   Thumb Code    58  key.o(.text)
    Key4                                     0x0000166f   Thumb Code    58  key.o(.text)
    ADCIntRegister                           0x00001719   Thumb Code    38  adc_1.o(.text)
    ADCIntUnregister                         0x0000173f   Thumb Code    30  adc_1.o(.text)
    ADCIntDisable                            0x0000175d   Thumb Code    12  adc_1.o(.text)
    ADCIntEnable                             0x00001769   Thumb Code    18  adc_1.o(.text)
    ADCIntStatus                             0x0000177b   Thumb Code    54  adc_1.o(.text)
    ADCIntClear                              0x000017b1   Thumb Code     8  adc_1.o(.text)
    ADCSequenceEnable                        0x000017b9   Thumb Code    12  adc_1.o(.text)
    ADCSequenceDisable                       0x000017c5   Thumb Code    12  adc_1.o(.text)
    ADCSequenceConfigure                     0x000017d1   Thumb Code    78  adc_1.o(.text)
    ADCSequenceStepConfigure                 0x0000181f   Thumb Code   136  adc_1.o(.text)
    ADCSequenceOverflow                      0x000018a7   Thumb Code    12  adc_1.o(.text)
    ADCSequenceOverflowClear                 0x000018b3   Thumb Code     8  adc_1.o(.text)
    ADCSequenceUnderflow                     0x000018bb   Thumb Code    12  adc_1.o(.text)
    ADCSequenceUnderflowClear                0x000018c7   Thumb Code     8  adc_1.o(.text)
    ADCSequenceDataGet                       0x000018cf   Thumb Code    34  adc_1.o(.text)
    ADCProcessorTrigger                      0x000018f1   Thumb Code    24  adc_1.o(.text)
    ADCSoftwareOversampleConfigure           0x00001909   Thumb Code    42  adc_1.o(.text)
    ADCSoftwareOversampleStepConfigure       0x00001933   Thumb Code   134  adc_1.o(.text)
    ADCSoftwareOversampleDataGet             0x000019b9   Thumb Code    86  adc_1.o(.text)
    ADCHardwareOversampleConfigure           0x00001a0f   Thumb Code    18  adc_1.o(.text)
    ADCComparatorConfigure                   0x00001a21   Thumb Code    10  adc_1.o(.text)
    ADCComparatorRegionSet                   0x00001a2b   Thumb Code    16  adc_1.o(.text)
    ADCComparatorReset                       0x00001a3b   Thumb Code    34  adc_1.o(.text)
    ADCComparatorIntDisable                  0x00001a5d   Thumb Code    14  adc_1.o(.text)
    ADCComparatorIntEnable                   0x00001a6b   Thumb Code    14  adc_1.o(.text)
    ADCComparatorIntStatus                   0x00001a79   Thumb Code     6  adc_1.o(.text)
    ADCComparatorIntClear                    0x00001a7f   Thumb Code     4  adc_1.o(.text)
    ADCIntDisableEx                          0x00001a83   Thumb Code     8  adc_1.o(.text)
    ADCIntEnableEx                           0x00001a8b   Thumb Code     8  adc_1.o(.text)
    ADCIntStatusEx                           0x00001a93   Thumb Code    22  adc_1.o(.text)
    ADCIntClearEx                            0x00001aa9   Thumb Code    28  adc_1.o(.text)
    ADCReferenceSet                          0x00001ac5   Thumb Code    12  adc_1.o(.text)
    ADCReferenceGet                          0x00001ad1   Thumb Code    10  adc_1.o(.text)
    ADCPhaseDelaySet                         0x00001adb   Thumb Code     4  adc_1.o(.text)
    ADCPhaseDelayGet                         0x00001adf   Thumb Code     6  adc_1.o(.text)
    ADCSequenceDMAEnable                     0x00001ae5   Thumb Code    14  adc_1.o(.text)
    ADCSequenceDMADisable                    0x00001af3   Thumb Code    14  adc_1.o(.text)
    ADCBusy                                  0x00001b01   Thumb Code    10  adc_1.o(.text)
    ADCClockConfigSet                        0x00001b0b   Thumb Code    24  adc_1.o(.text)
    ADCClockConfigGet                        0x00001b23   Thumb Code    34  adc_1.o(.text)
    FPUEnable                                0x00001b45   Thumb Code    14  fpu.o(.text)
    FPUDisable                               0x00001b53   Thumb Code    14  fpu.o(.text)
    FPUStackingEnable                        0x00001b61   Thumb Code    18  fpu.o(.text)
    FPULazyStackingEnable                    0x00001b73   Thumb Code    14  fpu.o(.text)
    FPUStackingDisable                       0x00001b81   Thumb Code    14  fpu.o(.text)
    FPUHalfPrecisionModeSet                  0x00001b8f   Thumb Code    20  fpu.o(.text)
    FPUNaNModeSet                            0x00001ba3   Thumb Code    20  fpu.o(.text)
    FPUFlushToZeroModeSet                    0x00001bb7   Thumb Code    20  fpu.o(.text)
    FPURoundingModeSet                       0x00001bcb   Thumb Code    20  fpu.o(.text)
    GPIODirModeSet                           0x00001c21   Thumb Code    50  gpio.o(.text)
    GPIODirModeGet                           0x00001c53   Thumb Code    46  gpio.o(.text)
    GPIOIntTypeSet                           0x00001c81   Thumb Code   102  gpio.o(.text)
    GPIOIntTypeGet                           0x00001ce7   Thumb Code    84  gpio.o(.text)
    GPIOPadConfigSet                         0x00001d3b   Thumb Code   342  gpio.o(.text)
    GPIOPadConfigGet                         0x00001e91   Thumb Code   206  gpio.o(.text)
    GPIOIntEnable                            0x00001f5f   Thumb Code    12  gpio.o(.text)
    GPIOIntDisable                           0x00001f6b   Thumb Code    12  gpio.o(.text)
    GPIOIntStatus                            0x00001f77   Thumb Code    16  gpio.o(.text)
    GPIOIntClear                             0x00001f87   Thumb Code     6  gpio.o(.text)
    GPIOIntRegister                          0x00001f8d   Thumb Code    30  gpio.o(.text)
    GPIOIntUnregister                        0x00001fab   Thumb Code    26  gpio.o(.text)
    GPIOIntRegisterPin                       0x00001fc5   Thumb Code    56  gpio.o(.text)
    GPIOIntUnregisterPin                     0x00001ffd   Thumb Code    28  gpio.o(.text)
    GPIOPinRead                              0x00002019   Thumb Code    12  gpio.o(.text)
    GPIOPinWrite                             0x00002025   Thumb Code    10  gpio.o(.text)
    GPIOPinTypeADC                           0x0000202f   Thumb Code    30  gpio.o(.text)
    GPIOPinTypeCAN                           0x0000204d   Thumb Code    30  gpio.o(.text)
    GPIOPinTypeComparator                    0x0000206b   Thumb Code    30  gpio.o(.text)
    GPIOPinTypeComparatorOutput              0x00002089   Thumb Code    30  gpio.o(.text)
    GPIOPinTypeDIVSCLK                       0x000020a7   Thumb Code    30  gpio.o(.text)
    GPIOPinTypeEPI                           0x000020c5   Thumb Code    30  gpio.o(.text)
    GPIOPinTypeEthernetLED                   0x000020e3   Thumb Code    30  gpio.o(.text)
    GPIOPinTypeEthernetMII                   0x00002101   Thumb Code    30  gpio.o(.text)
    GPIOPinTypeGPIOInput                     0x0000211f   Thumb Code    30  gpio.o(.text)
    GPIOPinTypeGPIOOutput                    0x0000213d   Thumb Code    30  gpio.o(.text)
    GPIOPinTypeGPIOOutputOD                  0x0000215b   Thumb Code    30  gpio.o(.text)
    GPIOPinTypeHibernateRTCCLK               0x00002179   Thumb Code    30  gpio.o(.text)
    GPIOPinTypeI2C                           0x00002197   Thumb Code    30  gpio.o(.text)
    GPIOPinTypeI2CSCL                        0x000021b5   Thumb Code    30  gpio.o(.text)
    GPIOPinTypeLCD                           0x000021d3   Thumb Code    30  gpio.o(.text)
    GPIOPinTypeOneWire                       0x000021f1   Thumb Code    30  gpio.o(.text)
    GPIOPinTypePWM                           0x0000220f   Thumb Code    30  gpio.o(.text)
    GPIOPinTypeQEI                           0x0000222d   Thumb Code    30  gpio.o(.text)
    GPIOPinTypeSSI                           0x0000224b   Thumb Code    30  gpio.o(.text)
    GPIOPinTypeTimer                         0x00002269   Thumb Code    30  gpio.o(.text)
    GPIOPinTypeTrace                         0x00002287   Thumb Code    30  gpio.o(.text)
    GPIOPinTypeUART                          0x000022a5   Thumb Code    30  gpio.o(.text)
    GPIOPinTypeUSBAnalog                     0x000022c3   Thumb Code    30  gpio.o(.text)
    GPIOPinTypeUSBDigital                    0x000022e1   Thumb Code    30  gpio.o(.text)
    GPIOPinTypeWakeHigh                      0x000022ff   Thumb Code    32  gpio.o(.text)
    GPIOPinTypeWakeLow                       0x0000231f   Thumb Code    32  gpio.o(.text)
    GPIOPinWakeStatus                        0x0000233f   Thumb Code     8  gpio.o(.text)
    GPIOPinConfigure                         0x00002347   Thumb Code    70  gpio.o(.text)
    GPIODMATriggerEnable                     0x0000238d   Thumb Code    12  gpio.o(.text)
    GPIODMATriggerDisable                    0x00002399   Thumb Code    12  gpio.o(.text)
    GPIOADCTriggerEnable                     0x000023a5   Thumb Code    12  gpio.o(.text)
    GPIOADCTriggerDisable                    0x000023b1   Thumb Code    12  gpio.o(.text)
    IntMasterEnable                          0x000023c9   Thumb Code    16  interrupt.o(.text)
    IntMasterDisable                         0x000023d9   Thumb Code    16  interrupt.o(.text)
    IntRegister                              0x000023e9   Thumb Code    52  interrupt.o(.text)
    IntUnregister                            0x0000241d   Thumb Code    10  interrupt.o(.text)
    IntPriorityGroupingSet                   0x00002427   Thumb Code    18  interrupt.o(.text)
    IntPriorityGroupingGet                   0x00002439   Thumb Code    36  interrupt.o(.text)
    IntPrioritySet                           0x0000245d   Thumb Code    46  interrupt.o(.text)
    IntPriorityGet                           0x0000248b   Thumb Code    22  interrupt.o(.text)
    IntEnable                                0x000024a1   Thumb Code   120  interrupt.o(.text)
    IntDisable                               0x00002519   Thumb Code   120  interrupt.o(.text)
    IntIsEnabled                             0x00002591   Thumb Code   106  interrupt.o(.text)
    IntPendSet                               0x000025fb   Thumb Code    98  interrupt.o(.text)
    IntPendClear                             0x0000265d   Thumb Code    76  interrupt.o(.text)
    IntPriorityMaskSet                       0x000026a9   Thumb Code    12  interrupt.o(.text)
    IntPriorityMaskGet                       0x000026b5   Thumb Code     8  interrupt.o(.text)
    IntTrigger                               0x000026bd   Thumb Code    10  interrupt.o(.text)
    SSIConfigSetExpClk                       0x0000272d   Thumb Code    86  ssi.o(.text)
    SSIEnable                                0x00002783   Thumb Code    10  ssi.o(.text)
    SSIDisable                               0x0000278d   Thumb Code    10  ssi.o(.text)
    SSIIntRegister                           0x00002797   Thumb Code    30  ssi.o(.text)
    SSIIntUnregister                         0x000027b5   Thumb Code    26  ssi.o(.text)
    SSIIntEnable                             0x000027cf   Thumb Code     8  ssi.o(.text)
    SSIIntDisable                            0x000027d7   Thumb Code     8  ssi.o(.text)
    SSIIntStatus                             0x000027df   Thumb Code    12  ssi.o(.text)
    SSIIntClear                              0x000027eb   Thumb Code     4  ssi.o(.text)
    SSIDataPut                               0x000027ef   Thumb Code    16  ssi.o(.text)
    SSIDataPutNonBlocking                    0x000027ff   Thumb Code    20  ssi.o(.text)
    SSIDataGet                               0x00002813   Thumb Code    18  ssi.o(.text)
    SSIDataGetNonBlocking                    0x00002825   Thumb Code    22  ssi.o(.text)
    SSIDMAEnable                             0x0000283b   Thumb Code     8  ssi.o(.text)
    SSIDMADisable                            0x00002843   Thumb Code     8  ssi.o(.text)
    SSIBusy                                  0x0000284b   Thumb Code    10  ssi.o(.text)
    SSIClockSourceSet                        0x00002855   Thumb Code     6  ssi.o(.text)
    SSIClockSourceGet                        0x0000285b   Thumb Code     8  ssi.o(.text)
    SSIAdvModeSet                            0x00002863   Thumb Code    12  ssi.o(.text)
    SSIAdvDataPutFrameEnd                    0x0000286f   Thumb Code    24  ssi.o(.text)
    SSIAdvDataPutFrameEndNonBlocking         0x00002887   Thumb Code    28  ssi.o(.text)
    SSIAdvFrameHoldEnable                    0x000028a3   Thumb Code    10  ssi.o(.text)
    SSIAdvFrameHoldDisable                   0x000028ad   Thumb Code    10  ssi.o(.text)
    SysCtlSRAMSizeGet                        0x00002951   Thumb Code    12  sysctl.o(.text)
    SysCtlFlashSizeGet                       0x0000295d   Thumb Code    42  sysctl.o(.text)
    SysCtlFlashSectorSizeGet                 0x00002987   Thumb Code    40  sysctl.o(.text)
    SysCtlPeripheralPresent                  0x000029af   Thumb Code    52  sysctl.o(.text)
    SysCtlPeripheralReady                    0x000029e3   Thumb Code    52  sysctl.o(.text)
    SysCtlPeripheralPowerOn                  0x00002a17   Thumb Code    46  sysctl.o(.text)
    SysCtlPeripheralPowerOff                 0x00002a45   Thumb Code    46  sysctl.o(.text)
    SysCtlPeripheralReset                    0x00002a73   Thumb Code   106  sysctl.o(.text)
    SysCtlPeripheralEnable                   0x00002add   Thumb Code    46  sysctl.o(.text)
    SysCtlPeripheralDisable                  0x00002b0b   Thumb Code    46  sysctl.o(.text)
    SysCtlPeripheralSleepEnable              0x00002b39   Thumb Code    46  sysctl.o(.text)
    SysCtlPeripheralSleepDisable             0x00002b67   Thumb Code    46  sysctl.o(.text)
    SysCtlPeripheralDeepSleepEnable          0x00002b95   Thumb Code    46  sysctl.o(.text)
    SysCtlPeripheralDeepSleepDisable         0x00002bc3   Thumb Code    46  sysctl.o(.text)
    SysCtlPeripheralClockGating              0x00002bf1   Thumb Code    82  sysctl.o(.text)
    SysCtlIntRegister                        0x00002c43   Thumb Code    20  sysctl.o(.text)
    SysCtlIntUnregister                      0x00002c57   Thumb Code    16  sysctl.o(.text)
    SysCtlIntEnable                          0x00002c67   Thumb Code    12  sysctl.o(.text)
    SysCtlIntDisable                         0x00002c73   Thumb Code    12  sysctl.o(.text)
    SysCtlIntClear                           0x00002c7f   Thumb Code     6  sysctl.o(.text)
    SysCtlIntStatus                          0x00002c85   Thumb Code    16  sysctl.o(.text)
    SysCtlLDOSleepSet                        0x00002c95   Thumb Code     6  sysctl.o(.text)
    SysCtlLDOSleepGet                        0x00002c9b   Thumb Code     6  sysctl.o(.text)
    SysCtlLDODeepSleepSet                    0x00002ca1   Thumb Code     8  sysctl.o(.text)
    SysCtlLDODeepSleepGet                    0x00002ca9   Thumb Code    60  sysctl.o(.text)
    SysCtlSleepPowerSet                      0x00002ce5   Thumb Code     6  sysctl.o(.text)
    SysCtlDeepSleepPowerSet                  0x00002ceb   Thumb Code     8  sysctl.o(.text)
    SysCtlReset                              0x00002cf3   Thumb Code    10  sysctl.o(.text)
    SysCtlSleep                              0x00002cfd   Thumb Code     8  sysctl.o(.text)
    SysCtlDeepSleep                          0x00002d05   Thumb Code    40  sysctl.o(.text)
    SysCtlResetCauseGet                      0x00002d2d   Thumb Code     6  sysctl.o(.text)
    SysCtlResetCauseClear                    0x00002d33   Thumb Code    12  sysctl.o(.text)
    SysCtlMOSCConfigSet                      0x00002d3f   Thumb Code     6  sysctl.o(.text)
    SysCtlPIOSCCalibrate                     0x00002d45   Thumb Code    82  sysctl.o(.text)
    SysCtlResetBehaviorSet                   0x00002d97   Thumb Code     8  sysctl.o(.text)
    SysCtlResetBehaviorGet                   0x00002d9f   Thumb Code     8  sysctl.o(.text)
    SysCtlClockFreqSet                       0x00002da7   Thumb Code   666  sysctl.o(.text)
    SysCtlClockSet                           0x00003041   Thumb Code   342  sysctl.o(.text)
    SysCtlClockGet                           0x00003197   Thumb Code   326  sysctl.o(.text)
    SysCtlDeepSleepClockSet                  0x000032dd   Thumb Code     8  sysctl.o(.text)
    SysCtlDeepSleepClockConfigSet            0x000032e5   Thumb Code   110  sysctl.o(.text)
    SysCtlPWMClockSet                        0x00003353   Thumb Code    16  sysctl.o(.text)
    SysCtlPWMClockGet                        0x00003363   Thumb Code    24  sysctl.o(.text)
    SysCtlGPIOAHBEnable                      0x0000337b   Thumb Code    20  sysctl.o(.text)
    SysCtlGPIOAHBDisable                     0x0000338f   Thumb Code    20  sysctl.o(.text)
    SysCtlUSBPLLEnable                       0x000033a3   Thumb Code    14  sysctl.o(.text)
    SysCtlUSBPLLDisable                      0x000033b1   Thumb Code    14  sysctl.o(.text)
    SysCtlVoltageEventConfig                 0x000033bf   Thumb Code     6  sysctl.o(.text)
    SysCtlVoltageEventStatus                 0x000033c5   Thumb Code     6  sysctl.o(.text)
    SysCtlVoltageEventClear                  0x000033cb   Thumb Code    12  sysctl.o(.text)
    SysCtlVCOGet                             0x000033d7   Thumb Code   130  sysctl.o(.text)
    SysCtlNMIStatus                          0x00003459   Thumb Code     6  sysctl.o(.text)
    SysCtlNMIClear                           0x0000345f   Thumb Code    12  sysctl.o(.text)
    SysCtlClockOutConfig                     0x0000346b   Thumb Code    14  sysctl.o(.text)
    SysCtlAltClkConfig                       0x00003479   Thumb Code     8  sysctl.o(.text)
    SysTickEnable                            0x000034b9   Thumb Code    18  systick.o(.text)
    SysTickDisable                           0x000034cb   Thumb Code    18  systick.o(.text)
    SysTickIntRegister                       0x000034dd   Thumb Code    30  systick.o(.text)
    SysTickIntUnregister                     0x000034fb   Thumb Code    26  systick.o(.text)
    SysTickIntEnable                         0x00003515   Thumb Code    18  systick.o(.text)
    SysTickIntDisable                        0x00003527   Thumb Code    18  systick.o(.text)
    SysTickPeriodSet                         0x00003539   Thumb Code    10  systick.o(.text)
    SysTickPeriodGet                         0x00003543   Thumb Code    10  systick.o(.text)
    SysTickValueGet                          0x0000354d   Thumb Code     8  systick.o(.text)
    UARTParityModeSet                        0x0000358d   Thumb Code    12  uart.o(.text)
    UARTParityModeGet                        0x00003599   Thumb Code    10  uart.o(.text)
    UARTFIFOLevelSet                         0x000035a3   Thumb Code     8  uart.o(.text)
    UARTFIFOLevelGet                         0x000035ab   Thumb Code    18  uart.o(.text)
    UARTEnable                               0x000035bd   Thumb Code    20  uart.o(.text)
    UARTDisable                              0x000035d1   Thumb Code    32  uart.o(.text)
    UARTConfigSetExpClk                      0x000035f1   Thumb Code    76  uart.o(.text)
    UARTConfigGetExpClk                      0x0000363d   Thumb Code    44  uart.o(.text)
    UARTFIFOEnable                           0x00003669   Thumb Code    10  uart.o(.text)
    UARTFIFODisable                          0x00003673   Thumb Code    10  uart.o(.text)
    UARTEnableSIR                            0x0000367d   Thumb Code    22  uart.o(.text)
    UARTDisableSIR                           0x00003693   Thumb Code    10  uart.o(.text)
    UARTSmartCardEnable                      0x0000369d   Thumb Code    22  uart.o(.text)
    UARTSmartCardDisable                     0x000036b3   Thumb Code    10  uart.o(.text)
    UARTModemControlSet                      0x000036bd   Thumb Code    12  uart.o(.text)
    UARTModemControlClear                    0x000036c9   Thumb Code    12  uart.o(.text)
    UARTModemControlGet                      0x000036d5   Thumb Code    10  uart.o(.text)
    UARTModemStatusGet                       0x000036df   Thumb Code    12  uart.o(.text)
    UARTFlowControlSet                       0x000036eb   Thumb Code    12  uart.o(.text)
    UARTFlowControlGet                       0x000036f7   Thumb Code    10  uart.o(.text)
    UARTTxIntModeSet                         0x00003701   Thumb Code    12  uart.o(.text)
    UARTTxIntModeGet                         0x0000370d   Thumb Code    10  uart.o(.text)
    UARTCharsAvail                           0x00003717   Thumb Code    12  uart.o(.text)
    UARTSpaceAvail                           0x00003723   Thumb Code    12  uart.o(.text)
    UARTCharGetNonBlocking                   0x0000372f   Thumb Code    20  uart.o(.text)
    UARTCharGet                              0x00003743   Thumb Code    18  uart.o(.text)
    UARTCharPutNonBlocking                   0x00003755   Thumb Code    20  uart.o(.text)
    UARTCharPut                              0x00003769   Thumb Code    16  uart.o(.text)
    UARTBreakCtl                             0x00003779   Thumb Code    20  uart.o(.text)
    UARTBusy                                 0x0000378d   Thumb Code    10  uart.o(.text)
    UARTIntRegister                          0x00003797   Thumb Code    30  uart.o(.text)
    UARTIntUnregister                        0x000037b5   Thumb Code    26  uart.o(.text)
    UARTIntEnable                            0x000037cf   Thumb Code     8  uart.o(.text)
    UARTIntDisable                           0x000037d7   Thumb Code     8  uart.o(.text)
    UARTIntStatus                            0x000037df   Thumb Code    12  uart.o(.text)
    UARTIntClear                             0x000037eb   Thumb Code     4  uart.o(.text)
    UARTDMAEnable                            0x000037ef   Thumb Code     8  uart.o(.text)
    UARTDMADisable                           0x000037f7   Thumb Code     8  uart.o(.text)
    UARTRxErrorGet                           0x000037ff   Thumb Code    10  uart.o(.text)
    UARTRxErrorClear                         0x00003809   Thumb Code     6  uart.o(.text)
    UARTClockSourceSet                       0x0000380f   Thumb Code     6  uart.o(.text)
    UARTClockSourceGet                       0x00003815   Thumb Code     8  uart.o(.text)
    UART9BitEnable                           0x0000381d   Thumb Code    14  uart.o(.text)
    UART9BitDisable                          0x0000382b   Thumb Code    14  uart.o(.text)
    UART9BitAddrSet                          0x00003839   Thumb Code    10  uart.o(.text)
    UART9BitAddrSend                         0x00003843   Thumb Code    44  uart.o(.text)
    UARTLoopbackEnable                       0x0000386f   Thumb Code    10  uart.o(.text)
    Reset_Handler                            0x0000388d   Thumb Code     8  startup_tm4c123.o(.text)
    NMI_Handler                              0x00003895   Thumb Code     2  startup_tm4c123.o(.text)
    HardFault_Handler                        0x00003897   Thumb Code     2  startup_tm4c123.o(.text)
    MemManage_Handler                        0x00003899   Thumb Code     2  startup_tm4c123.o(.text)
    BusFault_Handler                         0x0000389b   Thumb Code     2  startup_tm4c123.o(.text)
    UsageFault_Handler                       0x0000389d   Thumb Code     2  startup_tm4c123.o(.text)
    SVC_Handler                              0x0000389f   Thumb Code     2  startup_tm4c123.o(.text)
    DebugMon_Handler                         0x000038a1   Thumb Code     2  startup_tm4c123.o(.text)
    PendSV_Handler                           0x000038a3   Thumb Code     2  startup_tm4c123.o(.text)
    SysTick_Handler                          0x000038a5   Thumb Code     2  startup_tm4c123.o(.text)
    GPIOA_Handler                            0x000038a7   Thumb Code     2  startup_tm4c123.o(.text)
    GPIOB_Handler                            0x000038a9   Thumb Code     2  startup_tm4c123.o(.text)
    GPIOC_Handler                            0x000038ab   Thumb Code     2  startup_tm4c123.o(.text)
    GPIOD_Handler                            0x000038ad   Thumb Code     2  startup_tm4c123.o(.text)
    GPIOE_Handler                            0x000038af   Thumb Code     2  startup_tm4c123.o(.text)
    UART0_Handler                            0x000038b1   Thumb Code     2  startup_tm4c123.o(.text)
    UART1_Handler                            0x000038b3   Thumb Code     2  startup_tm4c123.o(.text)
    SSI0_Handler                             0x000038b5   Thumb Code     2  startup_tm4c123.o(.text)
    I2C0_Handler                             0x000038b7   Thumb Code     2  startup_tm4c123.o(.text)
    PMW0_FAULT_Handler                       0x000038b9   Thumb Code     2  startup_tm4c123.o(.text)
    PWM0_0_Handler                           0x000038bb   Thumb Code     2  startup_tm4c123.o(.text)
    PWM0_1_Handler                           0x000038bd   Thumb Code     2  startup_tm4c123.o(.text)
    PWM0_2_Handler                           0x000038bf   Thumb Code     2  startup_tm4c123.o(.text)
    QEI0_Handler                             0x000038c1   Thumb Code     2  startup_tm4c123.o(.text)
    ADC0SS0_Handler                          0x000038c3   Thumb Code     2  startup_tm4c123.o(.text)
    ADC0SS1_Handler                          0x000038c5   Thumb Code     2  startup_tm4c123.o(.text)
    ADC0SS2_Handler                          0x000038c7   Thumb Code     2  startup_tm4c123.o(.text)
    ADC0SS3_Handler                          0x000038c9   Thumb Code     2  startup_tm4c123.o(.text)
    WDT0_Handler                             0x000038cb   Thumb Code     2  startup_tm4c123.o(.text)
    TIMER0A_Handler                          0x000038cd   Thumb Code     2  startup_tm4c123.o(.text)
    TIMER0B_Handler                          0x000038cf   Thumb Code     2  startup_tm4c123.o(.text)
    TIMER1A_Handler                          0x000038d1   Thumb Code     2  startup_tm4c123.o(.text)
    TIMER1B_Handler                          0x000038d3   Thumb Code     2  startup_tm4c123.o(.text)
    TIMER2A_Handler                          0x000038d5   Thumb Code     2  startup_tm4c123.o(.text)
    TIMER2B_Handler                          0x000038d7   Thumb Code     2  startup_tm4c123.o(.text)
    COMP0_Handler                            0x000038d9   Thumb Code     2  startup_tm4c123.o(.text)
    COMP1_Handler                            0x000038db   Thumb Code     2  startup_tm4c123.o(.text)
    COMP2_Handler                            0x000038dd   Thumb Code     2  startup_tm4c123.o(.text)
    SYSCTL_Handler                           0x000038df   Thumb Code     2  startup_tm4c123.o(.text)
    FLASH_Handler                            0x000038e1   Thumb Code     2  startup_tm4c123.o(.text)
    GPIOF_Handler                            0x000038e3   Thumb Code     2  startup_tm4c123.o(.text)
    GPIOG_Handler                            0x000038e5   Thumb Code     2  startup_tm4c123.o(.text)
    GPIOH_Handler                            0x000038e7   Thumb Code     2  startup_tm4c123.o(.text)
    UART2_Handler                            0x000038e9   Thumb Code     2  startup_tm4c123.o(.text)
    SSI1_Handler                             0x000038eb   Thumb Code     2  startup_tm4c123.o(.text)
    TIMER3A_Handler                          0x000038ed   Thumb Code     2  startup_tm4c123.o(.text)
    TIMER3B_Handler                          0x000038ef   Thumb Code     2  startup_tm4c123.o(.text)
    I2C1_Handler                             0x000038f1   Thumb Code     2  startup_tm4c123.o(.text)
    QEI1_Handler                             0x000038f3   Thumb Code     2  startup_tm4c123.o(.text)
    CAN0_Handler                             0x000038f5   Thumb Code     2  startup_tm4c123.o(.text)
    CAN1_Handler                             0x000038f7   Thumb Code     2  startup_tm4c123.o(.text)
    CAN2_Handler                             0x000038f9   Thumb Code     2  startup_tm4c123.o(.text)
    HIB_Handler                              0x000038fb   Thumb Code     2  startup_tm4c123.o(.text)
    USB0_Handler                             0x000038fd   Thumb Code     2  startup_tm4c123.o(.text)
    PWM0_3_Handler                           0x000038ff   Thumb Code     2  startup_tm4c123.o(.text)
    UDMA_Handler                             0x00003901   Thumb Code     2  startup_tm4c123.o(.text)
    UDMAERR_Handler                          0x00003903   Thumb Code     2  startup_tm4c123.o(.text)
    ADC1SS0_Handler                          0x00003905   Thumb Code     2  startup_tm4c123.o(.text)
    ADC1SS1_Handler                          0x00003907   Thumb Code     2  startup_tm4c123.o(.text)
    ADC1SS2_Handler                          0x00003909   Thumb Code     2  startup_tm4c123.o(.text)
    ADC1SS3_Handler                          0x0000390b   Thumb Code     2  startup_tm4c123.o(.text)
    GPIOJ_Handler                            0x0000390d   Thumb Code     2  startup_tm4c123.o(.text)
    GPIOK_Handler                            0x0000390f   Thumb Code     2  startup_tm4c123.o(.text)
    GPIOL_Handler                            0x00003911   Thumb Code     2  startup_tm4c123.o(.text)
    SSI2_Handler                             0x00003913   Thumb Code     2  startup_tm4c123.o(.text)
    SSI3_Handler                             0x00003915   Thumb Code     2  startup_tm4c123.o(.text)
    UART3_Handler                            0x00003917   Thumb Code     2  startup_tm4c123.o(.text)
    UART4_Handler                            0x00003919   Thumb Code     2  startup_tm4c123.o(.text)
    UART5_Handler                            0x0000391b   Thumb Code     2  startup_tm4c123.o(.text)
    UART6_Handler                            0x0000391d   Thumb Code     2  startup_tm4c123.o(.text)
    UART7_Handler                            0x0000391f   Thumb Code     2  startup_tm4c123.o(.text)
    I2C2_Handler                             0x00003921   Thumb Code     2  startup_tm4c123.o(.text)
    I2C3_Handler                             0x00003923   Thumb Code     2  startup_tm4c123.o(.text)
    TIMER4A_Handler                          0x00003925   Thumb Code     2  startup_tm4c123.o(.text)
    TIMER4B_Handler                          0x00003927   Thumb Code     2  startup_tm4c123.o(.text)
    TIMER5A_Handler                          0x00003929   Thumb Code     2  startup_tm4c123.o(.text)
    TIMER5B_Handler                          0x0000392b   Thumb Code     2  startup_tm4c123.o(.text)
    WTIMER0A_Handler                         0x0000392d   Thumb Code     2  startup_tm4c123.o(.text)
    WTIMER0B_Handler                         0x0000392f   Thumb Code     2  startup_tm4c123.o(.text)
    WTIMER1A_Handler                         0x00003931   Thumb Code     2  startup_tm4c123.o(.text)
    WTIMER1B_Handler                         0x00003933   Thumb Code     2  startup_tm4c123.o(.text)
    WTIMER2A_Handler                         0x00003935   Thumb Code     2  startup_tm4c123.o(.text)
    WTIMER2B_Handler                         0x00003937   Thumb Code     2  startup_tm4c123.o(.text)
    WTIMER3A_Handler                         0x00003939   Thumb Code     2  startup_tm4c123.o(.text)
    WTIMER3B_Handler                         0x0000393b   Thumb Code     2  startup_tm4c123.o(.text)
    WTIMER4A_Handler                         0x0000393d   Thumb Code     2  startup_tm4c123.o(.text)
    WTIMER4B_Handler                         0x0000393f   Thumb Code     2  startup_tm4c123.o(.text)
    WTIMER5A_Handler                         0x00003941   Thumb Code     2  startup_tm4c123.o(.text)
    WTIMER5B_Handler                         0x00003943   Thumb Code     2  startup_tm4c123.o(.text)
    FPU_Handler                              0x00003945   Thumb Code     2  startup_tm4c123.o(.text)
    I2C4_Handler                             0x00003947   Thumb Code     2  startup_tm4c123.o(.text)
    I2C5_Handler                             0x00003949   Thumb Code     2  startup_tm4c123.o(.text)
    GPIOM_Handler                            0x0000394b   Thumb Code     2  startup_tm4c123.o(.text)
    GPION_Handler                            0x0000394d   Thumb Code     2  startup_tm4c123.o(.text)
    QEI2_Handler                             0x0000394f   Thumb Code     2  startup_tm4c123.o(.text)
    GPIOP0_Handler                           0x00003951   Thumb Code     2  startup_tm4c123.o(.text)
    GPIOP1_Handler                           0x00003953   Thumb Code     2  startup_tm4c123.o(.text)
    GPIOP2_Handler                           0x00003955   Thumb Code     2  startup_tm4c123.o(.text)
    GPIOP3_Handler                           0x00003957   Thumb Code     2  startup_tm4c123.o(.text)
    GPIOP4_Handler                           0x00003959   Thumb Code     2  startup_tm4c123.o(.text)
    GPIOP5_Handler                           0x0000395b   Thumb Code     2  startup_tm4c123.o(.text)
    GPIOP6_Handler                           0x0000395d   Thumb Code     2  startup_tm4c123.o(.text)
    GPIOP7_Handler                           0x0000395f   Thumb Code     2  startup_tm4c123.o(.text)
    GPIOQ0_Handler                           0x00003961   Thumb Code     2  startup_tm4c123.o(.text)
    GPIOQ1_Handler                           0x00003963   Thumb Code     2  startup_tm4c123.o(.text)
    GPIOQ2_Handler                           0x00003965   Thumb Code     2  startup_tm4c123.o(.text)
    GPIOQ3_Handler                           0x00003967   Thumb Code     2  startup_tm4c123.o(.text)
    GPIOQ4_Handler                           0x00003969   Thumb Code     2  startup_tm4c123.o(.text)
    GPIOQ5_Handler                           0x0000396b   Thumb Code     2  startup_tm4c123.o(.text)
    GPIOQ6_Handler                           0x0000396d   Thumb Code     2  startup_tm4c123.o(.text)
    GPIOQ7_Handler                           0x0000396f   Thumb Code     2  startup_tm4c123.o(.text)
    GPIOR_Handler                            0x00003971   Thumb Code     2  startup_tm4c123.o(.text)
    GPIOS_Handler                            0x00003973   Thumb Code     2  startup_tm4c123.o(.text)
    PMW1_0_Handler                           0x00003975   Thumb Code     2  startup_tm4c123.o(.text)
    PWM1_1_Handler                           0x00003977   Thumb Code     2  startup_tm4c123.o(.text)
    PWM1_2_Handler                           0x00003979   Thumb Code     2  startup_tm4c123.o(.text)
    PWM1_3_Handler                           0x0000397b   Thumb Code     2  startup_tm4c123.o(.text)
    PWM1_FAULT_Handler                       0x0000397d   Thumb Code     2  startup_tm4c123.o(.text)
    __aeabi_memset                           0x00003989   Thumb Code    14  memseta.o(.text)
    __aeabi_memset4                          0x00003989   Thumb Code     0  memseta.o(.text)
    __aeabi_memset8                          0x00003989   Thumb Code     0  memseta.o(.text)
    __aeabi_memclr                           0x00003997   Thumb Code     4  memseta.o(.text)
    __aeabi_memclr4                          0x00003997   Thumb Code     0  memseta.o(.text)
    __aeabi_memclr8                          0x00003997   Thumb Code     0  memseta.o(.text)
    _memset$wrapper                          0x0000399b   Thumb Code    18  memseta.o(.text)
    __aeabi_dmul                             0x000039ad   Thumb Code   228  dmul.o(.text)
    __aeabi_f2d                              0x00003a91   Thumb Code    38  f2d.o(.text)
    __aeabi_uidiv                            0x00003ab7   Thumb Code     0  uidiv.o(.text)
    __aeabi_uidivmod                         0x00003ab7   Thumb Code    44  uidiv.o(.text)
    __aeabi_uldivmod                         0x00003ae3   Thumb Code    98  uldiv.o(.text)
    __aeabi_llsr                             0x00003b45   Thumb Code    32  llushr.o(.text)
    _ll_ushift_r                             0x00003b45   Thumb Code     0  llushr.o(.text)
    __I$use$fp                               0x00003b65   Thumb Code     0  iusefp.o(.text)
    _double_round                            0x00003b65   Thumb Code    30  depilogue.o(.text)
    _double_epilogue                         0x00003b83   Thumb Code   156  depilogue.o(.text)
    __aeabi_dadd                             0x00003c1f   Thumb Code   322  dadd.o(.text)
    __aeabi_dsub                             0x00003d61   Thumb Code     6  dadd.o(.text)
    __aeabi_drsub                            0x00003d67   Thumb Code     6  dadd.o(.text)
    __aeabi_ddiv                             0x00003d6d   Thumb Code   222  ddiv.o(.text)
    __aeabi_d2ulz                            0x00003e4b   Thumb Code    48  dfixul.o(.text)
    __aeabi_cdrcmple                         0x00003e7d   Thumb Code    48  cdrcmple.o(.text)
    __scatterload                            0x00003ead   Thumb Code    28  init.o(.text)
    __scatterload_rt2                        0x00003ead   Thumb Code     0  init.o(.text)
    __aeabi_llsl                             0x00003ed1   Thumb Code    30  llshl.o(.text)
    _ll_shift_l                              0x00003ed1   Thumb Code     0  llshl.o(.text)
    __aeabi_lasr                             0x00003eef   Thumb Code    36  llsshr.o(.text)
    _ll_sshift_r                             0x00003eef   Thumb Code     0  llsshr.o(.text)
    __decompress                             0x00003f13   Thumb Code     0  __dczerorl2.o(.text)
    __decompress1                            0x00003f13   Thumb Code    86  __dczerorl2.o(.text)
    __0sprintf                               0x00003f69   Thumb Code    34  printfa.o(i.__0sprintf)
    __1sprintf                               0x00003f69   Thumb Code     0  printfa.o(i.__0sprintf)
    __2sprintf                               0x00003f69   Thumb Code     0  printfa.o(i.__0sprintf)
    __c89sprintf                             0x00003f69   Thumb Code     0  printfa.o(i.__0sprintf)
    sprintf                                  0x00003f69   Thumb Code     0  printfa.o(i.__0sprintf)
    __0vsnprintf                             0x00003f91   Thumb Code    40  printfa.o(i.__0vsnprintf)
    __1vsnprintf                             0x00003f91   Thumb Code     0  printfa.o(i.__0vsnprintf)
    __2vsnprintf                             0x00003f91   Thumb Code     0  printfa.o(i.__0vsnprintf)
    __c89vsnprintf                           0x00003f91   Thumb Code     0  printfa.o(i.__0vsnprintf)
    vsnprintf                                0x00003f91   Thumb Code     0  printfa.o(i.__0vsnprintf)
    __scatterload_copy                       0x00003fbd   Thumb Code    14  handlers.o(i.__scatterload_copy)
    __scatterload_null                       0x00003fcb   Thumb Code     2  handlers.o(i.__scatterload_null)
    __scatterload_zeroinit                   0x00003fcd   Thumb Code    14  handlers.o(i.__scatterload_zeroinit)
    free                                     0x000048b1   Thumb Code    76  malloc.o(i.free)
    malloc                                   0x00004901   Thumb Code    92  malloc.o(i.malloc)
    tft_ascii                                0x00004988   Data        1520  tft18_font.o(.constdata)
    Region$$Table$$Base                      0x000055d4   Number         0  anon$$obj.o(Region$$Table)
    Region$$Table$$Limit                     0x000055f4   Number         0  anon$$obj.o(Region$$Table)
    ADC0Val                                  0x20000000   Data           4  main.o(.data)
    ADC1Val                                  0x20000004   Data           4  main.o(.data)
    DACVal                                   0x20000008   Data           4  main.o(.data)
    SystemCoreClock                          0x2000000c   Data           4  system_tm4c123.o(.data)
    __microlib_freelist                      0x20000034   Data           4  mvars.o(.data)
    __microlib_freelist_initialised          0x20000038   Data           4  mvars.o(.data)
    Buf                                      0x2000066c   Data          30  main.o(.bss)
    __heap_base                              0x200006a8   Data           0  startup_tm4c123.o(HEAP)
    __heap_limit                             0x200009a8   Data           0  startup_tm4c123.o(HEAP)
    __initial_sp                             0x200013a8   Data           0  startup_tm4c123.o(STACK)



==============================================================================

Memory Map of the image

  Image Entry point : 0x0000026d

  Load Region LR_IROM1 (Base: 0x00000000, Size: 0x00005c60, Max: 0x00040000, ABSOLUTE, COMPRESSED[0x00005610])

    Execution Region ER_IROM1 (Exec base: 0x00000000, Load base: 0x00000000, Size: 0x000055f4, Max: 0x00040000, ABSOLUTE)

    Exec Addr    Load Addr    Size         Type   Attr      Idx    E Section Name        Object

    0x00000000   0x00000000   0x0000026c   Data   RO           77    RESET               startup_tm4c123.o
    0x0000026c   0x0000026c   0x00000000   Code   RO           79  * .ARM.Collect$$$$00000000  mc_w.l(entry.o)
    0x0000026c   0x0000026c   0x00000004   Code   RO          232    .ARM.Collect$$$$00000001  mc_w.l(entry2.o)
    0x00000270   0x00000270   0x00000004   Code   RO          235    .ARM.Collect$$$$00000004  mc_w.l(entry5.o)
    0x00000274   0x00000274   0x00000000   Code   RO          237    .ARM.Collect$$$$00000008  mc_w.l(entry7b.o)
    0x00000274   0x00000274   0x00000000   Code   RO          239    .ARM.Collect$$$$0000000A  mc_w.l(entry8b.o)
    0x00000274   0x00000274   0x00000008   Code   RO          240    .ARM.Collect$$$$0000000B  mc_w.l(entry9a.o)
    0x0000027c   0x0000027c   0x00000000   Code   RO          242    .ARM.Collect$$$$0000000D  mc_w.l(entry10a.o)
    0x0000027c   0x0000027c   0x00000000   Code   RO          244    .ARM.Collect$$$$0000000F  mc_w.l(entry11a.o)
    0x0000027c   0x0000027c   0x00000004   Code   RO          233    .ARM.Collect$$$$00002712  mc_w.l(entry2.o)
    0x00000280   0x00000280   0x00000026   Code   RO           35    .emb_text           cpu.o
    0x000002a6   0x000002a6   0x00000002   PAD
    0x000002a8   0x000002a8   0x00000006   Code   RO           63    .emb_text           sysctl.o
    0x000002ae   0x000002ae   0x00000002   PAD
    0x000002b0   0x000002b0   0x00000168   Code   RO            1    .text               main.o
    0x00000418   0x00000418   0x0000024c   Code   RO            7    .text               system_tm4c123.o
    0x00000664   0x00000664   0x000000a0   Code   RO            9    .text               system.o
    0x00000704   0x00000704   0x000003b8   Code   RO           11    .text               uartstdio.o
    0x00000abc   0x00000abc   0x0000010c   Code   RO           15    .text               myuart.o
    0x00000bc8   0x00000bc8   0x000007ac   Code   RO           22    .text               tft18.o
    0x00001374   0x00001374   0x000001b8   Code   RO           24    .text               adc.o
    0x0000152c   0x0000152c   0x000001a0   Code   RO           26    .text               key.o
    0x000016cc   0x000016cc   0x00000478   Code   RO           29    .text               adc_1.o
    0x00001b44   0x00001b44   0x000000a4   Code   RO           44    .text               fpu.o
    0x00001be8   0x00001be8   0x000007dc   Code   RO           45    .text               gpio.o
    0x000023c4   0x000023c4   0x00000330   Code   RO           50    .text               interrupt.o
    0x000026f4   0x000026f4   0x000001d8   Code   RO           59    .text               ssi.o
    0x000028cc   0x000028cc   0x00000bec   Code   RO           64    .text               sysctl.o
    0x000034b8   0x000034b8   0x0000009c   Code   RO           67    .text               systick.o
    0x00003554   0x00003554   0x00000338   Code   RO           70    .text               uart.o
    0x0000388c   0x0000388c   0x000000fc   Code   RO           78    .text               startup_tm4c123.o
    0x00003988   0x00003988   0x00000024   Code   RO           82    .text               mc_w.l(memseta.o)
    0x000039ac   0x000039ac   0x000000e4   Code   RO          228    .text               mf_w.l(dmul.o)
    0x00003a90   0x00003a90   0x00000026   Code   RO          231    .text               mf_w.l(f2d.o)
    0x00003ab6   0x00003ab6   0x0000002c   Code   RO          248    .text               mc_w.l(uidiv.o)
    0x00003ae2   0x00003ae2   0x00000062   Code   RO          249    .text               mc_w.l(uldiv.o)
    0x00003b44   0x00003b44   0x00000020   Code   RO          250    .text               mc_w.l(llushr.o)
    0x00003b64   0x00003b64   0x00000000   Code   RO          255    .text               mc_w.l(iusefp.o)
    0x00003b64   0x00003b64   0x000000ba   Code   RO          256    .text               mf_w.l(depilogue.o)
    0x00003c1e   0x00003c1e   0x0000014e   Code   RO          257    .text               mf_w.l(dadd.o)
    0x00003d6c   0x00003d6c   0x000000de   Code   RO          258    .text               mf_w.l(ddiv.o)
    0x00003e4a   0x00003e4a   0x00000030   Code   RO          259    .text               mf_w.l(dfixul.o)
    0x00003e7a   0x00003e7a   0x00000002   PAD
    0x00003e7c   0x00003e7c   0x00000030   Code   RO          260    .text               mf_w.l(cdrcmple.o)
    0x00003eac   0x00003eac   0x00000024   Code   RO          261    .text               mc_w.l(init.o)
    0x00003ed0   0x00003ed0   0x0000001e   Code   RO          263    .text               mc_w.l(llshl.o)
    0x00003eee   0x00003eee   0x00000024   Code   RO          264    .text               mc_w.l(llsshr.o)
    0x00003f12   0x00003f12   0x00000056   Code   RO          271    .text               mc_w.l(__dczerorl2.o)
    0x00003f68   0x00003f68   0x00000028   Code   RO          202    i.__0sprintf        mc_w.l(printfa.o)
    0x00003f90   0x00003f90   0x0000002c   Code   RO          205    i.__0vsnprintf      mc_w.l(printfa.o)
    0x00003fbc   0x00003fbc   0x0000000e   Code   RO          268    i.__scatterload_copy  mc_w.l(handlers.o)
    0x00003fca   0x00003fca   0x00000002   Code   RO          269    i.__scatterload_null  mc_w.l(handlers.o)
    0x00003fcc   0x00003fcc   0x0000000e   Code   RO          270    i.__scatterload_zeroinit  mc_w.l(handlers.o)
    0x00003fda   0x00003fda   0x00000002   PAD
    0x00003fdc   0x00003fdc   0x00000184   Code   RO          207    i._fp_digits        mc_w.l(printfa.o)
    0x00004160   0x00004160   0x000006dc   Code   RO          208    i._printf_core      mc_w.l(printfa.o)
    0x0000483c   0x0000483c   0x00000024   Code   RO          209    i._printf_post_padding  mc_w.l(printfa.o)
    0x00004860   0x00004860   0x0000002e   Code   RO          210    i._printf_pre_padding  mc_w.l(printfa.o)
    0x0000488e   0x0000488e   0x00000016   Code   RO          211    i._snputc           mc_w.l(printfa.o)
    0x000048a4   0x000048a4   0x0000000a   Code   RO          212    i._sputc            mc_w.l(printfa.o)
    0x000048ae   0x000048ae   0x00000002   PAD
    0x000048b0   0x000048b0   0x00000050   Code   RO          214    i.free              mc_w.l(malloc.o)
    0x00004900   0x00004900   0x0000006c   Code   RO          215    i.malloc            mc_w.l(malloc.o)
    0x0000496c   0x0000496c   0x0000001c   Data   RO           12    .constdata          uartstdio.o
    0x00004988   0x00004988   0x000005f0   Data   RO           23    .constdata          tft18_font.o
    0x00004f78   0x00004f78   0x00000228   Data   RO           46    .constdata          gpio.o
    0x000051a0   0x000051a0   0x0000010c   Data   RO           51    .constdata          interrupt.o
    0x000052ac   0x000052ac   0x00000040   Data   RO           60    .constdata          ssi.o
    0x000052ec   0x000052ec   0x00000254   Data   RO           65    .constdata          sysctl.o
    0x00005540   0x00005540   0x00000080   Data   RO           71    .constdata          uart.o
    0x000055c0   0x000055c0   0x00000011   Data   RO           13    .conststring        uartstdio.o
    0x000055d1   0x000055d1   0x00000003   PAD
    0x000055d4   0x000055d4   0x00000020   Data   RO          266    Region$$Table       anon$$obj.o


    Execution Region RW_IRAM1 (Exec base: 0x20000000, Load base: 0x000055f4, Size: 0x000013a8, Max: 0x00008000, ABSOLUTE, COMPRESSED[0x0000001c])

    Exec Addr    Load Addr    Size         Type   Attr      Idx    E Section Name        Object

    0x20000000   COMPRESSED   0x0000000c   Data   RW            3    .data               main.o
    0x2000000c   COMPRESSED   0x00000004   Data   RW            8    .data               system_tm4c123.o
    0x20000010   COMPRESSED   0x00000004   Data   RW           10    .data               system.o
    0x20000014   COMPRESSED   0x00000005   Data   RW           14    .data               uartstdio.o
    0x20000019   COMPRESSED   0x00000003   PAD
    0x2000001c   COMPRESSED   0x00000010   Data   RW           27    .data               key.o
    0x2000002c   COMPRESSED   0x00000006   Data   RW           30    .data               adc_1.o
    0x20000032   COMPRESSED   0x00000002   PAD
    0x20000034   COMPRESSED   0x00000004   Data   RW          253    .data               mc_w.l(mvars.o)
    0x20000038   COMPRESSED   0x00000004   Data   RW          254    .data               mc_w.l(mvars.o)
    0x2000003c   COMPRESSED   0x000003c4   PAD
    0x20000400   COMPRESSED   0x0000026c   Data   RW           52    vtable              interrupt.o
    0x2000066c        -       0x0000001e   Zero   RW            2    .bss                main.o
    0x2000068a   COMPRESSED   0x00000002   PAD
    0x2000068c        -       0x00000018   Zero   RW           25    .bss                adc.o
    0x200006a4   COMPRESSED   0x00000004   PAD
    0x200006a8        -       0x00000300   Zero   RW           76    HEAP                startup_tm4c123.o
    0x200009a8        -       0x00000a00   Zero   RW           75    STACK               startup_tm4c123.o


==============================================================================

Image component sizes


      Code (inc. data)   RO Data    RW Data    ZI Data      Debug   Object Name

       440         38          0          0         24          0   adc.o
      1144         24          0          6          0          0   adc_1.o
        38          0          0          0          0          0   cpu.o
       164         10          0          0          0          0   fpu.o
      2012         28        552          0          0          0   gpio.o
       816         46        268        620          0          0   interrupt.o
       416         36          0         16          0          0   key.o
       360         98          0         12         30          0   main.o
       268         12          0          0          0          0   myuart.o
       472         22         64          0          0          0   ssi.o
       252         10        620          0       3328          0   startup_tm4c123.o
      3058        168        596          0          0          0   sysctl.o
       160          4          0          4          0          0   system.o
       588        134          0          4          0          0   system_tm4c123.o
       156          0          0          0          0          0   systick.o
      1964         38          0          0          0          0   tft18.o
         0          0       1520          0          0          0   tft18_font.o
       824         20        128          0          0          0   uart.o
       952         40         45          5          0          0   uartstdio.o

    ----------------------------------------------------------------------
     14088        728       3828        672       3388          0   Object Totals
         0          0         32          0          0          0   (incl. Generated)
         4          0          3          5          6          0   (incl. Padding)

    ----------------------------------------------------------------------

      Code (inc. data)   RO Data    RW Data    ZI Data      Debug   Library Member Name

        86          0          0          0          0          0   __dczerorl2.o
         0          0          0          0          0          0   entry.o
         0          0          0          0          0          0   entry10a.o
         0          0          0          0          0          0   entry11a.o
         8          4          0          0          0          0   entry2.o
         4          0          0          0          0          0   entry5.o
         0          0          0          0          0          0   entry7b.o
         0          0          0          0          0          0   entry8b.o
         8          4          0          0          0          0   entry9a.o
        30          0          0          0          0          0   handlers.o
        36          8          0          0          0          0   init.o
         0          0          0          0          0          0   iusefp.o
        30          0          0          0          0          0   llshl.o
        36          0          0          0          0          0   llsshr.o
        32          0          0          0          0          0   llushr.o
       188         20          0          0          0          0   malloc.o
        36          0          0          0          0          0   memseta.o
         0          0          0          8          0          0   mvars.o
      2342         90          0          0          0          0   printfa.o
        44          0          0          0          0          0   uidiv.o
        98          0          0          0          0          0   uldiv.o
        48          0          0          0          0          0   cdrcmple.o
       334          0          0          0          0          0   dadd.o
       222          0          0          0          0          0   ddiv.o
       186          0          0          0          0          0   depilogue.o
        48          0          0          0          0          0   dfixul.o
       228          0          0          0          0          0   dmul.o
        38          0          0          0          0          0   f2d.o

    ----------------------------------------------------------------------
      4088        126          0        972          0          0   Library Totals
         6          0          0        964          0          0   (incl. Padding)

    ----------------------------------------------------------------------

      Code (inc. data)   RO Data    RW Data    ZI Data      Debug   Library Name

      2978        126          0          8          0          0   mc_w.l
      1104          0          0          0          0          0   mf_w.l

    ----------------------------------------------------------------------
      4088        126          0        972          0          0   Library Totals

    ----------------------------------------------------------------------

==============================================================================


      Code (inc. data)   RO Data    RW Data    ZI Data      Debug   

     18176        854       3828       1644       3388          0   Grand Totals
     18176        854       3828         28       3388          0   ELF Image Totals (compressed)
     18176        854       3828         28          0          0   ROM Totals

==============================================================================

    Total RO  Size (Code + RO Data)                22004 (  21.49kB)
    Total RW  Size (RW Data + ZI Data)              5032 (   4.91kB)
    Total ROM Size (Code + RO Data + RW Data)      22032 (  21.52kB)

==============================================================================

