Component: ARM Compiler 6.14 Tool: armlink [5db06800]

==============================================================================

Section Cross References

    main.o(.text) refers to fpu.o(.text) for FPUEnable
    main.o(.text) refers to sysctl.o(.text) for SysCtlClockSet
    main.o(.text) refers to system.o(.text) for SysTickInit
    main.o(.text) refers to myuart.o(.text) for UART0Init
    main.o(.ARM.exidx) refers to main.o(.text) for [Anonymous Symbol]
    system_tm4c123.o(.text) refers to system_tm4c123.o(.rodata..Lswitch.table.SystemCoreClockUpdate.1) for .Lswitch.table.SystemCoreClockUpdate.1
    system_tm4c123.o(.text) refers to system_tm4c123.o(.data.SystemCoreClock) for SystemCoreClock
    system_tm4c123.o(.ARM.exidx) refers to system_tm4c123.o(.text) for [Anonymous Symbol]
    system.o(.text) refers to sysctl.o(.text) for SysCtlClockGet
    system.o(.text) refers to systick.o(.text) for SysTickPeriodSet
    system.o(.text) refers to interrupt.o(.text) for IntMasterEnable
    system.o(.text) refers to system.o(.bss.SysTime_ms) for SysTime_ms
    system.o(.ARM.exidx) refers to system.o(.text) for [Anonymous Symbol]
    uartstdio.o(.text) refers to uartstdio.o(.bss..L_MergedGlobals) for .L_MergedGlobals
    uartstdio.o(.text) refers to memseta.o(.text) for __aeabi_memset
    uartstdio.o(.ARM.exidx) refers to uartstdio.o(.text) for [Anonymous Symbol]
    myuart.o(.text) refers to uart.o(.text) for UARTIntStatus
    myuart.o(.text) refers to sysctl.o(.text) for SysCtlPeripheralEnable
    myuart.o(.text) refers to gpio.o(.text) for GPIOPinConfigure
    myuart.o(.text) refers to uartstdio.o(.text) for UARTStdioConfig
    myuart.o(.text) refers to interrupt.o(.text) for IntPrioritySet
    myuart.o(.text) refers to printfa.o(i.__0vsnprintf) for vsnprintf
    myuart.o(.text) refers to malloc.o(i.malloc) for malloc
    myuart.o(.text) refers to malloc.o(i.free) for free
    myuart.o(.ARM.exidx) refers to myuart.o(.text) for [Anonymous Symbol]
    mypwm.o(.text) refers to sysctl.o(.text) for SysCtlPWMClockSet
    mypwm.o(.text) refers to gpio.o(.text) for GPIOPinConfigure
    mypwm.o(.text) refers to pwm.o(.text) for PWMGenConfigure
    mypwm.o(.text) refers to dfltui.o(.text) for __aeabi_ui2d
    mypwm.o(.text) refers to dmul.o(.text) for __aeabi_dmul
    mypwm.o(.text) refers to dfixui.o(.text) for __aeabi_d2uiz
    mypwm.o(.ARM.exidx) refers to mypwm.o(.text) for [Anonymous Symbol]
    myiic.o(.text) refers to sysctl.o(.text) for SysCtlPeripheralEnable
    myiic.o(.text) refers to gpio.o(.text) for GPIOPinConfigure
    myiic.o(.text) refers to i2c.o(.text) for I2CMasterInitExpClk
    myiic.o(.ARM.exidx) refers to myiic.o(.text) for [Anonymous Symbol]
    myspi.o(.text) refers to sysctl.o(.text) for SysCtlPeripheralEnable
    myspi.o(.text) refers to gpio.o(.text) for GPIOPinConfigure
    myspi.o(.text) refers to ssi.o(.text) for SSIConfigSetExpClk
    myspi.o(.ARM.exidx) refers to myspi.o(.text) for [Anonymous Symbol]
    oled.o(.text) refers to sysctl.o(.text) for SysCtlPeripheralEnable
    oled.o(.text) refers to gpio.o(.text) for GPIOPinTypeGPIOOutput
    oled.o(.text) refers to myiic.o(.text) for myIICWriteLen
    oled.o(.text) refers to oled.o(.bss.OLED_Protocal) for OLED_Protocal
    oled.o(.text) refers to myspi.o(.text) for mySPITransmit
    oled.o(.text) refers to oled.o(.rodata.F8X16) for F8X16
    oled.o(.text) refers to oled.o(.rodata.F6x8) for F6x8
    oled.o(.text) refers to oled.o(.data.Hzk) for Hzk
    oled.o(.text) refers to system.o(.text) for Delay_ms
    oled.o(.ARM.exidx) refers to oled.o(.text) for [Anonymous Symbol]
    tft18.o(.text) refers to gpio.o(.text) for GPIOPinWrite
    tft18.o(.text) refers to ssi.o(.text) for SSIDataPut
    tft18.o(.text) refers to sysctl.o(.text) for SysCtlPeripheralEnable
    tft18.o(.text) refers to tft18_font.o(.rodata.tft_ascii) for tft_ascii
    tft18.o(.ARM.exidx) refers to tft18.o(.text) for [Anonymous Symbol]
    adc.o(.text) refers to sysctl.o(.text) for SysCtlPeripheralEnable
    adc.o(.text) refers to gpio.o(.text) for GPIOPinTypeADC
    adc.o(.text) refers to adc_1.o(.text) for ADCSequenceConfigure
    adc.o(.text) refers to adc.o(.bss..L_MergedGlobals) for .L_MergedGlobals
    adc.o(.ARM.exidx) refers to adc.o(.text) for [Anonymous Symbol]
    key.o(.text) refers to sysctl.o(.text) for SysCtlPeripheralEnable
    key.o(.text) refers to gpio.o(.text) for GPIOPinTypeGPIOInput
    key.o(.text) refers to key.o(.data.Key1.LastState) for Key1.LastState
    key.o(.text) refers to system.o(.text) for Delay_ms
    key.o(.text) refers to key.o(.data.Key2.LastState) for Key2.LastState
    key.o(.ARM.exidx) refers to key.o(.text) for [Anonymous Symbol]
    dac081s101.o(.text) refers to sysctl.o(.text) for SysCtlPeripheralEnable
    dac081s101.o(.text) refers to gpio.o(.text) for GPIOPinTypeGPIOOutput
    dac081s101.o(.ARM.exidx) refers to dac081s101.o(.text) for [Anonymous Symbol]
    adc_1.o(.text) refers to interrupt.o(.text) for IntRegister
    adc_1.o(.text) refers to adc_1.o(.bss.g_pui8OversampleFactor) for g_pui8OversampleFactor
    adc_1.o(.ARM.exidx) refers to adc_1.o(.text) for [Anonymous Symbol]
    aes.o(.text) refers to interrupt.o(.text) for IntRegister
    aes.o(.ARM.exidx) refers to aes.o(.text) for [Anonymous Symbol]
    can.o(.text) refers to interrupt.o(.text) for IntRegister
    can.o(.ARM.exidx) refers to can.o(.text) for [Anonymous Symbol]
    comp.o(.text) refers to interrupt.o(.text) for IntRegister
    comp.o(.ARM.exidx) refers to comp.o(.text) for [Anonymous Symbol]
    cpu.o(.ARM.exidx) refers to cpu.o(.text) for [Anonymous Symbol]
    crc.o(.ARM.exidx) refers to crc.o(.text) for [Anonymous Symbol]
    des.o(.text) refers to interrupt.o(.text) for IntRegister
    des.o(.ARM.exidx) refers to des.o(.text) for [Anonymous Symbol]
    eeprom.o(.text) refers to sysctl.o(.text) for SysCtlDelay
    eeprom.o(.ARM.exidx) refers to eeprom.o(.text) for [Anonymous Symbol]
    emac.o(.text) refers to sysctl.o(.text) for SysCtlPeripheralReset
    emac.o(.text) refers to sw_crc.o(.text) for Crc32
    emac.o(.text) refers to interrupt.o(.text) for IntRegister
    emac.o(.ARM.exidx) refers to emac.o(.text) for [Anonymous Symbol]
    epi.o(.text) refers to interrupt.o(.text) for IntRegister
    epi.o(.ARM.exidx) refers to epi.o(.text) for [Anonymous Symbol]
    flash.o(.text) refers to flash.o(.rodata.g_pui32FMPRERegs) for g_pui32FMPRERegs
    flash.o(.text) refers to flash.o(.rodata.g_pui32FMPPERegs) for g_pui32FMPPERegs
    flash.o(.text) refers to interrupt.o(.text) for IntRegister
    flash.o(.ARM.exidx) refers to flash.o(.text) for [Anonymous Symbol]
    fpu.o(.ARM.exidx) refers to fpu.o(.text) for [Anonymous Symbol]
    gpio.o(.text) refers to gpio.o(.rodata.g_ppui32GPIOIntMapSnowflake) for g_ppui32GPIOIntMapSnowflake
    gpio.o(.text) refers to gpio.o(.rodata.g_ppui32GPIOIntMapBlizzard) for g_ppui32GPIOIntMapBlizzard
    gpio.o(.text) refers to interrupt.o(.text) for IntRegister
    gpio.o(.text) refers to gpio.o(.rodata.g_pui32GPIOBaseAddrs) for g_pui32GPIOBaseAddrs
    gpio.o(.ARM.exidx) refers to gpio.o(.text) for [Anonymous Symbol]
    hibernate.o(.text) refers to interrupt.o(.text) for IntRegister
    hibernate.o(.ARM.exidx) refers to hibernate.o(.text) for [Anonymous Symbol]
    i2c.o(.text) refers to i2c.o(.rodata.g_ppui32I2CIntMap) for g_ppui32I2CIntMap
    i2c.o(.text) refers to i2c.o(.rodata.g_ppui32I2CIntMapSnowflake) for g_ppui32I2CIntMapSnowflake
    i2c.o(.text) refers to interrupt.o(.text) for IntRegister
    i2c.o(.ARM.exidx) refers to i2c.o(.text) for [Anonymous Symbol]
    interrupt.o(.text) refers to cpu.o(.text) for CPUcpsie
    interrupt.o(.text) refers to interrupt.o(vtable) for g_pfnRAMVectors
    interrupt.o(.text) refers to interrupt.o(.rodata.g_pui32Regs) for g_pui32Regs
    interrupt.o(.text) refers to interrupt.o(.rodata.g_pui32EnRegs) for g_pui32EnRegs
    interrupt.o(.text) refers to interrupt.o(.rodata.g_pui32Dii16Regs) for g_pui32Dii16Regs
    interrupt.o(.text) refers to interrupt.o(.rodata.g_pui32PendRegs) for g_pui32PendRegs
    interrupt.o(.text) refers to interrupt.o(.rodata.g_pui32UnpendRegs) for g_pui32UnpendRegs
    interrupt.o(.ARM.exidx) refers to interrupt.o(.text) for [Anonymous Symbol]
    lcd.o(.text) refers to sysctl.o(.text) for SysCtlDelay
    lcd.o(.text) refers to interrupt.o(.text) for IntRegister
    lcd.o(.ARM.exidx) refers to lcd.o(.text) for [Anonymous Symbol]
    mpu.o(.text) refers to interrupt.o(.text) for IntRegister
    mpu.o(.ARM.exidx) refers to mpu.o(.text) for [Anonymous Symbol]
    onewire.o(.text) refers to interrupt.o(.text) for IntRegister
    onewire.o(.text) refers to sysctl.o(.text) for SysCtlDelay
    onewire.o(.ARM.exidx) refers to onewire.o(.text) for [Anonymous Symbol]
    pwm.o(.text) refers to interrupt.o(.text) for IntRegister
    pwm.o(.ARM.exidx) refers to pwm.o(.text) for [Anonymous Symbol]
    qei.o(.text) refers to interrupt.o(.text) for IntRegister
    qei.o(.ARM.exidx) refers to qei.o(.text) for [Anonymous Symbol]
    shamd5.o(.text) refers to interrupt.o(.text) for IntRegister
    shamd5.o(.text) refers to shamd5.o(.rodata..Lswitch.table.SHAMD5HMACProcess) for .Lswitch.table.SHAMD5HMACProcess
    shamd5.o(.ARM.exidx) refers to shamd5.o(.text) for [Anonymous Symbol]
    ssi.o(.text) refers to ssi.o(.rodata.cst32) for g_ppui32SSIIntMapSnowflake
    ssi.o(.text) refers to interrupt.o(.text) for IntRegister
    ssi.o(.ARM.exidx) refers to ssi.o(.text) for [Anonymous Symbol]
    sw_crc.o(.text) refers to sw_crc.o(.rodata.g_pui8Crc8CCITT) for g_pui8Crc8CCITT
    sw_crc.o(.text) refers to sw_crc.o(.rodata.g_pui16Crc16) for g_pui16Crc16
    sw_crc.o(.text) refers to sw_crc.o(.rodata.g_pui32Crc32) for g_pui32Crc32
    sw_crc.o(.ARM.exidx) refers to sw_crc.o(.text) for [Anonymous Symbol]
    sysctl.o(.text) refers to interrupt.o(.text) for IntRegister
    sysctl.o(.text) refers to cpu.o(.text) for CPUwfi
    sysctl.o(.text) refers to sysctl.o(.rodata.g_pui32Xtals) for g_pui32Xtals
    sysctl.o(.text) refers to sysctl.o(.rodata.g_sXTALtoMEMTIM) for g_sXTALtoMEMTIM
    sysctl.o(.text) refers to sysctl.o(.rodata.g_pppui32XTALtoVCO) for g_pppui32XTALtoVCO
    sysctl.o(.ARM.exidx) refers to sysctl.o(.text) for [Anonymous Symbol]
    sysexc.o(.text) refers to interrupt.o(.text) for IntRegister
    sysexc.o(.ARM.exidx) refers to sysexc.o(.text) for [Anonymous Symbol]
    systick.o(.text) refers to interrupt.o(.text) for IntRegister
    systick.o(.ARM.exidx) refers to systick.o(.text) for [Anonymous Symbol]
    timer.o(.text) refers to timer.o(.rodata.g_ppui32TimerIntMapSnowflake) for g_ppui32TimerIntMapSnowflake
    timer.o(.text) refers to timer.o(.rodata.g_ppui32TimerIntMap) for g_ppui32TimerIntMap
    timer.o(.text) refers to interrupt.o(.text) for IntRegister
    timer.o(.ARM.exidx) refers to timer.o(.text) for [Anonymous Symbol]
    uart.o(.text) refers to uart.o(.rodata.g_ppui32UARTIntMapSnowflake) for g_ppui32UARTIntMapSnowflake
    uart.o(.text) refers to uart.o(.rodata.g_ppui32UARTIntMap) for g_ppui32UARTIntMap
    uart.o(.text) refers to interrupt.o(.text) for IntRegister
    uart.o(.ARM.exidx) refers to uart.o(.text) for [Anonymous Symbol]
    udma.o(.text) refers to interrupt.o(.text) for IntRegister
    udma.o(.ARM.exidx) refers to udma.o(.text) for [Anonymous Symbol]
    usb.o(.text) refers to interrupt.o(.text) for IntRegister
    usb.o(.ARM.exidx) refers to usb.o(.text) for [Anonymous Symbol]
    watchdog.o(.text) refers to interrupt.o(.text) for IntRegister
    watchdog.o(.ARM.exidx) refers to watchdog.o(.text) for [Anonymous Symbol]
    startup_tm4c123.o(RESET) refers to startup_tm4c123.o(STACK) for __initial_sp
    startup_tm4c123.o(RESET) refers to startup_tm4c123.o(.text) for Reset_Handler
    startup_tm4c123.o(.text) refers to system_tm4c123.o(.text) for SystemInit
    startup_tm4c123.o(.text) refers to entry.o(.ARM.Collect$$$$00000000) for __main
    entry.o(.ARM.Collect$$$$00000000) refers (Special) to entry10a.o(.ARM.Collect$$$$0000000D) for __rt_final_cpp
    entry.o(.ARM.Collect$$$$00000000) refers (Special) to entry11a.o(.ARM.Collect$$$$0000000F) for __rt_final_exit
    entry.o(.ARM.Collect$$$$00000000) refers (Special) to entry7b.o(.ARM.Collect$$$$00000008) for _main_clock
    entry.o(.ARM.Collect$$$$00000000) refers (Special) to entry8b.o(.ARM.Collect$$$$0000000A) for _main_cpp_init
    entry.o(.ARM.Collect$$$$00000000) refers (Special) to entry9a.o(.ARM.Collect$$$$0000000B) for _main_init
    entry.o(.ARM.Collect$$$$00000000) refers (Special) to entry5.o(.ARM.Collect$$$$00000004) for _main_scatterload
    entry.o(.ARM.Collect$$$$00000000) refers (Special) to entry2.o(.ARM.Collect$$$$00000001) for _main_stk
    printfa.o(i.__0fprintf) refers (Special) to iusefp.o(.text) for __I$use$fp
    printfa.o(i.__0fprintf) refers to printfa.o(i._printf_core) for _printf_core
    printfa.o(i.__0fprintf) refers to fputc.o(i.fputc) for fputc
    printfa.o(i.__0printf) refers (Special) to iusefp.o(.text) for __I$use$fp
    printfa.o(i.__0printf) refers to printfa.o(i._printf_core) for _printf_core
    printfa.o(i.__0printf) refers to fputc.o(i.fputc) for fputc
    printfa.o(i.__0printf) refers to stdout.o(.data) for __stdout
    printfa.o(i.__0snprintf) refers (Special) to iusefp.o(.text) for __I$use$fp
    printfa.o(i.__0snprintf) refers to printfa.o(i._printf_core) for _printf_core
    printfa.o(i.__0snprintf) refers to printfa.o(i._snputc) for _snputc
    printfa.o(i.__0sprintf) refers (Special) to iusefp.o(.text) for __I$use$fp
    printfa.o(i.__0sprintf) refers to printfa.o(i._printf_core) for _printf_core
    printfa.o(i.__0sprintf) refers to printfa.o(i._sputc) for _sputc
    printfa.o(i.__0vfprintf) refers (Special) to iusefp.o(.text) for __I$use$fp
    printfa.o(i.__0vfprintf) refers to printfa.o(i._printf_core) for _printf_core
    printfa.o(i.__0vfprintf) refers to fputc.o(i.fputc) for fputc
    printfa.o(i.__0vprintf) refers (Special) to iusefp.o(.text) for __I$use$fp
    printfa.o(i.__0vprintf) refers to printfa.o(i._printf_core) for _printf_core
    printfa.o(i.__0vprintf) refers to fputc.o(i.fputc) for fputc
    printfa.o(i.__0vprintf) refers to stdout.o(.data) for __stdout
    printfa.o(i.__0vsnprintf) refers (Special) to iusefp.o(.text) for __I$use$fp
    printfa.o(i.__0vsnprintf) refers to printfa.o(i._printf_core) for _printf_core
    printfa.o(i.__0vsnprintf) refers to printfa.o(i._snputc) for _snputc
    printfa.o(i.__0vsprintf) refers (Special) to iusefp.o(.text) for __I$use$fp
    printfa.o(i.__0vsprintf) refers to printfa.o(i._printf_core) for _printf_core
    printfa.o(i.__0vsprintf) refers to printfa.o(i._sputc) for _sputc
    printfa.o(i._fp_digits) refers (Special) to iusefp.o(.text) for __I$use$fp
    printfa.o(i._fp_digits) refers to dmul.o(.text) for __aeabi_dmul
    printfa.o(i._fp_digits) refers to ddiv.o(.text) for __aeabi_ddiv
    printfa.o(i._fp_digits) refers to cdrcmple.o(.text) for __aeabi_cdrcmple
    printfa.o(i._fp_digits) refers to dadd.o(.text) for __aeabi_dadd
    printfa.o(i._fp_digits) refers to dfixul.o(.text) for __aeabi_d2ulz
    printfa.o(i._fp_digits) refers to uldiv.o(.text) for __aeabi_uldivmod
    printfa.o(i._printf_core) refers (Special) to iusefp.o(.text) for __I$use$fp
    printfa.o(i._printf_core) refers to printfa.o(i._printf_pre_padding) for _printf_pre_padding
    printfa.o(i._printf_core) refers to uldiv.o(.text) for __aeabi_uldivmod
    printfa.o(i._printf_core) refers to printfa.o(i._printf_post_padding) for _printf_post_padding
    printfa.o(i._printf_core) refers to printfa.o(i._fp_digits) for _fp_digits
    printfa.o(i._printf_core) refers to uidiv.o(.text) for __aeabi_uidivmod
    printfa.o(i._printf_post_padding) refers (Special) to iusefp.o(.text) for __I$use$fp
    printfa.o(i._printf_pre_padding) refers (Special) to iusefp.o(.text) for __I$use$fp
    printfa.o(i._snputc) refers (Special) to iusefp.o(.text) for __I$use$fp
    printfa.o(i._sputc) refers (Special) to iusefp.o(.text) for __I$use$fp
    malloc.o(i.free) refers to mvars.o(.data) for __microlib_freelist
    malloc.o(i.malloc) refers to mvars.o(.data) for __microlib_freelist_initialised
    malloc.o(i.malloc) refers to mvars.o(.data) for __microlib_freelist
    malloc.o(i.malloc) refers to startup_tm4c123.o(HEAP) for __heap_base
    mallocr.o(i.__free$realloc) refers to mvars.o(.data) for __microlib_freelist
    mallocr.o(i.__malloc$realloc) refers to mallocr.o(i.internal_alloc) for internal_alloc
    mallocr.o(i.__malloc$realloc) refers to mvars.o(.data) for __microlib_freelist_initialised
    mallocr.o(i.__malloc$realloc) refers to startup_tm4c123.o(HEAP) for __heap_base
    mallocr.o(i.__malloc$realloc) refers to mvars.o(.data) for __microlib_freelist
    mallocr.o(i.internal_alloc) refers to memcpya.o(.text) for __aeabi_memcpy
    mallocr.o(i.internal_alloc) refers to mvars.o(.data) for __microlib_freelist
    mallocr.o(i.realloc) refers to mallocr.o(i.__free$realloc) for __free$realloc
    mallocr.o(i.realloc) refers to mallocr.o(i.internal_alloc) for internal_alloc
    mallocr.o(i.realloc) refers to mallocr.o(i.__malloc$realloc) for __malloc$realloc
    mallocr.o(i.realloc) refers to mvars.o(.data) for __microlib_freelist
    malloca.o(i.__aligned_malloc) refers to mvars.o(.data) for __microlib_freelist_initialised
    malloca.o(i.__aligned_malloc) refers to mvars.o(.data) for __microlib_freelist
    malloca.o(i.__aligned_malloc) refers to startup_tm4c123.o(HEAP) for __heap_base
    malloca.o(i.__free$memalign) refers to mvars.o(.data) for __microlib_freelist
    malloca.o(i.__malloc$memalign) refers to malloca.o(i.__aligned_malloc) for __aligned_malloc
    mallocra.o(i.__aligned_malloc$realloc) refers to mallocra.o(i.internal_alloc) for internal_alloc
    mallocra.o(i.__aligned_malloc$realloc) refers to mvars.o(.data) for __microlib_freelist_initialised
    mallocra.o(i.__aligned_malloc$realloc) refers to startup_tm4c123.o(HEAP) for __heap_base
    mallocra.o(i.__aligned_malloc$realloc) refers to mvars.o(.data) for __microlib_freelist
    mallocra.o(i.__free$realloc$memalign) refers to mvars.o(.data) for __microlib_freelist
    mallocra.o(i.__malloc$realloc$memalign) refers to mallocra.o(i.__aligned_malloc$realloc) for __aligned_malloc$realloc
    mallocra.o(i.__realloc$memalign) refers to mallocra.o(i.__free$realloc$memalign) for __free$realloc$memalign
    mallocra.o(i.__realloc$memalign) refers to mallocra.o(i.internal_alloc) for internal_alloc
    mallocra.o(i.__realloc$memalign) refers to mallocra.o(i.__malloc$realloc$memalign) for __malloc$realloc$memalign
    mallocra.o(i.__realloc$memalign) refers to mvars.o(.data) for __microlib_freelist
    mallocra.o(i.internal_alloc) refers to memcpya.o(.text) for __aeabi_memcpy
    mallocra.o(i.internal_alloc) refers to mvars.o(.data) for __microlib_freelist
    dmul.o(.text) refers (Special) to iusefp.o(.text) for __I$use$fp
    dmul.o(.text) refers to depilogue.o(.text) for _double_epilogue
    dfltui.o(.text) refers (Special) to iusefp.o(.text) for __I$use$fp
    dfltui.o(.text) refers to depilogue.o(.text) for _double_epilogue
    dfixui.o(.text) refers (Special) to iusefp.o(.text) for __I$use$fp
    dfixui.o(.text) refers to llushr.o(.text) for __aeabi_llsr
    entry2.o(.ARM.Collect$$$$00000001) refers to entry2.o(.ARM.Collect$$$$00002712) for __lit__00000000
    entry2.o(.ARM.Collect$$$$00002712) refers to startup_tm4c123.o(STACK) for __initial_sp
    entry2.o(__vectab_stack_and_reset_area) refers to startup_tm4c123.o(STACK) for __initial_sp
    entry2.o(__vectab_stack_and_reset_area) refers to entry.o(.ARM.Collect$$$$00000000) for __main
    entry5.o(.ARM.Collect$$$$00000004) refers to init.o(.text) for __scatterload
    entry9a.o(.ARM.Collect$$$$0000000B) refers to main.o(.text) for main
    entry9b.o(.ARM.Collect$$$$0000000C) refers to main.o(.text) for main
    fputc.o(i.fputc) refers (Special) to iusesemip.o(.text) for __I$use$semihosting$fputc
    fputc.o(i.fputc) refers (Special) to semi.o(.text) for __semihosting_library_function
    fputc_h.o(i._fputc$hlt) refers (Special) to iusesemip.o(.text) for __I$use$semihosting$fputc
    fputc_h.o(i._fputc$hlt) refers (Special) to semi.o(.text) for __semihosting_library_function
    uldiv.o(.text) refers to llushr.o(.text) for __aeabi_llsr
    uldiv.o(.text) refers to llshl.o(.text) for __aeabi_llsl
    depilogue.o(.text) refers (Special) to iusefp.o(.text) for __I$use$fp
    depilogue.o(.text) refers to llshl.o(.text) for __aeabi_llsl
    depilogue.o(.text) refers to llushr.o(.text) for __aeabi_llsr
    dadd.o(.text) refers (Special) to iusefp.o(.text) for __I$use$fp
    dadd.o(.text) refers to llshl.o(.text) for __aeabi_llsl
    dadd.o(.text) refers to llsshr.o(.text) for __aeabi_lasr
    dadd.o(.text) refers to depilogue.o(.text) for _double_epilogue
    ddiv.o(.text) refers (Special) to iusefp.o(.text) for __I$use$fp
    ddiv.o(.text) refers to depilogue.o(.text) for _double_round
    dfixul.o(.text) refers (Special) to iusefp.o(.text) for __I$use$fp
    dfixul.o(.text) refers to llushr.o(.text) for __aeabi_llsr
    dfixul.o(.text) refers to llshl.o(.text) for __aeabi_llsl
    cdrcmple.o(.text) refers (Special) to iusefp.o(.text) for __I$use$fp
    init.o(.text) refers to entry5.o(.ARM.Collect$$$$00000004) for __main_after_scatterload


==============================================================================

Removing Unused input sections from the image.

    Removing main.o(.ARM.exidx), (16 bytes).
    Removing main.o(.bss.Buf), (30 bytes).
    Removing main.o(.ARM.use_no_argv), (4 bytes).
    Removing system_tm4c123.o(.ARM.exidx), (16 bytes).
    Removing system.o(.ARM.exidx), (48 bytes).
    Removing uartstdio.o(.ARM.exidx), (48 bytes).
    Removing myuart.o(.ARM.exidx), (24 bytes).
    Removing mypwm.o(.text), (664 bytes).
    Removing mypwm.o(.ARM.exidx), (32 bytes).
    Removing myiic.o(.text), (492 bytes).
    Removing myiic.o(.ARM.exidx), (24 bytes).
    Removing myspi.o(.text), (168 bytes).
    Removing myspi.o(.ARM.exidx), (16 bytes).
    Removing oled.o(.text), (2980 bytes).
    Removing oled.o(.ARM.exidx), (160 bytes).
    Removing oled.o(.rodata.F6x8), (552 bytes).
    Removing oled.o(.rodata.F8X16), (1520 bytes).
    Removing oled.o(.data.Hzk), (896 bytes).
    Removing oled.o(.bss.OLED_Protocal), (4 bytes).
    Removing tft18.o(.text), (4508 bytes).
    Removing tft18.o(.ARM.exidx), (80 bytes).
    Removing tft18_font.o(.text), (0 bytes).
    Removing tft18_font.o(.rodata.tft_ascii), (1520 bytes).
    Removing adc.o(.text), (480 bytes).
    Removing adc.o(.ARM.exidx), (24 bytes).
    Removing adc.o(.bss..L_MergedGlobals), (24 bytes).
    Removing key.o(.text), (246 bytes).
    Removing key.o(.ARM.exidx), (24 bytes).
    Removing key.o(.data.Key1.LastState), (4 bytes).
    Removing key.o(.data.Key2.LastState), (4 bytes).
    Removing dac081s101.o(.text), (596 bytes).
    Removing dac081s101.o(.ARM.exidx), (16 bytes).
    Removing adc_1.o(.text), (1622 bytes).
    Removing adc_1.o(.ARM.exidx), (320 bytes).
    Removing adc_1.o(.bss.g_pui8OversampleFactor), (6 bytes).
    Removing aes.o(.text), (1262 bytes).
    Removing aes.o(.ARM.exidx), (200 bytes).
    Removing can.o(.text), (4116 bytes).
    Removing can.o(.ARM.exidx), (152 bytes).
    Removing comp.o(.text), (174 bytes).
    Removing comp.o(.ARM.exidx), (72 bytes).
    Removing cpu.o(.ARM.exidx), (48 bytes).
    Removing crc.o(.text), (314 bytes).
    Removing crc.o(.ARM.exidx), (40 bytes).
    Removing des.o(.text), (798 bytes).
    Removing des.o(.ARM.exidx), (144 bytes).
    Removing eeprom.o(.text), (1900 bytes).
    Removing eeprom.o(.ARM.exidx), (144 bytes).
    Removing emac.o(.text), (4188 bytes).
    Removing emac.o(.ARM.exidx), (648 bytes).
    Removing epi.o(.text), (970 bytes).
    Removing epi.o(.ARM.exidx), (272 bytes).
    Removing flash.o(.text), (1160 bytes).
    Removing flash.o(.ARM.exidx), (136 bytes).
    Removing flash.o(.rodata.g_pui32FMPRERegs), (64 bytes).
    Removing flash.o(.rodata.g_pui32FMPPERegs), (64 bytes).
    Removing fpu.o(.ARM.exidx), (72 bytes).
    Removing gpio.o(.ARM.exidx), (384 bytes).
    Removing hibernate.o(.text), (3966 bytes).
    Removing hibernate.o(.ARM.exidx), (408 bytes).
    Removing i2c.o(.text), (1158 bytes).
    Removing i2c.o(.ARM.exidx), (432 bytes).
    Removing i2c.o(.rodata.g_ppui32I2CIntMap), (48 bytes).
    Removing i2c.o(.rodata.g_ppui32I2CIntMapSnowflake), (80 bytes).
    Removing interrupt.o(.ARM.exidx), (136 bytes).
    Removing lcd.o(.text), (1158 bytes).
    Removing lcd.o(.ARM.exidx), (240 bytes).
    Removing mpu.o(.text), (190 bytes).
    Removing mpu.o(.ARM.exidx), (72 bytes).
    Removing onewire.o(.text), (416 bytes).
    Removing onewire.o(.ARM.exidx), (112 bytes).
    Removing pwm.o(.text), (1352 bytes).
    Removing pwm.o(.ARM.exidx), (296 bytes).
    Removing qei.o(.text), (380 bytes).
    Removing qei.o(.ARM.exidx), (160 bytes).
    Removing shamd5.o(.text), (2598 bytes).
    Removing shamd5.o(.ARM.exidx), (152 bytes).
    Removing shamd5.o(.rodata..Lswitch.table.SHAMD5HMACProcess), (28 bytes).
    Removing ssi.o(.text), (634 bytes).
    Removing ssi.o(.ARM.exidx), (184 bytes).
    Removing ssi.o(.rodata.cst32), (64 bytes).
    Removing sw_crc.o(.text), (2226 bytes).
    Removing sw_crc.o(.ARM.exidx), (40 bytes).
    Removing sw_crc.o(.rodata.g_pui8Crc8CCITT), (256 bytes).
    Removing sw_crc.o(.rodata.g_pui16Crc16), (512 bytes).
    Removing sw_crc.o(.rodata.g_pui32Crc32), (1024 bytes).
    Removing sysctl.o(.ARM.exidx), (448 bytes).
    Removing sysexc.o(.text), (200 bytes).
    Removing sysexc.o(.ARM.exidx), (48 bytes).
    Removing systick.o(.ARM.exidx), (72 bytes).
    Removing timer.o(.text), (1052 bytes).
    Removing timer.o(.ARM.exidx), (304 bytes).
    Removing timer.o(.rodata.g_ppui32TimerIntMap), (96 bytes).
    Removing timer.o(.rodata.g_ppui32TimerIntMapSnowflake), (64 bytes).
    Removing uart.o(.ARM.exidx), (376 bytes).
    Removing udma.o(.text), (866 bytes).
    Removing udma.o(.ARM.exidx), (208 bytes).
    Removing usb.o(.text), (3338 bytes).
    Removing usb.o(.ARM.exidx), (808 bytes).
    Removing watchdog.o(.text), (210 bytes).
    Removing watchdog.o(.ARM.exidx), (144 bytes).
    Removing dfltui.o(.text), (26 bytes).
    Removing dfixui.o(.text), (50 bytes).

103 unused section(s) (total 61122 bytes) removed from the image.

==============================================================================

Image Symbol Table

    Local Symbols

    Symbol Name                              Value     Ov Type        Size  Object(Section)

    ../clib/../cmprslib/zerorunl.c           0x00000000   Number         0  __dczerorl.o ABSOLUTE
    ../clib/microlib/division.c              0x00000000   Number         0  uidiv.o ABSOLUTE
    ../clib/microlib/division.c              0x00000000   Number         0  uldiv.o ABSOLUTE
    ../clib/microlib/init/entry.s            0x00000000   Number         0  entry.o ABSOLUTE
    ../clib/microlib/init/entry.s            0x00000000   Number         0  entry2.o ABSOLUTE
    ../clib/microlib/init/entry.s            0x00000000   Number         0  entry5.o ABSOLUTE
    ../clib/microlib/init/entry.s            0x00000000   Number         0  entry7a.o ABSOLUTE
    ../clib/microlib/init/entry.s            0x00000000   Number         0  entry7b.o ABSOLUTE
    ../clib/microlib/init/entry.s            0x00000000   Number         0  entry8a.o ABSOLUTE
    ../clib/microlib/init/entry.s            0x00000000   Number         0  entry8b.o ABSOLUTE
    ../clib/microlib/init/entry.s            0x00000000   Number         0  entry9a.o ABSOLUTE
    ../clib/microlib/init/entry.s            0x00000000   Number         0  entry9b.o ABSOLUTE
    ../clib/microlib/init/entry.s            0x00000000   Number         0  entry10a.o ABSOLUTE
    ../clib/microlib/init/entry.s            0x00000000   Number         0  entry10b.o ABSOLUTE
    ../clib/microlib/init/entry.s            0x00000000   Number         0  entry11a.o ABSOLUTE
    ../clib/microlib/init/entry.s            0x00000000   Number         0  entry11b.o ABSOLUTE
    ../clib/microlib/longlong.c              0x00000000   Number         0  llushr.o ABSOLUTE
    ../clib/microlib/longlong.c              0x00000000   Number         0  llshl.o ABSOLUTE
    ../clib/microlib/longlong.c              0x00000000   Number         0  llsshr.o ABSOLUTE
    ../clib/microlib/malloc/malloc.c         0x00000000   Number         0  malloc.o ABSOLUTE
    ../clib/microlib/malloc/malloc.c         0x00000000   Number         0  mallocr.o ABSOLUTE
    ../clib/microlib/malloc/malloc.c         0x00000000   Number         0  malloca.o ABSOLUTE
    ../clib/microlib/malloc/malloc.c         0x00000000   Number         0  mallocra.o ABSOLUTE
    ../clib/microlib/malloc/mvars.c          0x00000000   Number         0  mvars.o ABSOLUTE
    ../clib/microlib/printf/printf.c         0x00000000   Number         0  printfa.o ABSOLUTE
    ../clib/microlib/stdio/fputc.c           0x00000000   Number         0  fputc.o ABSOLUTE
    ../clib/microlib/stdio/fputc.c           0x00000000   Number         0  fputc_h.o ABSOLUTE
    ../clib/microlib/stdio/semi.s            0x00000000   Number         0  semi.o ABSOLUTE
    ../clib/microlib/stdio/streams.c         0x00000000   Number         0  stdout.o ABSOLUTE
    ../clib/microlib/string/memcpy.c         0x00000000   Number         0  memcpya.o ABSOLUTE
    ../clib/microlib/string/memcpy.c         0x00000000   Number         0  memcpyb.o ABSOLUTE
    ../clib/microlib/string/memset.c         0x00000000   Number         0  memseta.o ABSOLUTE
    ../clib/microlib/stubs.s                 0x00000000   Number         0  iusefp.o ABSOLUTE
    ../clib/microlib/stubs.s                 0x00000000   Number         0  iusesemip.o ABSOLUTE
    ../fplib/microlib/fpadd.c                0x00000000   Number         0  dadd.o ABSOLUTE
    ../fplib/microlib/fpdiv.c                0x00000000   Number         0  ddiv.o ABSOLUTE
    ../fplib/microlib/fpepilogue.c           0x00000000   Number         0  depilogue.o ABSOLUTE
    ../fplib/microlib/fpfix.c                0x00000000   Number         0  dfixui.o ABSOLUTE
    ../fplib/microlib/fpfix.c                0x00000000   Number         0  dfixul.o ABSOLUTE
    ../fplib/microlib/fpflt.c                0x00000000   Number         0  dfltui.o ABSOLUTE
    ../fplib/microlib/fpmul.c                0x00000000   Number         0  dmul.o ABSOLUTE
    ..\Core\startup_TM4C123.s                0x00000000   Number         0  startup_tm4c123.o ABSOLUTE
    ADC.c                                    0x00000000   Number         0  adc.o ABSOLUTE
    DAC081S101.c                             0x00000000   Number         0  dac081s101.o ABSOLUTE
    KEY.c                                    0x00000000   Number         0  key.o ABSOLUTE
    TFT18.c                                  0x00000000   Number         0  tft18.o ABSOLUTE
    TFT18_Font.c                             0x00000000   Number         0  tft18_font.o ABSOLUTE
    adc.c                                    0x00000000   Number         0  adc_1.o ABSOLUTE
    aes.c                                    0x00000000   Number         0  aes.o ABSOLUTE
    can.c                                    0x00000000   Number         0  can.o ABSOLUTE
    cdrcmple.s                               0x00000000   Number         0  cdrcmple.o ABSOLUTE
    comp.c                                   0x00000000   Number         0  comp.o ABSOLUTE
    cpu.c                                    0x00000000   Number         0  cpu.o ABSOLUTE
    crc.c                                    0x00000000   Number         0  crc.o ABSOLUTE
    dc.s                                     0x00000000   Number         0  dc.o ABSOLUTE
    des.c                                    0x00000000   Number         0  des.o ABSOLUTE
    eeprom.c                                 0x00000000   Number         0  eeprom.o ABSOLUTE
    emac.c                                   0x00000000   Number         0  emac.o ABSOLUTE
    epi.c                                    0x00000000   Number         0  epi.o ABSOLUTE
    flash.c                                  0x00000000   Number         0  flash.o ABSOLUTE
    fpu.c                                    0x00000000   Number         0  fpu.o ABSOLUTE
    gpio.c                                   0x00000000   Number         0  gpio.o ABSOLUTE
    handlers.s                               0x00000000   Number         0  handlers.o ABSOLUTE
    hibernate.c                              0x00000000   Number         0  hibernate.o ABSOLUTE
    i2c.c                                    0x00000000   Number         0  i2c.o ABSOLUTE
    init.s                                   0x00000000   Number         0  init.o ABSOLUTE
    interrupt.c                              0x00000000   Number         0  interrupt.o ABSOLUTE
    lcd.c                                    0x00000000   Number         0  lcd.o ABSOLUTE
    main.c                                   0x00000000   Number         0  main.o ABSOLUTE
    mpu.c                                    0x00000000   Number         0  mpu.o ABSOLUTE
    myIIC.c                                  0x00000000   Number         0  myiic.o ABSOLUTE
    myPWM.c                                  0x00000000   Number         0  mypwm.o ABSOLUTE
    mySPI.c                                  0x00000000   Number         0  myspi.o ABSOLUTE
    myUART.c                                 0x00000000   Number         0  myuart.o ABSOLUTE
    oled.c                                   0x00000000   Number         0  oled.o ABSOLUTE
    onewire.c                                0x00000000   Number         0  onewire.o ABSOLUTE
    pwm.c                                    0x00000000   Number         0  pwm.o ABSOLUTE
    qei.c                                    0x00000000   Number         0  qei.o ABSOLUTE
    shamd5.c                                 0x00000000   Number         0  shamd5.o ABSOLUTE
    ssi.c                                    0x00000000   Number         0  ssi.o ABSOLUTE
    sw_crc.c                                 0x00000000   Number         0  sw_crc.o ABSOLUTE
    sysctl.c                                 0x00000000   Number         0  sysctl.o ABSOLUTE
    sysexc.c                                 0x00000000   Number         0  sysexc.o ABSOLUTE
    system.c                                 0x00000000   Number         0  system.o ABSOLUTE
    system_TM4C123.c                         0x00000000   Number         0  system_tm4c123.o ABSOLUTE
    systick.c                                0x00000000   Number         0  systick.o ABSOLUTE
    timer.c                                  0x00000000   Number         0  timer.o ABSOLUTE
    uart.c                                   0x00000000   Number         0  uart.o ABSOLUTE
    uartstdio.c                              0x00000000   Number         0  uartstdio.o ABSOLUTE
    udma.c                                   0x00000000   Number         0  udma.o ABSOLUTE
    usb.c                                    0x00000000   Number         0  usb.o ABSOLUTE
    watchdog.c                               0x00000000   Number         0  watchdog.o ABSOLUTE
    RESET                                    0x00000000   Section      620  startup_tm4c123.o(RESET)
    .ARM.Collect$$$$00000000                 0x0000026c   Section        0  entry.o(.ARM.Collect$$$$00000000)
    .ARM.Collect$$$$00000001                 0x0000026c   Section        4  entry2.o(.ARM.Collect$$$$00000001)
    .ARM.Collect$$$$00000004                 0x00000270   Section        4  entry5.o(.ARM.Collect$$$$00000004)
    .ARM.Collect$$$$00000008                 0x00000274   Section        0  entry7b.o(.ARM.Collect$$$$00000008)
    .ARM.Collect$$$$0000000A                 0x00000274   Section        0  entry8b.o(.ARM.Collect$$$$0000000A)
    .ARM.Collect$$$$0000000B                 0x00000274   Section        8  entry9a.o(.ARM.Collect$$$$0000000B)
    __lit__00000000                          0x0000027c   Data           4  entry2.o(.ARM.Collect$$$$00002712)
    .ARM.Collect$$$$0000000D                 0x0000027c   Section        0  entry10a.o(.ARM.Collect$$$$0000000D)
    .ARM.Collect$$$$0000000F                 0x0000027c   Section        0  entry11a.o(.ARM.Collect$$$$0000000F)
    .ARM.Collect$$$$00002712                 0x0000027c   Section        4  entry2.o(.ARM.Collect$$$$00002712)
    [Anonymous Symbol]                       0x00000280   Section        0  main.o(.text)
    [Anonymous Symbol]                       0x00000300   Section        0  system_tm4c123.o(.text)
    [Anonymous Symbol]                       0x000004ac   Section        0  system.o(.text)
    [Anonymous Symbol]                       0x000005a8   Section        0  uartstdio.o(.text)
    g_ui32UARTPeriph                         0x00000600   Number         0  uartstdio.o(.text)
    g_ui32UARTBase                           0x0000060c   Number         0  uartstdio.o(.text)
    [Anonymous Symbol]                       0x00000c30   Section        0  myuart.o(.text)
    [Anonymous Symbol]                       0x00000d54   Section        0  cpu.o(.text)
    [Anonymous Symbol]                       0x00000d8c   Section        0  fpu.o(.text)
    [Anonymous Symbol]                       0x00000e40   Section        0  gpio.o(.text)
    [Anonymous Symbol]                       0x0000183c   Section        0  interrupt.o(.text)
    _IntDefaultHandler                       0x000018c5   Thumb Code     2  interrupt.o(.text)
    g_pui32Priority                          0x000018e4   Number         0  interrupt.o(.text)
    [Anonymous Symbol]                       0x00001bbc   Section        0  sysctl.o(.text)
    g_pui32VCOFrequencies                    0x000023a0   Number         0  sysctl.o(.text)
    [Anonymous Symbol]                       0x00002874   Section        0  systick.o(.text)
    [Anonymous Symbol]                       0x00002924   Section        0  uart.o(.text)
    $v0                                      0x00002dcc   Number         0  startup_tm4c123.o(.text)
    .text                                    0x00002dcc   Section      252  startup_tm4c123.o(.text)
    .text                                    0x00002ec8   Section        0  memseta.o(.text)
    .text                                    0x00002eec   Section        0  dmul.o(.text)
    .text                                    0x00002fd0   Section        0  uidiv.o(.text)
    .text                                    0x00002ffc   Section        0  uldiv.o(.text)
    .text                                    0x0000305e   Section        0  llushr.o(.text)
    .text                                    0x0000307e   Section        0  iusefp.o(.text)
    .text                                    0x0000307e   Section        0  depilogue.o(.text)
    .text                                    0x00003138   Section        0  dadd.o(.text)
    .text                                    0x00003286   Section        0  ddiv.o(.text)
    .text                                    0x00003364   Section        0  dfixul.o(.text)
    .text                                    0x00003394   Section       48  cdrcmple.o(.text)
    .text                                    0x000033c4   Section       36  init.o(.text)
    .text                                    0x000033e8   Section        0  llshl.o(.text)
    .text                                    0x00003406   Section        0  llsshr.o(.text)
    .text                                    0x0000342a   Section        0  __dczerorl.o(.text)
    i.__0vsnprintf                           0x00003464   Section        0  printfa.o(i.__0vsnprintf)
    i.__scatterload_copy                     0x00003498   Section       14  handlers.o(i.__scatterload_copy)
    i.__scatterload_null                     0x000034a6   Section        2  handlers.o(i.__scatterload_null)
    i.__scatterload_zeroinit                 0x000034a8   Section       14  handlers.o(i.__scatterload_zeroinit)
    _fp_digits                               0x000034b9   Thumb Code   366  printfa.o(i._fp_digits)
    i._fp_digits                             0x000034b8   Section        0  printfa.o(i._fp_digits)
    _printf_core                             0x0000363d   Thumb Code  1744  printfa.o(i._printf_core)
    i._printf_core                           0x0000363c   Section        0  printfa.o(i._printf_core)
    _printf_post_padding                     0x00003d19   Thumb Code    36  printfa.o(i._printf_post_padding)
    i._printf_post_padding                   0x00003d18   Section        0  printfa.o(i._printf_post_padding)
    _printf_pre_padding                      0x00003d3d   Thumb Code    46  printfa.o(i._printf_pre_padding)
    i._printf_pre_padding                    0x00003d3c   Section        0  printfa.o(i._printf_pre_padding)
    _snputc                                  0x00003d6b   Thumb Code    22  printfa.o(i._snputc)
    i._snputc                                0x00003d6a   Section        0  printfa.o(i._snputc)
    i.free                                   0x00003d80   Section        0  malloc.o(i.free)
    i.malloc                                 0x00003dd0   Section        0  malloc.o(i.malloc)
    .Lswitch.table.SystemCoreClockUpdate.1   0x00003e3c   Data          92  system_tm4c123.o(.rodata..Lswitch.table.SystemCoreClockUpdate.1)
    g_pppui32XTALtoVCO                       0x00003e98   Data         432  sysctl.o(.rodata.g_pppui32XTALtoVCO)
    g_ppui32GPIOIntMapBlizzard               0x00004048   Data         192  gpio.o(.rodata.g_ppui32GPIOIntMapBlizzard)
    g_ppui32GPIOIntMapSnowflake              0x00004108   Data         216  gpio.o(.rodata.g_ppui32GPIOIntMapSnowflake)
    g_ppui32UARTIntMap                       0x000041e0   Data          64  uart.o(.rodata.g_ppui32UARTIntMap)
    g_ppui32UARTIntMapSnowflake              0x00004220   Data          64  uart.o(.rodata.g_ppui32UARTIntMapSnowflake)
    g_pui32Dii16Regs                         0x00004260   Data          20  interrupt.o(.rodata.g_pui32Dii16Regs)
    g_pui32EnRegs                            0x00004274   Data          20  interrupt.o(.rodata.g_pui32EnRegs)
    g_pui32GPIOBaseAddrs                     0x00004288   Data         144  gpio.o(.rodata.g_pui32GPIOBaseAddrs)
    g_pui32PendRegs                          0x00004318   Data          20  interrupt.o(.rodata.g_pui32PendRegs)
    g_pui32Regs                              0x0000432c   Data         156  interrupt.o(.rodata.g_pui32Regs)
    g_pui32UnpendRegs                        0x000043c8   Data          20  interrupt.o(.rodata.g_pui32UnpendRegs)
    g_pui32Xtals                             0x000043dc   Data         108  sysctl.o(.rodata.g_pui32Xtals)
    g_sXTALtoMEMTIM                          0x00004448   Data          48  sysctl.o(.rodata.g_sXTALtoMEMTIM)
    .data                                    0x20000000   Section        4  mvars.o(.data)
    .data                                    0x20000004   Section        4  mvars.o(.data)
    g_pfnRAMVectors                          0x20000400   Data         620  interrupt.o(vtable)
    .L_MergedGlobals                         0x20000670   Data           8  uartstdio.o(.bss..L_MergedGlobals)
    UARTgets.bLastWasCR                      0x20000670   Data           1  uartstdio.o(.bss..L_MergedGlobals)
    g_ui32Base                               0x20000674   Data           4  uartstdio.o(.bss..L_MergedGlobals)
    SysTime_ms                               0x20000678   Data           4  system.o(.bss.SysTime_ms)
    HEAP                                     0x20000680   Section      768  startup_tm4c123.o(HEAP)
    STACK                                    0x20000980   Section     2560  startup_tm4c123.o(STACK)

    Global Symbols

    Symbol Name                              Value     Ov Type        Size  Object(Section)

    BuildAttributes$$THM_ISAv4$E$P$D$K$B$S$7EM$VFPi3$EXTD16$VFPS$VFMA$PE$A:L22UL41UL21$X:L11$S22US41US21$IEEE1$IW$~IW$USESV6$~STKCKD$USESV7$~SHL$OTIME$ROPI$EBA8$MICROLIB$REQ8$PRES8$EABIv2 0x00000000   Number         0  anon$$obj.o ABSOLUTE
    __Vectors                                0x00000000   Data           4  startup_tm4c123.o(RESET)
    __cpp_initialize__aeabi_                  - Undefined Weak Reference
    __cxa_finalize                            - Undefined Weak Reference
    _clock_init                               - Undefined Weak Reference
    _microlib_exit                            - Undefined Weak Reference
    __Vectors_End                            0x0000026c   Data           0  startup_tm4c123.o(RESET)
    __Vectors_Size                           0x0000026c   Number         0  startup_tm4c123.o ABSOLUTE
    __main                                   0x0000026d   Thumb Code     0  entry.o(.ARM.Collect$$$$00000000)
    _main_stk                                0x0000026d   Thumb Code     0  entry2.o(.ARM.Collect$$$$00000001)
    _main_scatterload                        0x00000271   Thumb Code     0  entry5.o(.ARM.Collect$$$$00000004)
    __main_after_scatterload                 0x00000275   Thumb Code     0  entry5.o(.ARM.Collect$$$$00000004)
    _main_clock                              0x00000275   Thumb Code     0  entry7b.o(.ARM.Collect$$$$00000008)
    _main_cpp_init                           0x00000275   Thumb Code     0  entry8b.o(.ARM.Collect$$$$0000000A)
    _main_init                               0x00000275   Thumb Code     0  entry9a.o(.ARM.Collect$$$$0000000B)
    __rt_final_cpp                           0x0000027d   Thumb Code     0  entry10a.o(.ARM.Collect$$$$0000000D)
    __rt_final_exit                          0x0000027d   Thumb Code     0  entry11a.o(.ARM.Collect$$$$0000000F)
    BasicSystemInit                          0x00000281   Thumb Code    34  main.o(.text)
    main                                     0x000002a5   Thumb Code    92  main.o(.text)
    SystemCoreClockUpdate                    0x00000301   Thumb Code   292  system_tm4c123.o(.text)
    SystemInit                               0x00000425   Thumb Code   136  system_tm4c123.o(.text)
    SysTickInit                              0x000004ad   Thumb Code    52  system.o(.text)
    SysTickIntHandler                        0x000004e1   Thumb Code    16  system.o(.text)
    GetSysTime_ms                            0x000004f1   Thumb Code    12  system.o(.text)
    GetSysTime_us                            0x000004fd   Thumb Code    44  system.o(.text)
    Delay_ms                                 0x00000529   Thumb Code    40  system.o(.text)
    Delay_us                                 0x00000551   Thumb Code    86  system.o(.text)
    UARTStdioConfig                          0x000005a9   Thumb Code   112  uartstdio.o(.text)
    UARTwrite                                0x00000619   Thumb Code    70  uartstdio.o(.text)
    UARTgets                                 0x00000661   Thumb Code   204  uartstdio.o(.text)
    UARTgetc                                 0x0000072d   Thumb Code    28  uartstdio.o(.text)
    UARTvprintf                              0x00000749   Thumb Code  1224  uartstdio.o(.text)
    UARTprintf                               0x00000c11   Thumb Code    32  uartstdio.o(.text)
    UART0_IntHandler                         0x00000c31   Thumb Code    66  myuart.o(.text)
    UART0Init                                0x00000c75   Thumb Code   116  myuart.o(.text)
    myPrintf                                 0x00000ce9   Thumb Code   106  myuart.o(.text)
    CPUcpsid                                 0x00000d55   Thumb Code    10  cpu.o(.text)
    CPUprimask                               0x00000d61   Thumb Code     8  cpu.o(.text)
    CPUcpsie                                 0x00000d69   Thumb Code    10  cpu.o(.text)
    CPUwfi                                   0x00000d75   Thumb Code     6  cpu.o(.text)
    CPUbasepriSet                            0x00000d7d   Thumb Code     8  cpu.o(.text)
    CPUbasepriGet                            0x00000d85   Thumb Code     8  cpu.o(.text)
    FPUEnable                                0x00000d8d   Thumb Code    18  fpu.o(.text)
    FPUDisable                               0x00000da1   Thumb Code    18  fpu.o(.text)
    FPUStackingEnable                        0x00000db5   Thumb Code    20  fpu.o(.text)
    FPULazyStackingEnable                    0x00000dc9   Thumb Code    18  fpu.o(.text)
    FPUStackingDisable                       0x00000ddd   Thumb Code    18  fpu.o(.text)
    FPUHalfPrecisionModeSet                  0x00000df1   Thumb Code    20  fpu.o(.text)
    FPUNaNModeSet                            0x00000e05   Thumb Code    20  fpu.o(.text)
    FPUFlushToZeroModeSet                    0x00000e19   Thumb Code    20  fpu.o(.text)
    FPURoundingModeSet                       0x00000e2d   Thumb Code    20  fpu.o(.text)
    GPIODirModeSet                           0x00000e41   Thumb Code    44  gpio.o(.text)
    GPIODirModeGet                           0x00000e6d   Thumb Code    32  gpio.o(.text)
    GPIOIntTypeSet                           0x00000e8d   Thumb Code    84  gpio.o(.text)
    GPIOIntTypeGet                           0x00000ee1   Thumb Code    60  gpio.o(.text)
    GPIOPadConfigSet                         0x00000f1d   Thumb Code   562  gpio.o(.text)
    GPIOPadConfigGet                         0x00001151   Thumb Code   180  gpio.o(.text)
    GPIOIntEnable                            0x00001205   Thumb Code    12  gpio.o(.text)
    GPIOIntDisable                           0x00001211   Thumb Code    14  gpio.o(.text)
    GPIOIntStatus                            0x00001221   Thumb Code    16  gpio.o(.text)
    GPIOIntClear                             0x00001231   Thumb Code     6  gpio.o(.text)
    GPIOIntRegister                          0x00001239   Thumb Code   154  gpio.o(.text)
    GPIOIntUnregister                        0x000012d5   Thumb Code   154  gpio.o(.text)
    GPIOIntRegisterPin                       0x00001371   Thumb Code   158  gpio.o(.text)
    GPIOIntUnregisterPin                     0x00001411   Thumb Code   156  gpio.o(.text)
    GPIOPinRead                              0x000014ad   Thumb Code     6  gpio.o(.text)
    GPIOPinWrite                             0x000014b5   Thumb Code     6  gpio.o(.text)
    GPIOPinTypeADC                           0x000014bd   Thumb Code    28  gpio.o(.text)
    GPIOPinTypeCAN                           0x000014d9   Thumb Code    28  gpio.o(.text)
    GPIOPinTypeComparator                    0x000014f5   Thumb Code    28  gpio.o(.text)
    GPIOPinTypeComparatorOutput              0x00001511   Thumb Code    28  gpio.o(.text)
    GPIOPinTypeDIVSCLK                       0x0000152d   Thumb Code    28  gpio.o(.text)
    GPIOPinTypeEPI                           0x00001549   Thumb Code    28  gpio.o(.text)
    GPIOPinTypeEthernetLED                   0x00001565   Thumb Code    28  gpio.o(.text)
    GPIOPinTypeEthernetMII                   0x00001581   Thumb Code    28  gpio.o(.text)
    GPIOPinTypeGPIOInput                     0x0000159d   Thumb Code    28  gpio.o(.text)
    GPIOPinTypeGPIOOutput                    0x000015b9   Thumb Code    36  gpio.o(.text)
    GPIOPinTypeGPIOOutputOD                  0x000015dd   Thumb Code    36  gpio.o(.text)
    GPIOPinTypeHibernateRTCCLK               0x00001601   Thumb Code    28  gpio.o(.text)
    GPIOPinTypeI2C                           0x0000161d   Thumb Code    28  gpio.o(.text)
    GPIOPinTypeI2CSCL                        0x00001639   Thumb Code    28  gpio.o(.text)
    GPIOPinTypeLCD                           0x00001655   Thumb Code    28  gpio.o(.text)
    GPIOPinTypeOneWire                       0x00001671   Thumb Code    28  gpio.o(.text)
    GPIOPinTypePWM                           0x0000168d   Thumb Code    28  gpio.o(.text)
    GPIOPinTypeQEI                           0x000016a9   Thumb Code    28  gpio.o(.text)
    GPIOPinTypeSSI                           0x000016c5   Thumb Code    28  gpio.o(.text)
    GPIOPinTypeTimer                         0x000016e1   Thumb Code    28  gpio.o(.text)
    GPIOPinTypeTrace                         0x000016fd   Thumb Code    28  gpio.o(.text)
    GPIOPinTypeUART                          0x00001719   Thumb Code    30  gpio.o(.text)
    GPIOPinTypeUSBAnalog                     0x00001739   Thumb Code    30  gpio.o(.text)
    GPIOPinTypeUSBDigital                    0x00001759   Thumb Code    30  gpio.o(.text)
    GPIOPinTypeWakeHigh                      0x00001779   Thumb Code    32  gpio.o(.text)
    GPIOPinTypeWakeLow                       0x00001799   Thumb Code    32  gpio.o(.text)
    GPIOPinWakeStatus                        0x000017b9   Thumb Code     6  gpio.o(.text)
    GPIOPinConfigure                         0x000017c1   Thumb Code    66  gpio.o(.text)
    GPIODMATriggerEnable                     0x00001805   Thumb Code    12  gpio.o(.text)
    GPIODMATriggerDisable                    0x00001811   Thumb Code    14  gpio.o(.text)
    GPIOADCTriggerEnable                     0x00001821   Thumb Code    12  gpio.o(.text)
    GPIOADCTriggerDisable                    0x0000182d   Thumb Code    14  gpio.o(.text)
    IntMasterEnable                          0x0000183d   Thumb Code    14  interrupt.o(.text)
    IntMasterDisable                         0x0000184d   Thumb Code    14  interrupt.o(.text)
    IntRegister                              0x0000185d   Thumb Code    78  interrupt.o(.text)
    IntUnregister                            0x000018ad   Thumb Code    22  interrupt.o(.text)
    IntPriorityGroupingSet                   0x000018c9   Thumb Code    60  interrupt.o(.text)
    IntPriorityGroupingGet                   0x00001905   Thumb Code    18  interrupt.o(.text)
    IntPrioritySet                           0x00001919   Thumb Code    42  interrupt.o(.text)
    IntPriorityGet                           0x00001945   Thumb Code    30  interrupt.o(.text)
    IntEnable                                0x00001965   Thumb Code   130  interrupt.o(.text)
    IntDisable                               0x000019e9   Thumb Code   130  interrupt.o(.text)
    IntIsEnabled                             0x00001a6d   Thumb Code   126  interrupt.o(.text)
    IntPendSet                               0x00001aed   Thumb Code   102  interrupt.o(.text)
    IntPendClear                             0x00001b55   Thumb Code    80  interrupt.o(.text)
    IntPriorityMaskSet                       0x00001ba5   Thumb Code     4  interrupt.o(.text)
    IntPriorityMaskGet                       0x00001ba9   Thumb Code     4  interrupt.o(.text)
    IntTrigger                               0x00001bad   Thumb Code    14  interrupt.o(.text)
    SysCtlSRAMSizeGet                        0x00001bbd   Thumb Code    20  sysctl.o(.text)
    SysCtlFlashSizeGet                       0x00001bd1   Thumb Code    50  sysctl.o(.text)
    SysCtlFlashSectorSizeGet                 0x00001c05   Thumb Code    44  sysctl.o(.text)
    SysCtlPeripheralPresent                  0x00001c31   Thumb Code    32  sysctl.o(.text)
    SysCtlPeripheralReady                    0x00001c51   Thumb Code    32  sysctl.o(.text)
    SysCtlPeripheralPowerOn                  0x00001c71   Thumb Code    28  sysctl.o(.text)
    SysCtlPeripheralPowerOff                 0x00001c8d   Thumb Code    28  sysctl.o(.text)
    SysCtlPeripheralReset                    0x00001ca9   Thumb Code    94  sysctl.o(.text)
    SysCtlPeripheralEnable                   0x00001d09   Thumb Code    28  sysctl.o(.text)
    SysCtlPeripheralDisable                  0x00001d25   Thumb Code    28  sysctl.o(.text)
    SysCtlPeripheralSleepEnable              0x00001d41   Thumb Code    28  sysctl.o(.text)
    SysCtlPeripheralSleepDisable             0x00001d5d   Thumb Code    28  sysctl.o(.text)
    SysCtlPeripheralDeepSleepEnable          0x00001d79   Thumb Code    26  sysctl.o(.text)
    SysCtlPeripheralDeepSleepDisable         0x00001d95   Thumb Code    26  sysctl.o(.text)
    SysCtlPeripheralClockGating              0x00001db1   Thumb Code    66  sysctl.o(.text)
    SysCtlIntRegister                        0x00001df5   Thumb Code    20  sysctl.o(.text)
    SysCtlIntUnregister                      0x00001e09   Thumb Code    18  sysctl.o(.text)
    SysCtlIntEnable                          0x00001e1d   Thumb Code    16  sysctl.o(.text)
    SysCtlIntDisable                         0x00001e2d   Thumb Code    18  sysctl.o(.text)
    SysCtlIntClear                           0x00001e41   Thumb Code    12  sysctl.o(.text)
    SysCtlIntStatus                          0x00001e4d   Thumb Code    16  sysctl.o(.text)
    SysCtlLDOSleepSet                        0x00001e5d   Thumb Code    12  sysctl.o(.text)
    SysCtlLDOSleepGet                        0x00001e69   Thumb Code    12  sysctl.o(.text)
    SysCtlLDODeepSleepSet                    0x00001e75   Thumb Code    12  sysctl.o(.text)
    SysCtlLDODeepSleepGet                    0x00001e81   Thumb Code    12  sysctl.o(.text)
    SysCtlSleepPowerSet                      0x00001e8d   Thumb Code    12  sysctl.o(.text)
    SysCtlDeepSleepPowerSet                  0x00001e99   Thumb Code    12  sysctl.o(.text)
    SysCtlReset                              0x00001ea5   Thumb Code    18  sysctl.o(.text)
    SysCtlSleep                              0x00001eb9   Thumb Code     4  sysctl.o(.text)
    SysCtlDeepSleep                          0x00001ebd   Thumb Code    32  sysctl.o(.text)
    SysCtlResetCauseGet                      0x00001edd   Thumb Code    12  sysctl.o(.text)
    SysCtlResetCauseClear                    0x00001ee9   Thumb Code    18  sysctl.o(.text)
    SysCtlDelay                              0x00001efd   Thumb Code     8  sysctl.o(.text)
    SysCtlMOSCConfigSet                      0x00001f05   Thumb Code    12  sysctl.o(.text)
    SysCtlPIOSCCalibrate                     0x00001f11   Thumb Code    96  sysctl.o(.text)
    SysCtlResetBehaviorSet                   0x00001f71   Thumb Code    12  sysctl.o(.text)
    SysCtlResetBehaviorGet                   0x00001f7d   Thumb Code    12  sysctl.o(.text)
    SysCtlClockFreqSet                       0x00001f89   Thumb Code  1056  sysctl.o(.text)
    SysCtlClockSet                           0x000023a9   Thumb Code   412  sysctl.o(.text)
    SysCtlClockGet                           0x00002545   Thumb Code   336  sysctl.o(.text)
    SysCtlDeepSleepClockSet                  0x00002695   Thumb Code    12  sysctl.o(.text)
    SysCtlDeepSleepClockConfigSet            0x000026a1   Thumb Code   108  sysctl.o(.text)
    SysCtlPWMClockSet                        0x0000270d   Thumb Code    20  sysctl.o(.text)
    SysCtlPWMClockGet                        0x00002721   Thumb Code    24  sysctl.o(.text)
    SysCtlGPIOAHBEnable                      0x00002739   Thumb Code    26  sysctl.o(.text)
    SysCtlGPIOAHBDisable                     0x00002755   Thumb Code    28  sysctl.o(.text)
    SysCtlUSBPLLEnable                       0x00002771   Thumb Code    18  sysctl.o(.text)
    SysCtlUSBPLLDisable                      0x00002785   Thumb Code    18  sysctl.o(.text)
    SysCtlVoltageEventConfig                 0x00002799   Thumb Code    12  sysctl.o(.text)
    SysCtlVoltageEventStatus                 0x000027a5   Thumb Code    12  sysctl.o(.text)
    SysCtlVoltageEventClear                  0x000027b1   Thumb Code    16  sysctl.o(.text)
    SysCtlVCOGet                             0x000027c1   Thumb Code   116  sysctl.o(.text)
    SysCtlNMIStatus                          0x00002835   Thumb Code    12  sysctl.o(.text)
    SysCtlNMIClear                           0x00002841   Thumb Code    18  sysctl.o(.text)
    SysCtlClockOutConfig                     0x00002855   Thumb Code    18  sysctl.o(.text)
    SysCtlAltClkConfig                       0x00002869   Thumb Code    12  sysctl.o(.text)
    SysTickEnable                            0x00002875   Thumb Code    18  systick.o(.text)
    SysTickDisable                           0x00002889   Thumb Code    18  systick.o(.text)
    SysTickIntRegister                       0x0000289d   Thumb Code    28  systick.o(.text)
    SysTickIntUnregister                     0x000028b9   Thumb Code    22  systick.o(.text)
    SysTickIntEnable                         0x000028d1   Thumb Code    18  systick.o(.text)
    SysTickIntDisable                        0x000028e5   Thumb Code    18  systick.o(.text)
    SysTickPeriodSet                         0x000028f9   Thumb Code    14  systick.o(.text)
    SysTickPeriodGet                         0x00002909   Thumb Code    14  systick.o(.text)
    SysTickValueGet                          0x00002919   Thumb Code    12  systick.o(.text)
    UARTParityModeSet                        0x00002925   Thumb Code    12  uart.o(.text)
    UARTParityModeGet                        0x00002931   Thumb Code     8  uart.o(.text)
    UARTFIFOLevelSet                         0x00002939   Thumb Code     6  uart.o(.text)
    UARTFIFOLevelGet                         0x00002941   Thumb Code    16  uart.o(.text)
    UARTConfigSetExpClk                      0x00002951   Thumb Code   146  uart.o(.text)
    UARTDisable                              0x000029e5   Thumb Code    46  uart.o(.text)
    UARTEnable                               0x00002a15   Thumb Code    20  uart.o(.text)
    UARTConfigGetExpClk                      0x00002a29   Thumb Code    46  uart.o(.text)
    UARTFIFOEnable                           0x00002a59   Thumb Code    10  uart.o(.text)
    UARTFIFODisable                          0x00002a65   Thumb Code    10  uart.o(.text)
    UARTEnableSIR                            0x00002a71   Thumb Code    18  uart.o(.text)
    UARTDisableSIR                           0x00002a85   Thumb Code    10  uart.o(.text)
    UARTSmartCardEnable                      0x00002a91   Thumb Code    22  uart.o(.text)
    UARTSmartCardDisable                     0x00002aa9   Thumb Code    10  uart.o(.text)
    UARTModemControlSet                      0x00002ab5   Thumb Code    12  uart.o(.text)
    UARTModemControlClear                    0x00002ac1   Thumb Code    16  uart.o(.text)
    UARTModemControlGet                      0x00002ad1   Thumb Code     8  uart.o(.text)
    UARTModemStatusGet                       0x00002ad9   Thumb Code    10  uart.o(.text)
    UARTFlowControlSet                       0x00002ae5   Thumb Code    12  uart.o(.text)
    UARTFlowControlGet                       0x00002af1   Thumb Code     8  uart.o(.text)
    UARTTxIntModeSet                         0x00002af9   Thumb Code    12  uart.o(.text)
    UARTTxIntModeGet                         0x00002b05   Thumb Code     8  uart.o(.text)
    UARTCharsAvail                           0x00002b0d   Thumb Code    14  uart.o(.text)
    UARTSpaceAvail                           0x00002b1d   Thumb Code    14  uart.o(.text)
    UARTCharGetNonBlocking                   0x00002b2d   Thumb Code    14  uart.o(.text)
    UARTCharGet                              0x00002b3d   Thumb Code    30  uart.o(.text)
    UARTCharPutNonBlocking                   0x00002b5d   Thumb Code    14  uart.o(.text)
    UARTCharPut                              0x00002b6d   Thumb Code    30  uart.o(.text)
    UARTBreakCtl                             0x00002b8d   Thumb Code    18  uart.o(.text)
    UARTBusy                                 0x00002ba1   Thumb Code     8  uart.o(.text)
    UARTIntRegister                          0x00002ba9   Thumb Code   152  uart.o(.text)
    UARTIntUnregister                        0x00002c41   Thumb Code   152  uart.o(.text)
    UARTIntEnable                            0x00002cd9   Thumb Code     8  uart.o(.text)
    UARTIntDisable                           0x00002ce1   Thumb Code    10  uart.o(.text)
    UARTIntStatus                            0x00002ced   Thumb Code    12  uart.o(.text)
    UARTIntClear                             0x00002cf9   Thumb Code     4  uart.o(.text)
    UARTDMAEnable                            0x00002cfd   Thumb Code     8  uart.o(.text)
    UARTDMADisable                           0x00002d05   Thumb Code    10  uart.o(.text)
    UARTRxErrorGet                           0x00002d11   Thumb Code     8  uart.o(.text)
    UARTRxErrorClear                         0x00002d19   Thumb Code     6  uart.o(.text)
    UARTClockSourceSet                       0x00002d21   Thumb Code     6  uart.o(.text)
    UARTClockSourceGet                       0x00002d29   Thumb Code     6  uart.o(.text)
    UART9BitEnable                           0x00002d31   Thumb Code    14  uart.o(.text)
    UART9BitDisable                          0x00002d41   Thumb Code    14  uart.o(.text)
    UART9BitAddrSet                          0x00002d51   Thumb Code    10  uart.o(.text)
    UART9BitAddrSend                         0x00002d5d   Thumb Code   100  uart.o(.text)
    UARTLoopbackEnable                       0x00002dc1   Thumb Code    10  uart.o(.text)
    Reset_Handler                            0x00002dcd   Thumb Code     8  startup_tm4c123.o(.text)
    NMI_Handler                              0x00002dd5   Thumb Code     2  startup_tm4c123.o(.text)
    HardFault_Handler                        0x00002dd7   Thumb Code     2  startup_tm4c123.o(.text)
    MemManage_Handler                        0x00002dd9   Thumb Code     2  startup_tm4c123.o(.text)
    BusFault_Handler                         0x00002ddb   Thumb Code     2  startup_tm4c123.o(.text)
    UsageFault_Handler                       0x00002ddd   Thumb Code     2  startup_tm4c123.o(.text)
    SVC_Handler                              0x00002ddf   Thumb Code     2  startup_tm4c123.o(.text)
    DebugMon_Handler                         0x00002de1   Thumb Code     2  startup_tm4c123.o(.text)
    PendSV_Handler                           0x00002de3   Thumb Code     2  startup_tm4c123.o(.text)
    SysTick_Handler                          0x00002de5   Thumb Code     2  startup_tm4c123.o(.text)
    GPIOA_Handler                            0x00002de7   Thumb Code     2  startup_tm4c123.o(.text)
    GPIOB_Handler                            0x00002de9   Thumb Code     2  startup_tm4c123.o(.text)
    GPIOC_Handler                            0x00002deb   Thumb Code     2  startup_tm4c123.o(.text)
    GPIOD_Handler                            0x00002ded   Thumb Code     2  startup_tm4c123.o(.text)
    GPIOE_Handler                            0x00002def   Thumb Code     2  startup_tm4c123.o(.text)
    UART0_Handler                            0x00002df1   Thumb Code     2  startup_tm4c123.o(.text)
    UART1_Handler                            0x00002df3   Thumb Code     2  startup_tm4c123.o(.text)
    SSI0_Handler                             0x00002df5   Thumb Code     2  startup_tm4c123.o(.text)
    I2C0_Handler                             0x00002df7   Thumb Code     2  startup_tm4c123.o(.text)
    PMW0_FAULT_Handler                       0x00002df9   Thumb Code     2  startup_tm4c123.o(.text)
    PWM0_0_Handler                           0x00002dfb   Thumb Code     2  startup_tm4c123.o(.text)
    PWM0_1_Handler                           0x00002dfd   Thumb Code     2  startup_tm4c123.o(.text)
    PWM0_2_Handler                           0x00002dff   Thumb Code     2  startup_tm4c123.o(.text)
    QEI0_Handler                             0x00002e01   Thumb Code     2  startup_tm4c123.o(.text)
    ADC0SS0_Handler                          0x00002e03   Thumb Code     2  startup_tm4c123.o(.text)
    ADC0SS1_Handler                          0x00002e05   Thumb Code     2  startup_tm4c123.o(.text)
    ADC0SS2_Handler                          0x00002e07   Thumb Code     2  startup_tm4c123.o(.text)
    ADC0SS3_Handler                          0x00002e09   Thumb Code     2  startup_tm4c123.o(.text)
    WDT0_Handler                             0x00002e0b   Thumb Code     2  startup_tm4c123.o(.text)
    TIMER0A_Handler                          0x00002e0d   Thumb Code     2  startup_tm4c123.o(.text)
    TIMER0B_Handler                          0x00002e0f   Thumb Code     2  startup_tm4c123.o(.text)
    TIMER1A_Handler                          0x00002e11   Thumb Code     2  startup_tm4c123.o(.text)
    TIMER1B_Handler                          0x00002e13   Thumb Code     2  startup_tm4c123.o(.text)
    TIMER2A_Handler                          0x00002e15   Thumb Code     2  startup_tm4c123.o(.text)
    TIMER2B_Handler                          0x00002e17   Thumb Code     2  startup_tm4c123.o(.text)
    COMP0_Handler                            0x00002e19   Thumb Code     2  startup_tm4c123.o(.text)
    COMP1_Handler                            0x00002e1b   Thumb Code     2  startup_tm4c123.o(.text)
    COMP2_Handler                            0x00002e1d   Thumb Code     2  startup_tm4c123.o(.text)
    SYSCTL_Handler                           0x00002e1f   Thumb Code     2  startup_tm4c123.o(.text)
    FLASH_Handler                            0x00002e21   Thumb Code     2  startup_tm4c123.o(.text)
    GPIOF_Handler                            0x00002e23   Thumb Code     2  startup_tm4c123.o(.text)
    GPIOG_Handler                            0x00002e25   Thumb Code     2  startup_tm4c123.o(.text)
    GPIOH_Handler                            0x00002e27   Thumb Code     2  startup_tm4c123.o(.text)
    UART2_Handler                            0x00002e29   Thumb Code     2  startup_tm4c123.o(.text)
    SSI1_Handler                             0x00002e2b   Thumb Code     2  startup_tm4c123.o(.text)
    TIMER3A_Handler                          0x00002e2d   Thumb Code     2  startup_tm4c123.o(.text)
    TIMER3B_Handler                          0x00002e2f   Thumb Code     2  startup_tm4c123.o(.text)
    I2C1_Handler                             0x00002e31   Thumb Code     2  startup_tm4c123.o(.text)
    QEI1_Handler                             0x00002e33   Thumb Code     2  startup_tm4c123.o(.text)
    CAN0_Handler                             0x00002e35   Thumb Code     2  startup_tm4c123.o(.text)
    CAN1_Handler                             0x00002e37   Thumb Code     2  startup_tm4c123.o(.text)
    CAN2_Handler                             0x00002e39   Thumb Code     2  startup_tm4c123.o(.text)
    HIB_Handler                              0x00002e3b   Thumb Code     2  startup_tm4c123.o(.text)
    USB0_Handler                             0x00002e3d   Thumb Code     2  startup_tm4c123.o(.text)
    PWM0_3_Handler                           0x00002e3f   Thumb Code     2  startup_tm4c123.o(.text)
    UDMA_Handler                             0x00002e41   Thumb Code     2  startup_tm4c123.o(.text)
    UDMAERR_Handler                          0x00002e43   Thumb Code     2  startup_tm4c123.o(.text)
    ADC1SS0_Handler                          0x00002e45   Thumb Code     2  startup_tm4c123.o(.text)
    ADC1SS1_Handler                          0x00002e47   Thumb Code     2  startup_tm4c123.o(.text)
    ADC1SS2_Handler                          0x00002e49   Thumb Code     2  startup_tm4c123.o(.text)
    ADC1SS3_Handler                          0x00002e4b   Thumb Code     2  startup_tm4c123.o(.text)
    GPIOJ_Handler                            0x00002e4d   Thumb Code     2  startup_tm4c123.o(.text)
    GPIOK_Handler                            0x00002e4f   Thumb Code     2  startup_tm4c123.o(.text)
    GPIOL_Handler                            0x00002e51   Thumb Code     2  startup_tm4c123.o(.text)
    SSI2_Handler                             0x00002e53   Thumb Code     2  startup_tm4c123.o(.text)
    SSI3_Handler                             0x00002e55   Thumb Code     2  startup_tm4c123.o(.text)
    UART3_Handler                            0x00002e57   Thumb Code     2  startup_tm4c123.o(.text)
    UART4_Handler                            0x00002e59   Thumb Code     2  startup_tm4c123.o(.text)
    UART5_Handler                            0x00002e5b   Thumb Code     2  startup_tm4c123.o(.text)
    UART6_Handler                            0x00002e5d   Thumb Code     2  startup_tm4c123.o(.text)
    UART7_Handler                            0x00002e5f   Thumb Code     2  startup_tm4c123.o(.text)
    I2C2_Handler                             0x00002e61   Thumb Code     2  startup_tm4c123.o(.text)
    I2C3_Handler                             0x00002e63   Thumb Code     2  startup_tm4c123.o(.text)
    TIMER4A_Handler                          0x00002e65   Thumb Code     2  startup_tm4c123.o(.text)
    TIMER4B_Handler                          0x00002e67   Thumb Code     2  startup_tm4c123.o(.text)
    TIMER5A_Handler                          0x00002e69   Thumb Code     2  startup_tm4c123.o(.text)
    TIMER5B_Handler                          0x00002e6b   Thumb Code     2  startup_tm4c123.o(.text)
    WTIMER0A_Handler                         0x00002e6d   Thumb Code     2  startup_tm4c123.o(.text)
    WTIMER0B_Handler                         0x00002e6f   Thumb Code     2  startup_tm4c123.o(.text)
    WTIMER1A_Handler                         0x00002e71   Thumb Code     2  startup_tm4c123.o(.text)
    WTIMER1B_Handler                         0x00002e73   Thumb Code     2  startup_tm4c123.o(.text)
    WTIMER2A_Handler                         0x00002e75   Thumb Code     2  startup_tm4c123.o(.text)
    WTIMER2B_Handler                         0x00002e77   Thumb Code     2  startup_tm4c123.o(.text)
    WTIMER3A_Handler                         0x00002e79   Thumb Code     2  startup_tm4c123.o(.text)
    WTIMER3B_Handler                         0x00002e7b   Thumb Code     2  startup_tm4c123.o(.text)
    WTIMER4A_Handler                         0x00002e7d   Thumb Code     2  startup_tm4c123.o(.text)
    WTIMER4B_Handler                         0x00002e7f   Thumb Code     2  startup_tm4c123.o(.text)
    WTIMER5A_Handler                         0x00002e81   Thumb Code     2  startup_tm4c123.o(.text)
    WTIMER5B_Handler                         0x00002e83   Thumb Code     2  startup_tm4c123.o(.text)
    FPU_Handler                              0x00002e85   Thumb Code     2  startup_tm4c123.o(.text)
    I2C4_Handler                             0x00002e87   Thumb Code     2  startup_tm4c123.o(.text)
    I2C5_Handler                             0x00002e89   Thumb Code     2  startup_tm4c123.o(.text)
    GPIOM_Handler                            0x00002e8b   Thumb Code     2  startup_tm4c123.o(.text)
    GPION_Handler                            0x00002e8d   Thumb Code     2  startup_tm4c123.o(.text)
    QEI2_Handler                             0x00002e8f   Thumb Code     2  startup_tm4c123.o(.text)
    GPIOP0_Handler                           0x00002e91   Thumb Code     2  startup_tm4c123.o(.text)
    GPIOP1_Handler                           0x00002e93   Thumb Code     2  startup_tm4c123.o(.text)
    GPIOP2_Handler                           0x00002e95   Thumb Code     2  startup_tm4c123.o(.text)
    GPIOP3_Handler                           0x00002e97   Thumb Code     2  startup_tm4c123.o(.text)
    GPIOP4_Handler                           0x00002e99   Thumb Code     2  startup_tm4c123.o(.text)
    GPIOP5_Handler                           0x00002e9b   Thumb Code     2  startup_tm4c123.o(.text)
    GPIOP6_Handler                           0x00002e9d   Thumb Code     2  startup_tm4c123.o(.text)
    GPIOP7_Handler                           0x00002e9f   Thumb Code     2  startup_tm4c123.o(.text)
    GPIOQ0_Handler                           0x00002ea1   Thumb Code     2  startup_tm4c123.o(.text)
    GPIOQ1_Handler                           0x00002ea3   Thumb Code     2  startup_tm4c123.o(.text)
    GPIOQ2_Handler                           0x00002ea5   Thumb Code     2  startup_tm4c123.o(.text)
    GPIOQ3_Handler                           0x00002ea7   Thumb Code     2  startup_tm4c123.o(.text)
    GPIOQ4_Handler                           0x00002ea9   Thumb Code     2  startup_tm4c123.o(.text)
    GPIOQ5_Handler                           0x00002eab   Thumb Code     2  startup_tm4c123.o(.text)
    GPIOQ6_Handler                           0x00002ead   Thumb Code     2  startup_tm4c123.o(.text)
    GPIOQ7_Handler                           0x00002eaf   Thumb Code     2  startup_tm4c123.o(.text)
    GPIOR_Handler                            0x00002eb1   Thumb Code     2  startup_tm4c123.o(.text)
    GPIOS_Handler                            0x00002eb3   Thumb Code     2  startup_tm4c123.o(.text)
    PMW1_0_Handler                           0x00002eb5   Thumb Code     2  startup_tm4c123.o(.text)
    PWM1_1_Handler                           0x00002eb7   Thumb Code     2  startup_tm4c123.o(.text)
    PWM1_2_Handler                           0x00002eb9   Thumb Code     2  startup_tm4c123.o(.text)
    PWM1_3_Handler                           0x00002ebb   Thumb Code     2  startup_tm4c123.o(.text)
    PWM1_FAULT_Handler                       0x00002ebd   Thumb Code     2  startup_tm4c123.o(.text)
    __aeabi_memset                           0x00002ec9   Thumb Code    14  memseta.o(.text)
    __aeabi_memset4                          0x00002ec9   Thumb Code     0  memseta.o(.text)
    __aeabi_memset8                          0x00002ec9   Thumb Code     0  memseta.o(.text)
    __aeabi_memclr                           0x00002ed7   Thumb Code     4  memseta.o(.text)
    __aeabi_memclr4                          0x00002ed7   Thumb Code     0  memseta.o(.text)
    __aeabi_memclr8                          0x00002ed7   Thumb Code     0  memseta.o(.text)
    _memset$wrapper                          0x00002edb   Thumb Code    18  memseta.o(.text)
    __aeabi_dmul                             0x00002eed   Thumb Code   228  dmul.o(.text)
    __aeabi_uidiv                            0x00002fd1   Thumb Code     0  uidiv.o(.text)
    __aeabi_uidivmod                         0x00002fd1   Thumb Code    44  uidiv.o(.text)
    __aeabi_uldivmod                         0x00002ffd   Thumb Code    98  uldiv.o(.text)
    __aeabi_llsr                             0x0000305f   Thumb Code    32  llushr.o(.text)
    _ll_ushift_r                             0x0000305f   Thumb Code     0  llushr.o(.text)
    __I$use$fp                               0x0000307f   Thumb Code     0  iusefp.o(.text)
    _double_round                            0x0000307f   Thumb Code    30  depilogue.o(.text)
    _double_epilogue                         0x0000309d   Thumb Code   156  depilogue.o(.text)
    __aeabi_dadd                             0x00003139   Thumb Code   322  dadd.o(.text)
    __aeabi_dsub                             0x0000327b   Thumb Code     6  dadd.o(.text)
    __aeabi_drsub                            0x00003281   Thumb Code     6  dadd.o(.text)
    __aeabi_ddiv                             0x00003287   Thumb Code   222  ddiv.o(.text)
    __aeabi_d2ulz                            0x00003365   Thumb Code    48  dfixul.o(.text)
    __aeabi_cdrcmple                         0x00003395   Thumb Code    48  cdrcmple.o(.text)
    __scatterload                            0x000033c5   Thumb Code    28  init.o(.text)
    __scatterload_rt2                        0x000033c5   Thumb Code     0  init.o(.text)
    __aeabi_llsl                             0x000033e9   Thumb Code    30  llshl.o(.text)
    _ll_shift_l                              0x000033e9   Thumb Code     0  llshl.o(.text)
    __aeabi_lasr                             0x00003407   Thumb Code    36  llsshr.o(.text)
    _ll_sshift_r                             0x00003407   Thumb Code     0  llsshr.o(.text)
    __decompress                             0x0000342b   Thumb Code     0  __dczerorl.o(.text)
    __decompress0                            0x0000342b   Thumb Code    58  __dczerorl.o(.text)
    __0vsnprintf                             0x00003465   Thumb Code    46  printfa.o(i.__0vsnprintf)
    __1vsnprintf                             0x00003465   Thumb Code     0  printfa.o(i.__0vsnprintf)
    __2vsnprintf                             0x00003465   Thumb Code     0  printfa.o(i.__0vsnprintf)
    __c89vsnprintf                           0x00003465   Thumb Code     0  printfa.o(i.__0vsnprintf)
    vsnprintf                                0x00003465   Thumb Code     0  printfa.o(i.__0vsnprintf)
    __scatterload_copy                       0x00003499   Thumb Code    14  handlers.o(i.__scatterload_copy)
    __scatterload_null                       0x000034a7   Thumb Code     2  handlers.o(i.__scatterload_null)
    __scatterload_zeroinit                   0x000034a9   Thumb Code    14  handlers.o(i.__scatterload_zeroinit)
    free                                     0x00003d81   Thumb Code    76  malloc.o(i.free)
    malloc                                   0x00003dd1   Thumb Code    92  malloc.o(i.malloc)
    Region$$Table$$Base                      0x00004478   Number         0  anon$$obj.o(Region$$Table)
    Region$$Table$$Limit                     0x00004498   Number         0  anon$$obj.o(Region$$Table)
    __microlib_freelist                      0x20000000   Data           4  mvars.o(.data)
    __microlib_freelist_initialised          0x20000004   Data           4  mvars.o(.data)
    SystemCoreClock                          0x20000008   Data           4  system_tm4c123.o(.data.SystemCoreClock)
    __heap_base                              0x20000680   Data           0  startup_tm4c123.o(HEAP)
    __heap_limit                             0x20000980   Data           0  startup_tm4c123.o(HEAP)
    __initial_sp                             0x20001380   Data           0  startup_tm4c123.o(STACK)



==============================================================================

Memory Map of the image

  Image Entry point : 0x0000026d

  Load Region LR_IROM1 (Base: 0x00000000, Size: 0x00004e70, Max: 0x00040000, ABSOLUTE, COMPRESSED[0x00004818])

    Execution Region ER_IROM1 (Exec base: 0x00000000, Load base: 0x00000000, Size: 0x00004498, Max: 0x00040000, ABSOLUTE)

    Exec Addr    Load Addr    Size         Type   Attr      Idx    E Section Name        Object

    0x00000000   0x00000000   0x0000026c   Data   RO          134    RESET               startup_tm4c123.o
    0x0000026c   0x0000026c   0x00000000   Code   RO          136  * .ARM.Collect$$$$00000000  mc_w.l(entry.o)
    0x0000026c   0x0000026c   0x00000004   Code   RO          171    .ARM.Collect$$$$00000001  mc_w.l(entry2.o)
    0x00000270   0x00000270   0x00000004   Code   RO          174    .ARM.Collect$$$$00000004  mc_w.l(entry5.o)
    0x00000274   0x00000274   0x00000000   Code   RO          176    .ARM.Collect$$$$00000008  mc_w.l(entry7b.o)
    0x00000274   0x00000274   0x00000000   Code   RO          178    .ARM.Collect$$$$0000000A  mc_w.l(entry8b.o)
    0x00000274   0x00000274   0x00000008   Code   RO          179    .ARM.Collect$$$$0000000B  mc_w.l(entry9a.o)
    0x0000027c   0x0000027c   0x00000000   Code   RO          181    .ARM.Collect$$$$0000000D  mc_w.l(entry10a.o)
    0x0000027c   0x0000027c   0x00000000   Code   RO          183    .ARM.Collect$$$$0000000F  mc_w.l(entry11a.o)
    0x0000027c   0x0000027c   0x00000004   Code   RO          172    .ARM.Collect$$$$00002712  mc_w.l(entry2.o)
    0x00000280   0x00000280   0x00000080   Code   RO            1    .text               main.o
    0x00000300   0x00000300   0x000001ac   Code   RO            5    .text               system_tm4c123.o
    0x000004ac   0x000004ac   0x000000fa   Code   RO            9    .text               system.o
    0x000005a6   0x000005a6   0x00000002   PAD
    0x000005a8   0x000005a8   0x00000688   Code   RO           12    .text               uartstdio.o
    0x00000c30   0x00000c30   0x00000122   Code   RO           15    .text               myuart.o
    0x00000d52   0x00000d52   0x00000002   PAD
    0x00000d54   0x00000d54   0x00000038   Code   RO           51    .text               cpu.o
    0x00000d8c   0x00000d8c   0x000000b4   Code   RO           67    .text               fpu.o
    0x00000e40   0x00000e40   0x000009fa   Code   RO           69    .text               gpio.o
    0x0000183a   0x0000183a   0x00000002   PAD
    0x0000183c   0x0000183c   0x0000037e   Code   RO           80    .text               interrupt.o
    0x00001bba   0x00001bba   0x00000002   PAD
    0x00001bbc   0x00001bbc   0x00000cb8   Code   RO          109    .text               sysctl.o
    0x00002874   0x00002874   0x000000b0   Code   RO          116    .text               systick.o
    0x00002924   0x00002924   0x000004a6   Code   RO          122    .text               uart.o
    0x00002dca   0x00002dca   0x00000002   PAD
    0x00002dcc   0x00002dcc   0x000000fc   Code   RO          135    .text               startup_tm4c123.o
    0x00002ec8   0x00002ec8   0x00000024   Code   RO          139    .text               mc_w.l(memseta.o)
    0x00002eec   0x00002eec   0x000000e4   Code   RO          168    .text               mf_w.l(dmul.o)
    0x00002fd0   0x00002fd0   0x0000002c   Code   RO          188    .text               mc_w.l(uidiv.o)
    0x00002ffc   0x00002ffc   0x00000062   Code   RO          189    .text               mc_w.l(uldiv.o)
    0x0000305e   0x0000305e   0x00000020   Code   RO          190    .text               mc_w.l(llushr.o)
    0x0000307e   0x0000307e   0x00000000   Code   RO          195    .text               mc_w.l(iusefp.o)
    0x0000307e   0x0000307e   0x000000ba   Code   RO          196    .text               mf_w.l(depilogue.o)
    0x00003138   0x00003138   0x0000014e   Code   RO          197    .text               mf_w.l(dadd.o)
    0x00003286   0x00003286   0x000000de   Code   RO          198    .text               mf_w.l(ddiv.o)
    0x00003364   0x00003364   0x00000030   Code   RO          199    .text               mf_w.l(dfixul.o)
    0x00003394   0x00003394   0x00000030   Code   RO          200    .text               mf_w.l(cdrcmple.o)
    0x000033c4   0x000033c4   0x00000024   Code   RO          201    .text               mc_w.l(init.o)
    0x000033e8   0x000033e8   0x0000001e   Code   RO          203    .text               mc_w.l(llshl.o)
    0x00003406   0x00003406   0x00000024   Code   RO          204    .text               mc_w.l(llsshr.o)
    0x0000342a   0x0000342a   0x0000003a   Code   RO          211    .text               mc_w.l(__dczerorl.o)
    0x00003464   0x00003464   0x00000034   Code   RO          146    i.__0vsnprintf      mc_w.l(printfa.o)
    0x00003498   0x00003498   0x0000000e   Code   RO          208    i.__scatterload_copy  mc_w.l(handlers.o)
    0x000034a6   0x000034a6   0x00000002   Code   RO          209    i.__scatterload_null  mc_w.l(handlers.o)
    0x000034a8   0x000034a8   0x0000000e   Code   RO          210    i.__scatterload_zeroinit  mc_w.l(handlers.o)
    0x000034b6   0x000034b6   0x00000002   PAD
    0x000034b8   0x000034b8   0x00000184   Code   RO          148    i._fp_digits        mc_w.l(printfa.o)
    0x0000363c   0x0000363c   0x000006dc   Code   RO          149    i._printf_core      mc_w.l(printfa.o)
    0x00003d18   0x00003d18   0x00000024   Code   RO          150    i._printf_post_padding  mc_w.l(printfa.o)
    0x00003d3c   0x00003d3c   0x0000002e   Code   RO          151    i._printf_pre_padding  mc_w.l(printfa.o)
    0x00003d6a   0x00003d6a   0x00000016   Code   RO          152    i._snputc           mc_w.l(printfa.o)
    0x00003d80   0x00003d80   0x00000050   Code   RO          154    i.free              mc_w.l(malloc.o)
    0x00003dd0   0x00003dd0   0x0000006c   Code   RO          155    i.malloc            mc_w.l(malloc.o)
    0x00003e3c   0x00003e3c   0x0000005c   Data   RO            8    .rodata..Lswitch.table.SystemCoreClockUpdate.1  system_tm4c123.o
    0x00003e98   0x00003e98   0x000001b0   Data   RO          112    .rodata.g_pppui32XTALtoVCO  sysctl.o
    0x00004048   0x00004048   0x000000c0   Data   RO           72    .rodata.g_ppui32GPIOIntMapBlizzard  gpio.o
    0x00004108   0x00004108   0x000000d8   Data   RO           73    .rodata.g_ppui32GPIOIntMapSnowflake  gpio.o
    0x000041e0   0x000041e0   0x00000040   Data   RO          124    .rodata.g_ppui32UARTIntMap  uart.o
    0x00004220   0x00004220   0x00000040   Data   RO          125    .rodata.g_ppui32UARTIntMapSnowflake  uart.o
    0x00004260   0x00004260   0x00000014   Data   RO           85    .rodata.g_pui32Dii16Regs  interrupt.o
    0x00004274   0x00004274   0x00000014   Data   RO           84    .rodata.g_pui32EnRegs  interrupt.o
    0x00004288   0x00004288   0x00000090   Data   RO           71    .rodata.g_pui32GPIOBaseAddrs  gpio.o
    0x00004318   0x00004318   0x00000014   Data   RO           86    .rodata.g_pui32PendRegs  interrupt.o
    0x0000432c   0x0000432c   0x0000009c   Data   RO           83    .rodata.g_pui32Regs  interrupt.o
    0x000043c8   0x000043c8   0x00000014   Data   RO           87    .rodata.g_pui32UnpendRegs  interrupt.o
    0x000043dc   0x000043dc   0x0000006c   Data   RO          111    .rodata.g_pui32Xtals  sysctl.o
    0x00004448   0x00004448   0x00000030   Data   RO          113    .rodata.g_sXTALtoMEMTIM  sysctl.o
    0x00004478   0x00004478   0x00000020   Data   RO          207    Region$$Table       anon$$obj.o


    Execution Region RW_IRAM1 (Exec base: 0x20000000, Load base: 0x00004800, Size: 0x00001380, Max: 0x00008000, ABSOLUTE, COMPRESSED[0x00000018])

    Exec Addr    Load Addr    Size         Type   Attr      Idx    E Section Name        Object

    0x20000000   COMPRESSED   0x00000004   Data   RW          193    .data               mc_w.l(mvars.o)
    0x20000004   COMPRESSED   0x00000004   Data   RW          194    .data               mc_w.l(mvars.o)
    0x20000008   COMPRESSED   0x00000004   Data   RW            7    .data.SystemCoreClock  system_tm4c123.o
    0x2000000c   COMPRESSED   0x000003f4   PAD
    0x20000400   COMPRESSED   0x0000026c   Data   RW           82    vtable              interrupt.o
    0x2000066c   COMPRESSED   0x00000004   PAD
    0x20000670        -       0x00000008   Zero   RW           14    .bss..L_MergedGlobals  uartstdio.o
    0x20000678        -       0x00000004   Zero   RW           11    .bss.SysTime_ms     system.o
    0x2000067c   COMPRESSED   0x00000004   PAD
    0x20000680        -       0x00000300   Zero   RW          133    HEAP                startup_tm4c123.o
    0x20000980        -       0x00000a00   Zero   RW          132    STACK               startup_tm4c123.o


==============================================================================

Image component sizes


      Code (inc. data)   RO Data    RW Data    ZI Data      Debug   Object Name

        56          0          0          0          0          0   cpu.o
       180          0          0          0          0          0   fpu.o
      2554          0        552          0          0          0   gpio.o
       894         68        236        620          0          0   interrupt.o
       128         24          0          0          0          0   main.o
       290          0          0          0          0          0   myuart.o
       252         10        620          0       3328          0   startup_tm4c123.o
      3256         32        588          0          0          0   sysctl.o
       250          0          0          0          4          0   system.o
       428         64         92          4          0          0   system_tm4c123.o
       176          0          0          0          0          0   systick.o
      1190          0        128          0          0          0   uart.o
      1672        212          0          0          8          0   uartstdio.o

    ----------------------------------------------------------------------
     11336        410       2248       1636       3348          0   Object Totals
         0          0         32          0          0          0   (incl. Generated)
        10          0          0       1012          8          0   (incl. Padding)

    ----------------------------------------------------------------------

      Code (inc. data)   RO Data    RW Data    ZI Data      Debug   Library Member Name

        58          0          0          0          0          0   __dczerorl.o
         0          0          0          0          0          0   entry.o
         0          0          0          0          0          0   entry10a.o
         0          0          0          0          0          0   entry11a.o
         8          4          0          0          0          0   entry2.o
         4          0          0          0          0          0   entry5.o
         0          0          0          0          0          0   entry7b.o
         0          0          0          0          0          0   entry8b.o
         8          4          0          0          0          0   entry9a.o
        30          0          0          0          0          0   handlers.o
        36          8          0          0          0          0   init.o
         0          0          0          0          0          0   iusefp.o
        30          0          0          0          0          0   llshl.o
        36          0          0          0          0          0   llsshr.o
        32          0          0          0          0          0   llushr.o
       188         20          0          0          0          0   malloc.o
        36          0          0          0          0          0   memseta.o
         0          0          0          8          0          0   mvars.o
      2300         86          0          0          0          0   printfa.o
        44          0          0          0          0          0   uidiv.o
        98          0          0          0          0          0   uldiv.o
        48          0          0          0          0          0   cdrcmple.o
       334          0          0          0          0          0   dadd.o
       222          0          0          0          0          0   ddiv.o
       186          0          0          0          0          0   depilogue.o
        48          0          0          0          0          0   dfixul.o
       228          0          0          0          0          0   dmul.o

    ----------------------------------------------------------------------
      3976        122          0          8          0          0   Library Totals
         2          0          0          0          0          0   (incl. Padding)

    ----------------------------------------------------------------------

      Code (inc. data)   RO Data    RW Data    ZI Data      Debug   Library Name

      2908        122          0          8          0          0   mc_w.l
      1066          0          0          0          0          0   mf_w.l

    ----------------------------------------------------------------------
      3976        122          0          8          0          0   Library Totals

    ----------------------------------------------------------------------

==============================================================================


      Code (inc. data)   RO Data    RW Data    ZI Data      Debug   

     15312        532       2248       1644       3348          0   Grand Totals
     15312        532       2248         24       3348          0   ELF Image Totals (compressed)
     15312        532       2248         24          0          0   ROM Totals

==============================================================================

    Total RO  Size (Code + RO Data)                17560 (  17.15kB)
    Total RW  Size (RW Data + ZI Data)              4992 (   4.88kB)
    Total ROM Size (Code + RO Data + RW Data)      17584 (  17.17kB)

==============================================================================

