Component: ARM Compiler 5.06 update 6 (build 750) Tool: armlink [4d35ed]

==============================================================================

Section Cross References

    main.o(.text) refers to system.o(.text) for BasicSystemInit
    main.o(.text) refers to myuart.o(.text) for myPrintf
    system_tm4c123.o(.text) refers to system_tm4c123.o(.data) for SystemCoreClock
    system.o(.text) refers to sysctl.o(.text) for SysCtlClockGet
    system.o(.text) refers to systick.o(.text) for SysTickPeriodSet
    system.o(.text) refers to interrupt.o(.text) for IntMasterEnable
    system.o(.text) refers to fpu.o(.text) for FPUEnable
    system.o(.text) refers to myuart.o(.text) for UART0Init
    system.o(.text) refers to system.o(.data) for SysTime_ms
    uartstdio.o(.text) refers to uartstdio.o(.constdata) for g_ui32UARTPeriph
    uartstdio.o(.text) refers to uartstdio.o(.data) for g_ui32Base
    uartstdio.o(.constdata) refers to uartstdio.o(.conststring) for .conststring
    myuart.o(.text) refers to uart.o(.text) for UARTIntStatus
    myuart.o(.text) refers to sysctl.o(.text) for SysCtlPeripheralEnable
    myuart.o(.text) refers to gpio.o(.text) for GPIOPinConfigure
    myuart.o(.text) refers to uartstdio.o(.text) for UARTStdioConfig
    myuart.o(.text) refers to interrupt.o(.text) for IntPrioritySet
    myuart.o(.text) refers to printfa.o(i.__0vsnprintf) for vsnprintf
    myuart.o(.text) refers to malloc.o(i.malloc) for malloc
    myuart.o(.text) refers to malloc.o(i.free) for free
    mypwm.o(.text) refers to sysctl.o(.text) for SysCtlPWMClockSet
    mypwm.o(.text) refers to gpio.o(.text) for GPIOPinConfigure
    mypwm.o(.text) refers to pwm.o(.text) for PWMGenConfigure
    mypwm.o(.text) refers to dfltui.o(.text) for __aeabi_ui2d
    mypwm.o(.text) refers to dmul.o(.text) for __aeabi_dmul
    mypwm.o(.text) refers to dfixui.o(.text) for __aeabi_d2uiz
    myiic.o(.text) refers to sysctl.o(.text) for SysCtlPeripheralEnable
    myiic.o(.text) refers to gpio.o(.text) for GPIOPinConfigure
    myiic.o(.text) refers to i2c.o(.text) for I2CMasterInitExpClk
    myspi.o(.text) refers to sysctl.o(.text) for SysCtlPeripheralEnable
    myspi.o(.text) refers to gpio.o(.text) for GPIOPinConfigure
    myspi.o(.text) refers to ssi.o(.text) for SSIConfigSetExpClk
    oled.o(.text) refers to sysctl.o(.text) for SysCtlPeripheralEnable
    oled.o(.text) refers to gpio.o(.text) for GPIOPinTypeGPIOOutput
    oled.o(.text) refers to myiic.o(.text) for myIICWriteLen
    oled.o(.text) refers to myspi.o(.text) for mySPITransmit
    oled.o(.text) refers to oled.o(.data) for OLED_Protocal
    oled.o(.text) refers to oled.o(.constdata) for F8X16
    oled.o(.text) refers to system.o(.text) for Delay_ms
    adc.o(.text) refers to sysctl.o(.text) for SysCtlPeripheralEnable
    adc.o(.text) refers to gpio.o(.text) for GPIOPinTypeADC
    adc.o(.text) refers to adc_1.o(.text) for ADCSequenceConfigure
    adc.o(.text) refers to memseta.o(.text) for __aeabi_memclr4
    adc.o(.text) refers to adc.o(.bss) for TempAvg
    key.o(.text) refers to sysctl.o(.text) for SysCtlPeripheralEnable
    key.o(.text) refers to gpio.o(.text) for GPIOPinTypeGPIOInput
    key.o(.text) refers to system.o(.text) for Delay_ms
    key.o(.text) refers to key.o(.data) for LastState
    adc_1.o(.text) refers to interrupt.o(.text) for IntRegister
    adc_1.o(.text) refers to adc_1.o(.data) for g_pui8OversampleFactor
    eeprom.o(.text) refers to sysctl.o(.emb_text) for SysCtlDelay
    eeprom.o(.text) refers to sysctl.o(.text) for SysCtlPeripheralReset
    flash.o(.text) refers to interrupt.o(.text) for IntRegister
    flash.o(.text) refers to flash.o(.constdata) for g_pui32FMPRERegs
    gpio.o(.text) refers to interrupt.o(.text) for IntRegister
    gpio.o(.text) refers to gpio.o(.constdata) for g_ppui32GPIOIntMapBlizzard
    i2c.o(.text) refers to interrupt.o(.text) for IntRegister
    i2c.o(.text) refers to i2c.o(.constdata) for g_ppui32I2CIntMap
    interrupt.o(.text) refers to cpu.o(.emb_text) for CPUcpsie
    interrupt.o(.text) refers to interrupt.o(vtable) for g_pfnRAMVectors
    interrupt.o(.text) refers to interrupt.o(.constdata) for g_pui32Priority
    pwm.o(.text) refers to interrupt.o(.text) for IntRegister
    ssi.o(.text) refers to interrupt.o(.text) for IntRegister
    ssi.o(.text) refers to ssi.o(.constdata) for g_ppui32SSIIntMap
    sysctl.o(.text) refers to interrupt.o(.text) for IntRegister
    sysctl.o(.text) refers to sysctl.o(.constdata) for g_sXTALtoMEMTIM
    sysctl.o(.text) refers to cpu.o(.emb_text) for CPUwfi
    sysctl.o(.text) refers to sysctl.o(.emb_text) for SysCtlDelay
    systick.o(.text) refers to interrupt.o(.text) for IntRegister
    timer.o(.text) refers to interrupt.o(.text) for IntRegister
    timer.o(.text) refers to timer.o(.constdata) for g_ppui32TimerIntMap
    uart.o(.text) refers to interrupt.o(.text) for IntRegister
    uart.o(.text) refers to uart.o(.constdata) for g_ppui32UARTIntMap
    udma.o(.text) refers to interrupt.o(.text) for IntRegister
    watchdog.o(.text) refers to interrupt.o(.text) for IntRegister
    startup_tm4c123.o(RESET) refers to startup_tm4c123.o(STACK) for __initial_sp
    startup_tm4c123.o(RESET) refers to startup_tm4c123.o(.text) for Reset_Handler
    startup_tm4c123.o(.text) refers to system_tm4c123.o(.text) for SystemInit
    startup_tm4c123.o(.text) refers to entry.o(.ARM.Collect$$$$00000000) for __main
    entry.o(.ARM.Collect$$$$00000000) refers (Special) to entry10a.o(.ARM.Collect$$$$0000000D) for __rt_final_cpp
    entry.o(.ARM.Collect$$$$00000000) refers (Special) to entry11a.o(.ARM.Collect$$$$0000000F) for __rt_final_exit
    entry.o(.ARM.Collect$$$$00000000) refers (Special) to entry7b.o(.ARM.Collect$$$$00000008) for _main_clock
    entry.o(.ARM.Collect$$$$00000000) refers (Special) to entry8b.o(.ARM.Collect$$$$0000000A) for _main_cpp_init
    entry.o(.ARM.Collect$$$$00000000) refers (Special) to entry9a.o(.ARM.Collect$$$$0000000B) for _main_init
    entry.o(.ARM.Collect$$$$00000000) refers (Special) to entry5.o(.ARM.Collect$$$$00000004) for _main_scatterload
    entry.o(.ARM.Collect$$$$00000000) refers (Special) to entry2.o(.ARM.Collect$$$$00000001) for _main_stk
    printfa.o(i.__0fprintf) refers (Special) to iusefp.o(.text) for __I$use$fp
    printfa.o(i.__0fprintf) refers to printfa.o(i._printf_core) for _printf_core
    printfa.o(i.__0fprintf) refers to fputc.o(i.fputc) for fputc
    printfa.o(i.__0printf) refers (Special) to iusefp.o(.text) for __I$use$fp
    printfa.o(i.__0printf) refers to printfa.o(i._printf_core) for _printf_core
    printfa.o(i.__0printf) refers to fputc.o(i.fputc) for fputc
    printfa.o(i.__0printf) refers to stdout.o(.data) for __stdout
    printfa.o(i.__0snprintf) refers (Special) to iusefp.o(.text) for __I$use$fp
    printfa.o(i.__0snprintf) refers to printfa.o(i._printf_core) for _printf_core
    printfa.o(i.__0snprintf) refers to printfa.o(i._snputc) for _snputc
    printfa.o(i.__0sprintf) refers (Special) to iusefp.o(.text) for __I$use$fp
    printfa.o(i.__0sprintf) refers to printfa.o(i._printf_core) for _printf_core
    printfa.o(i.__0sprintf) refers to printfa.o(i._sputc) for _sputc
    printfa.o(i.__0vfprintf) refers (Special) to iusefp.o(.text) for __I$use$fp
    printfa.o(i.__0vfprintf) refers to printfa.o(i._printf_core) for _printf_core
    printfa.o(i.__0vfprintf) refers to fputc.o(i.fputc) for fputc
    printfa.o(i.__0vprintf) refers (Special) to iusefp.o(.text) for __I$use$fp
    printfa.o(i.__0vprintf) refers to printfa.o(i._printf_core) for _printf_core
    printfa.o(i.__0vprintf) refers to fputc.o(i.fputc) for fputc
    printfa.o(i.__0vprintf) refers to stdout.o(.data) for __stdout
    printfa.o(i.__0vsnprintf) refers (Special) to iusefp.o(.text) for __I$use$fp
    printfa.o(i.__0vsnprintf) refers to printfa.o(i._printf_core) for _printf_core
    printfa.o(i.__0vsnprintf) refers to printfa.o(i._snputc) for _snputc
    printfa.o(i.__0vsprintf) refers (Special) to iusefp.o(.text) for __I$use$fp
    printfa.o(i.__0vsprintf) refers to printfa.o(i._printf_core) for _printf_core
    printfa.o(i.__0vsprintf) refers to printfa.o(i._sputc) for _sputc
    printfa.o(i._fp_digits) refers (Special) to iusefp.o(.text) for __I$use$fp
    printfa.o(i._fp_digits) refers to dmul.o(.text) for __aeabi_dmul
    printfa.o(i._fp_digits) refers to ddiv.o(.text) for __aeabi_ddiv
    printfa.o(i._fp_digits) refers to cdrcmple.o(.text) for __aeabi_cdrcmple
    printfa.o(i._fp_digits) refers to dadd.o(.text) for __aeabi_dadd
    printfa.o(i._fp_digits) refers to dfixul.o(.text) for __aeabi_d2ulz
    printfa.o(i._fp_digits) refers to uldiv.o(.text) for __aeabi_uldivmod
    printfa.o(i._printf_core) refers (Special) to iusefp.o(.text) for __I$use$fp
    printfa.o(i._printf_core) refers to printfa.o(i._printf_pre_padding) for _printf_pre_padding
    printfa.o(i._printf_core) refers to uldiv.o(.text) for __aeabi_uldivmod
    printfa.o(i._printf_core) refers to printfa.o(i._printf_post_padding) for _printf_post_padding
    printfa.o(i._printf_core) refers to printfa.o(i._fp_digits) for _fp_digits
    printfa.o(i._printf_core) refers to uidiv.o(.text) for __aeabi_uidivmod
    printfa.o(i._printf_post_padding) refers (Special) to iusefp.o(.text) for __I$use$fp
    printfa.o(i._printf_pre_padding) refers (Special) to iusefp.o(.text) for __I$use$fp
    printfa.o(i._snputc) refers (Special) to iusefp.o(.text) for __I$use$fp
    printfa.o(i._sputc) refers (Special) to iusefp.o(.text) for __I$use$fp
    malloc.o(i.free) refers to mvars.o(.data) for __microlib_freelist
    malloc.o(i.malloc) refers to mvars.o(.data) for __microlib_freelist_initialised
    malloc.o(i.malloc) refers to mvars.o(.data) for __microlib_freelist
    malloc.o(i.malloc) refers to startup_tm4c123.o(HEAP) for __heap_base
    mallocr.o(i.__free$realloc) refers to mvars.o(.data) for __microlib_freelist
    mallocr.o(i.__malloc$realloc) refers to mallocr.o(i.internal_alloc) for internal_alloc
    mallocr.o(i.__malloc$realloc) refers to mvars.o(.data) for __microlib_freelist_initialised
    mallocr.o(i.__malloc$realloc) refers to startup_tm4c123.o(HEAP) for __heap_base
    mallocr.o(i.__malloc$realloc) refers to mvars.o(.data) for __microlib_freelist
    mallocr.o(i.internal_alloc) refers to memcpya.o(.text) for __aeabi_memcpy
    mallocr.o(i.internal_alloc) refers to mvars.o(.data) for __microlib_freelist
    mallocr.o(i.realloc) refers to mallocr.o(i.__free$realloc) for __free$realloc
    mallocr.o(i.realloc) refers to mallocr.o(i.internal_alloc) for internal_alloc
    mallocr.o(i.realloc) refers to mallocr.o(i.__malloc$realloc) for __malloc$realloc
    mallocr.o(i.realloc) refers to mvars.o(.data) for __microlib_freelist
    malloca.o(i.__aligned_malloc) refers to mvars.o(.data) for __microlib_freelist_initialised
    malloca.o(i.__aligned_malloc) refers to mvars.o(.data) for __microlib_freelist
    malloca.o(i.__aligned_malloc) refers to startup_tm4c123.o(HEAP) for __heap_base
    malloca.o(i.__free$memalign) refers to mvars.o(.data) for __microlib_freelist
    malloca.o(i.__malloc$memalign) refers to malloca.o(i.__aligned_malloc) for __aligned_malloc
    mallocra.o(i.__aligned_malloc$realloc) refers to mallocra.o(i.internal_alloc) for internal_alloc
    mallocra.o(i.__aligned_malloc$realloc) refers to mvars.o(.data) for __microlib_freelist_initialised
    mallocra.o(i.__aligned_malloc$realloc) refers to startup_tm4c123.o(HEAP) for __heap_base
    mallocra.o(i.__aligned_malloc$realloc) refers to mvars.o(.data) for __microlib_freelist
    mallocra.o(i.__free$realloc$memalign) refers to mvars.o(.data) for __microlib_freelist
    mallocra.o(i.__malloc$realloc$memalign) refers to mallocra.o(i.__aligned_malloc$realloc) for __aligned_malloc$realloc
    mallocra.o(i.__realloc$memalign) refers to mallocra.o(i.__free$realloc$memalign) for __free$realloc$memalign
    mallocra.o(i.__realloc$memalign) refers to mallocra.o(i.internal_alloc) for internal_alloc
    mallocra.o(i.__realloc$memalign) refers to mallocra.o(i.__malloc$realloc$memalign) for __malloc$realloc$memalign
    mallocra.o(i.__realloc$memalign) refers to mvars.o(.data) for __microlib_freelist
    mallocra.o(i.internal_alloc) refers to memcpya.o(.text) for __aeabi_memcpy
    mallocra.o(i.internal_alloc) refers to mvars.o(.data) for __microlib_freelist
    dmul.o(.text) refers (Special) to iusefp.o(.text) for __I$use$fp
    dmul.o(.text) refers to depilogue.o(.text) for _double_epilogue
    dfltui.o(.text) refers (Special) to iusefp.o(.text) for __I$use$fp
    dfltui.o(.text) refers to depilogue.o(.text) for _double_epilogue
    dfixui.o(.text) refers (Special) to iusefp.o(.text) for __I$use$fp
    dfixui.o(.text) refers to llushr.o(.text) for __aeabi_llsr
    entry2.o(.ARM.Collect$$$$00000001) refers to entry2.o(.ARM.Collect$$$$00002712) for __lit__00000000
    entry2.o(.ARM.Collect$$$$00002712) refers to startup_tm4c123.o(STACK) for __initial_sp
    entry2.o(__vectab_stack_and_reset_area) refers to startup_tm4c123.o(STACK) for __initial_sp
    entry2.o(__vectab_stack_and_reset_area) refers to entry.o(.ARM.Collect$$$$00000000) for __main
    entry5.o(.ARM.Collect$$$$00000004) refers to init.o(.text) for __scatterload
    entry9a.o(.ARM.Collect$$$$0000000B) refers to main.o(.text) for main
    entry9b.o(.ARM.Collect$$$$0000000C) refers to main.o(.text) for main
    fputc.o(i.fputc) refers (Special) to iusesemip.o(.text) for __I$use$semihosting$fputc
    fputc.o(i.fputc) refers (Special) to semi.o(.text) for __semihosting_library_function
    uldiv.o(.text) refers to llushr.o(.text) for __aeabi_llsr
    uldiv.o(.text) refers to llshl.o(.text) for __aeabi_llsl
    depilogue.o(.text) refers to llshl.o(.text) for __aeabi_llsl
    depilogue.o(.text) refers to llushr.o(.text) for __aeabi_llsr
    dadd.o(.text) refers to llshl.o(.text) for __aeabi_llsl
    dadd.o(.text) refers to llsshr.o(.text) for __aeabi_lasr
    dadd.o(.text) refers to depilogue.o(.text) for _double_epilogue
    ddiv.o(.text) refers to depilogue.o(.text) for _double_round
    dfixul.o(.text) refers to llushr.o(.text) for __aeabi_llsr
    dfixul.o(.text) refers to llshl.o(.text) for __aeabi_llsl
    init.o(.text) refers to entry5.o(.ARM.Collect$$$$00000004) for __main_after_scatterload


==============================================================================

Removing Unused input sections from the image.

    Removing system_tm4c123.o(.rev16_text), (4 bytes).
    Removing system_tm4c123.o(.revsh_text), (4 bytes).
    Removing system_tm4c123.o(.rrx_text), (6 bytes).
    Removing mypwm.o(.text), (644 bytes).
    Removing myiic.o(.text), (484 bytes).
    Removing myspi.o(.text), (144 bytes).
    Removing oled.o(.text), (1440 bytes).
    Removing oled.o(.constdata), (2072 bytes).
    Removing oled.o(.data), (900 bytes).
    Removing adc.o(.text), (440 bytes).
    Removing adc.o(.bss), (24 bytes).
    Removing key.o(.text), (228 bytes).
    Removing key.o(.data), (8 bytes).
    Removing adc_1.o(.text), (1144 bytes).
    Removing adc_1.o(.data), (6 bytes).
    Removing eeprom.o(.text), (900 bytes).
    Removing flash.o(.text), (724 bytes).
    Removing flash.o(.constdata), (128 bytes).
    Removing i2c.o(.text), (964 bytes).
    Removing i2c.o(.constdata), (128 bytes).
    Removing pwm.o(.text), (1118 bytes).
    Removing ssi.o(.text), (472 bytes).
    Removing ssi.o(.constdata), (64 bytes).
    Removing timer.o(.text), (804 bytes).
    Removing timer.o(.constdata), (160 bytes).
    Removing udma.o(.text), (816 bytes).
    Removing watchdog.o(.text), (200 bytes).
    Removing dfltui.o(.text), (26 bytes).
    Removing dfixui.o(.text), (50 bytes).

29 unused section(s) (total 14102 bytes) removed from the image.

==============================================================================

Image Symbol Table

    Local Symbols

    Symbol Name                              Value     Ov Type        Size  Object(Section)

    RESET                                    0x00000000   Section      620  startup_tm4c123.o(RESET)
    ../clib/../cmprslib/zerorunl.c           0x00000000   Number         0  __dczerorl.o ABSOLUTE
    ../clib/microlib/division.c              0x00000000   Number         0  uidiv.o ABSOLUTE
    ../clib/microlib/division.c              0x00000000   Number         0  uldiv.o ABSOLUTE
    ../clib/microlib/init/entry.s            0x00000000   Number         0  entry7a.o ABSOLUTE
    ../clib/microlib/init/entry.s            0x00000000   Number         0  entry5.o ABSOLUTE
    ../clib/microlib/init/entry.s            0x00000000   Number         0  entry10a.o ABSOLUTE
    ../clib/microlib/init/entry.s            0x00000000   Number         0  entry2.o ABSOLUTE
    ../clib/microlib/init/entry.s            0x00000000   Number         0  entry10b.o ABSOLUTE
    ../clib/microlib/init/entry.s            0x00000000   Number         0  entry11a.o ABSOLUTE
    ../clib/microlib/init/entry.s            0x00000000   Number         0  entry7b.o ABSOLUTE
    ../clib/microlib/init/entry.s            0x00000000   Number         0  entry11b.o ABSOLUTE
    ../clib/microlib/init/entry.s            0x00000000   Number         0  entry.o ABSOLUTE
    ../clib/microlib/init/entry.s            0x00000000   Number         0  entry9b.o ABSOLUTE
    ../clib/microlib/init/entry.s            0x00000000   Number         0  entry9a.o ABSOLUTE
    ../clib/microlib/init/entry.s            0x00000000   Number         0  entry8b.o ABSOLUTE
    ../clib/microlib/init/entry.s            0x00000000   Number         0  entry8a.o ABSOLUTE
    ../clib/microlib/longlong.c              0x00000000   Number         0  llshl.o ABSOLUTE
    ../clib/microlib/longlong.c              0x00000000   Number         0  llushr.o ABSOLUTE
    ../clib/microlib/longlong.c              0x00000000   Number         0  llsshr.o ABSOLUTE
    ../clib/microlib/malloc/malloc.c         0x00000000   Number         0  mallocr.o ABSOLUTE
    ../clib/microlib/malloc/malloc.c         0x00000000   Number         0  mallocra.o ABSOLUTE
    ../clib/microlib/malloc/malloc.c         0x00000000   Number         0  malloca.o ABSOLUTE
    ../clib/microlib/malloc/malloc.c         0x00000000   Number         0  malloc.o ABSOLUTE
    ../clib/microlib/malloc/mvars.c          0x00000000   Number         0  mvars.o ABSOLUTE
    ../clib/microlib/printf/printf.c         0x00000000   Number         0  printfa.o ABSOLUTE
    ../clib/microlib/stdio/fputc.c           0x00000000   Number         0  fputc.o ABSOLUTE
    ../clib/microlib/stdio/semi.s            0x00000000   Number         0  semi.o ABSOLUTE
    ../clib/microlib/stdio/streams.c         0x00000000   Number         0  stdout.o ABSOLUTE
    ../clib/microlib/string/memcpy.c         0x00000000   Number         0  memcpya.o ABSOLUTE
    ../clib/microlib/string/memcpy.c         0x00000000   Number         0  memcpyb.o ABSOLUTE
    ../clib/microlib/string/memset.c         0x00000000   Number         0  memseta.o ABSOLUTE
    ../clib/microlib/stubs.s                 0x00000000   Number         0  iusesemip.o ABSOLUTE
    ../clib/microlib/stubs.s                 0x00000000   Number         0  iusefp.o ABSOLUTE
    ../fplib/microlib/fpadd.c                0x00000000   Number         0  dadd.o ABSOLUTE
    ../fplib/microlib/fpdiv.c                0x00000000   Number         0  ddiv.o ABSOLUTE
    ../fplib/microlib/fpepilogue.c           0x00000000   Number         0  depilogue.o ABSOLUTE
    ../fplib/microlib/fpfix.c                0x00000000   Number         0  dfixul.o ABSOLUTE
    ../fplib/microlib/fpfix.c                0x00000000   Number         0  dfixui.o ABSOLUTE
    ../fplib/microlib/fpflt.c                0x00000000   Number         0  dfltui.o ABSOLUTE
    ../fplib/microlib/fpmul.c                0x00000000   Number         0  dmul.o ABSOLUTE
    ..\Core\startup_TM4C123.s                0x00000000   Number         0  startup_tm4c123.o ABSOLUTE
    ..\Hardware\ADC\ADC.c                    0x00000000   Number         0  adc.o ABSOLUTE
    ..\Hardware\IIC\myIIC.c                  0x00000000   Number         0  myiic.o ABSOLUTE
    ..\Hardware\KEY\KEY.c                    0x00000000   Number         0  key.o ABSOLUTE
    ..\Hardware\OLED\oled.c                  0x00000000   Number         0  oled.o ABSOLUTE
    ..\Hardware\PWM\myPWM.c                  0x00000000   Number         0  mypwm.o ABSOLUTE
    ..\Hardware\SPI\mySPI.c                  0x00000000   Number         0  myspi.o ABSOLUTE
    ..\Hardware\UART\myUART.c                0x00000000   Number         0  myuart.o ABSOLUTE
    ..\Library\driverlib\adc.c               0x00000000   Number         0  adc_1.o ABSOLUTE
    ..\Library\driverlib\cpu.c               0x00000000   Number         0  cpu.o ABSOLUTE
    ..\Library\driverlib\eeprom.c            0x00000000   Number         0  eeprom.o ABSOLUTE
    ..\Library\driverlib\flash.c             0x00000000   Number         0  flash.o ABSOLUTE
    ..\Library\driverlib\fpu.c               0x00000000   Number         0  fpu.o ABSOLUTE
    ..\Library\driverlib\gpio.c              0x00000000   Number         0  gpio.o ABSOLUTE
    ..\Library\driverlib\i2c.c               0x00000000   Number         0  i2c.o ABSOLUTE
    ..\Library\driverlib\interrupt.c         0x00000000   Number         0  interrupt.o ABSOLUTE
    ..\Library\driverlib\pwm.c               0x00000000   Number         0  pwm.o ABSOLUTE
    ..\Library\driverlib\ssi.c               0x00000000   Number         0  ssi.o ABSOLUTE
    ..\Library\driverlib\sysctl.c            0x00000000   Number         0  sysctl.o ABSOLUTE
    ..\Library\driverlib\systick.c           0x00000000   Number         0  systick.o ABSOLUTE
    ..\Library\driverlib\timer.c             0x00000000   Number         0  timer.o ABSOLUTE
    ..\Library\driverlib\uart.c              0x00000000   Number         0  uart.o ABSOLUTE
    ..\Library\driverlib\udma.c              0x00000000   Number         0  udma.o ABSOLUTE
    ..\Library\driverlib\watchdog.c          0x00000000   Number         0  watchdog.o ABSOLUTE
    ..\Library\utils\uartstdio.c             0x00000000   Number         0  uartstdio.o ABSOLUTE
    ..\System\system.c                       0x00000000   Number         0  system.o ABSOLUTE
    ..\System\system_TM4C123.c               0x00000000   Number         0  system_tm4c123.o ABSOLUTE
    ..\User\main.c                           0x00000000   Number         0  main.o ABSOLUTE
    ..\\Library\\driverlib\\cpu.c            0x00000000   Number         0  cpu.o ABSOLUTE
    ..\\Library\\driverlib\\sysctl.c         0x00000000   Number         0  sysctl.o ABSOLUTE
    ..\\System\\system_TM4C123.c             0x00000000   Number         0  system_tm4c123.o ABSOLUTE
    cdrcmple.s                               0x00000000   Number         0  cdrcmple.o ABSOLUTE
    dc.s                                     0x00000000   Number         0  dc.o ABSOLUTE
    handlers.s                               0x00000000   Number         0  handlers.o ABSOLUTE
    init.s                                   0x00000000   Number         0  init.o ABSOLUTE
    .ARM.Collect$$$$00000000                 0x0000026c   Section        0  entry.o(.ARM.Collect$$$$00000000)
    .ARM.Collect$$$$00000001                 0x0000026c   Section        4  entry2.o(.ARM.Collect$$$$00000001)
    .ARM.Collect$$$$00000004                 0x00000270   Section        4  entry5.o(.ARM.Collect$$$$00000004)
    .ARM.Collect$$$$00000008                 0x00000274   Section        0  entry7b.o(.ARM.Collect$$$$00000008)
    .ARM.Collect$$$$0000000A                 0x00000274   Section        0  entry8b.o(.ARM.Collect$$$$0000000A)
    .ARM.Collect$$$$0000000B                 0x00000274   Section        8  entry9a.o(.ARM.Collect$$$$0000000B)
    .ARM.Collect$$$$0000000D                 0x0000027c   Section        0  entry10a.o(.ARM.Collect$$$$0000000D)
    .ARM.Collect$$$$0000000F                 0x0000027c   Section        0  entry11a.o(.ARM.Collect$$$$0000000F)
    .ARM.Collect$$$$00002712                 0x0000027c   Section        4  entry2.o(.ARM.Collect$$$$00002712)
    __lit__00000000                          0x0000027c   Data           4  entry2.o(.ARM.Collect$$$$00002712)
    .emb_text                                0x00000280   Section       38  cpu.o(.emb_text)
    $v0                                      0x00000280   Number         0  cpu.o(.emb_text)
    .emb_text                                0x000002a8   Section        6  sysctl.o(.emb_text)
    $v0                                      0x000002a8   Number         0  sysctl.o(.emb_text)
    .text                                    0x000002b0   Section        0  main.o(.text)
    .text                                    0x000002ec   Section        0  system_tm4c123.o(.text)
    getOscClk                                0x000002ed   Thumb Code   182  system_tm4c123.o(.text)
    .text                                    0x00000538   Section        0  system.o(.text)
    .text                                    0x000005f8   Section        0  uartstdio.o(.text)
    .text                                    0x000009b0   Section        0  myuart.o(.text)
    .text                                    0x00000abc   Section        0  fpu.o(.text)
    .text                                    0x00000b60   Section        0  gpio.o(.text)
    _GPIOIntNumberGet                        0x00000b61   Thumb Code    56  gpio.o(.text)
    .text                                    0x0000133c   Section        0  interrupt.o(.text)
    _IntDefaultHandler                       0x0000133d   Thumb Code     4  interrupt.o(.text)
    .text                                    0x0000166c   Section        0  sysctl.o(.text)
    _SysCtlMemTimingGet                      0x0000166d   Thumb Code    36  sysctl.o(.text)
    _SysCtlFrequencyGet                      0x00001691   Thumb Code    96  sysctl.o(.text)
    .text                                    0x00002258   Section        0  systick.o(.text)
    .text                                    0x000022f4   Section        0  uart.o(.text)
    _UARTIntNumberGet                        0x000022f5   Thumb Code    56  uart.o(.text)
    .text                                    0x0000262c   Section      252  startup_tm4c123.o(.text)
    $v0                                      0x0000262c   Number         0  startup_tm4c123.o(.text)
    .text                                    0x00002728   Section        0  dmul.o(.text)
    .text                                    0x0000280c   Section        0  uidiv.o(.text)
    .text                                    0x00002838   Section        0  uldiv.o(.text)
    .text                                    0x0000289a   Section        0  llushr.o(.text)
    .text                                    0x000028ba   Section        0  iusefp.o(.text)
    .text                                    0x000028ba   Section        0  depilogue.o(.text)
    .text                                    0x00002974   Section        0  dadd.o(.text)
    .text                                    0x00002ac2   Section        0  ddiv.o(.text)
    .text                                    0x00002ba0   Section        0  dfixul.o(.text)
    .text                                    0x00002bd0   Section       48  cdrcmple.o(.text)
    .text                                    0x00002c00   Section       36  init.o(.text)
    .text                                    0x00002c24   Section        0  llshl.o(.text)
    .text                                    0x00002c42   Section        0  llsshr.o(.text)
    .text                                    0x00002c66   Section        0  __dczerorl.o(.text)
    i.__0vsnprintf                           0x00002ca0   Section        0  printfa.o(i.__0vsnprintf)
    i.__scatterload_copy                     0x00002ccc   Section       14  handlers.o(i.__scatterload_copy)
    i.__scatterload_null                     0x00002cda   Section        2  handlers.o(i.__scatterload_null)
    i.__scatterload_zeroinit                 0x00002cdc   Section       14  handlers.o(i.__scatterload_zeroinit)
    i._fp_digits                             0x00002cec   Section        0  printfa.o(i._fp_digits)
    _fp_digits                               0x00002ced   Thumb Code   366  printfa.o(i._fp_digits)
    i._printf_core                           0x00002e70   Section        0  printfa.o(i._printf_core)
    _printf_core                             0x00002e71   Thumb Code  1744  printfa.o(i._printf_core)
    i._printf_post_padding                   0x0000354c   Section        0  printfa.o(i._printf_post_padding)
    _printf_post_padding                     0x0000354d   Thumb Code    36  printfa.o(i._printf_post_padding)
    i._printf_pre_padding                    0x00003570   Section        0  printfa.o(i._printf_pre_padding)
    _printf_pre_padding                      0x00003571   Thumb Code    46  printfa.o(i._printf_pre_padding)
    i._snputc                                0x0000359e   Section        0  printfa.o(i._snputc)
    _snputc                                  0x0000359f   Thumb Code    22  printfa.o(i._snputc)
    i.free                                   0x000035b4   Section        0  malloc.o(i.free)
    i.malloc                                 0x00003604   Section        0  malloc.o(i.malloc)
    .constdata                               0x00003670   Section       28  uartstdio.o(.constdata)
    g_pcHex                                  0x00003670   Data           4  uartstdio.o(.constdata)
    g_ui32UARTBase                           0x00003674   Data          12  uartstdio.o(.constdata)
    g_ui32UARTPeriph                         0x00003680   Data          12  uartstdio.o(.constdata)
    .constdata                               0x0000368c   Section      552  gpio.o(.constdata)
    g_ppui32GPIOIntMapBlizzard               0x0000368c   Data         192  gpio.o(.constdata)
    g_ppui32GPIOIntMapSnowflake              0x0000374c   Data         216  gpio.o(.constdata)
    g_pui32GPIOBaseAddrs                     0x00003824   Data         144  gpio.o(.constdata)
    .constdata                               0x000038b4   Section      268  interrupt.o(.constdata)
    g_pui32Priority                          0x000038b4   Data          32  interrupt.o(.constdata)
    g_pui32Regs                              0x000038d4   Data         156  interrupt.o(.constdata)
    g_pui32EnRegs                            0x00003970   Data          20  interrupt.o(.constdata)
    g_pui32Dii16Regs                         0x00003984   Data          20  interrupt.o(.constdata)
    g_pui32PendRegs                          0x00003998   Data          20  interrupt.o(.constdata)
    g_pui32UnpendRegs                        0x000039ac   Data          20  interrupt.o(.constdata)
    .constdata                               0x000039c0   Section      596  sysctl.o(.constdata)
    g_pui32Xtals                             0x000039c0   Data         108  sysctl.o(.constdata)
    g_pppui32XTALtoVCO                       0x00003a2c   Data         432  sysctl.o(.constdata)
    g_sXTALtoMEMTIM                          0x00003bdc   Data          48  sysctl.o(.constdata)
    g_pui32VCOFrequencies                    0x00003c0c   Data           8  sysctl.o(.constdata)
    .constdata                               0x00003c14   Section      128  uart.o(.constdata)
    g_ppui32UARTIntMap                       0x00003c14   Data          64  uart.o(.constdata)
    g_ppui32UARTIntMapSnowflake              0x00003c54   Data          64  uart.o(.constdata)
    .conststring                             0x00003c94   Section       17  uartstdio.o(.conststring)
    .data                                    0x20000000   Section        4  system_tm4c123.o(.data)
    .data                                    0x20000004   Section        4  system.o(.data)
    SysTime_ms                               0x20000004   Data           4  system.o(.data)
    .data                                    0x20000008   Section        5  uartstdio.o(.data)
    g_ui32Base                               0x20000008   Data           4  uartstdio.o(.data)
    bLastWasCR                               0x2000000c   Data           1  uartstdio.o(.data)
    .data                                    0x20000010   Section        4  mvars.o(.data)
    .data                                    0x20000014   Section        4  mvars.o(.data)
    vtable                                   0x20000400   Section      620  interrupt.o(vtable)
    g_pfnRAMVectors                          0x20000400   Data         620  interrupt.o(vtable)
    HEAP                                     0x20000670   Section      768  startup_tm4c123.o(HEAP)
    STACK                                    0x20000970   Section     2560  startup_tm4c123.o(STACK)

    Global Symbols

    Symbol Name                              Value     Ov Type        Size  Object(Section)

    BuildAttributes$$THM_ISAv4$E$P$D$K$B$S$7EM$VFPi3$EXTD16$VFPS$VFMA$PE$A:L22UL41UL21$X:L11$S22US41US21$IEEE1$IW$USESV6$~STKCKD$USESV7$~SHL$OSPACE$ROPI$EBA8$MICROLIB$REQ8$PRES8$EABIv2 0x00000000   Number         0  anon$$obj.o ABSOLUTE
    __ARM_use_no_argv                        0x00000000   Number         0  main.o ABSOLUTE
    __Vectors                                0x00000000   Data           4  startup_tm4c123.o(RESET)
    __cpp_initialize__aeabi_                  - Undefined Weak Reference
    __cxa_finalize                            - Undefined Weak Reference
    _clock_init                               - Undefined Weak Reference
    _microlib_exit                            - Undefined Weak Reference
    __Vectors_End                            0x0000026c   Data           0  startup_tm4c123.o(RESET)
    __Vectors_Size                           0x0000026c   Number         0  startup_tm4c123.o ABSOLUTE
    __main                                   0x0000026d   Thumb Code     0  entry.o(.ARM.Collect$$$$00000000)
    _main_stk                                0x0000026d   Thumb Code     0  entry2.o(.ARM.Collect$$$$00000001)
    _main_scatterload                        0x00000271   Thumb Code     0  entry5.o(.ARM.Collect$$$$00000004)
    __main_after_scatterload                 0x00000275   Thumb Code     0  entry5.o(.ARM.Collect$$$$00000004)
    _main_clock                              0x00000275   Thumb Code     0  entry7b.o(.ARM.Collect$$$$00000008)
    _main_cpp_init                           0x00000275   Thumb Code     0  entry8b.o(.ARM.Collect$$$$0000000A)
    _main_init                               0x00000275   Thumb Code     0  entry9a.o(.ARM.Collect$$$$0000000B)
    __rt_final_cpp                           0x0000027d   Thumb Code     0  entry10a.o(.ARM.Collect$$$$0000000D)
    __rt_final_exit                          0x0000027d   Thumb Code     0  entry11a.o(.ARM.Collect$$$$0000000F)
    CPUcpsid                                 0x00000281   Thumb Code     8  cpu.o(.emb_text)
    CPUprimask                               0x00000289   Thumb Code     6  cpu.o(.emb_text)
    CPUcpsie                                 0x0000028f   Thumb Code     8  cpu.o(.emb_text)
    CPUwfi                                   0x00000297   Thumb Code     4  cpu.o(.emb_text)
    CPUbasepriSet                            0x0000029b   Thumb Code     6  cpu.o(.emb_text)
    CPUbasepriGet                            0x000002a1   Thumb Code     6  cpu.o(.emb_text)
    SysCtlDelay                              0x000002a9   Thumb Code     6  sysctl.o(.emb_text)
    main                                     0x000002b1   Thumb Code    36  main.o(.text)
    SystemCoreClockUpdate                    0x000003a3   Thumb Code   184  system_tm4c123.o(.text)
    SystemInit                               0x0000045b   Thumb Code   112  system_tm4c123.o(.text)
    SysTickIntHandler                        0x00000539   Thumb Code    12  system.o(.text)
    SysTickInit                              0x00000545   Thumb Code    42  system.o(.text)
    GetSysTime_ms                            0x0000056f   Thumb Code     6  system.o(.text)
    GetSysTime_us                            0x00000575   Thumb Code    52  system.o(.text)
    Delay_ms                                 0x000005a9   Thumb Code    22  system.o(.text)
    Delay_us                                 0x000005bf   Thumb Code    22  system.o(.text)
    BasicSystemInit                          0x000005d5   Thumb Code    26  system.o(.text)
    UARTStdioConfig                          0x000005f9   Thumb Code    96  uartstdio.o(.text)
    UARTwrite                                0x00000659   Thumb Code    58  uartstdio.o(.text)
    UARTgets                                 0x00000693   Thumb Code   138  uartstdio.o(.text)
    UARTgetc                                 0x0000071d   Thumb Code    20  uartstdio.o(.text)
    UARTvprintf                              0x00000731   Thumb Code   574  uartstdio.o(.text)
    UARTprintf                               0x0000096f   Thumb Code    26  uartstdio.o(.text)
    UART0_IntHandler                         0x000009b1   Thumb Code    52  myuart.o(.text)
    UART0Init                                0x000009e5   Thumb Code    94  myuart.o(.text)
    myPrintf                                 0x00000a43   Thumb Code   110  myuart.o(.text)
    FPUEnable                                0x00000abd   Thumb Code    14  fpu.o(.text)
    FPUDisable                               0x00000acb   Thumb Code    14  fpu.o(.text)
    FPUStackingEnable                        0x00000ad9   Thumb Code    18  fpu.o(.text)
    FPULazyStackingEnable                    0x00000aeb   Thumb Code    14  fpu.o(.text)
    FPUStackingDisable                       0x00000af9   Thumb Code    14  fpu.o(.text)
    FPUHalfPrecisionModeSet                  0x00000b07   Thumb Code    20  fpu.o(.text)
    FPUNaNModeSet                            0x00000b1b   Thumb Code    20  fpu.o(.text)
    FPUFlushToZeroModeSet                    0x00000b2f   Thumb Code    20  fpu.o(.text)
    FPURoundingModeSet                       0x00000b43   Thumb Code    20  fpu.o(.text)
    GPIODirModeSet                           0x00000b99   Thumb Code    50  gpio.o(.text)
    GPIODirModeGet                           0x00000bcb   Thumb Code    46  gpio.o(.text)
    GPIOIntTypeSet                           0x00000bf9   Thumb Code   102  gpio.o(.text)
    GPIOIntTypeGet                           0x00000c5f   Thumb Code    84  gpio.o(.text)
    GPIOPadConfigSet                         0x00000cb3   Thumb Code   342  gpio.o(.text)
    GPIOPadConfigGet                         0x00000e09   Thumb Code   206  gpio.o(.text)
    GPIOIntEnable                            0x00000ed7   Thumb Code    12  gpio.o(.text)
    GPIOIntDisable                           0x00000ee3   Thumb Code    12  gpio.o(.text)
    GPIOIntStatus                            0x00000eef   Thumb Code    16  gpio.o(.text)
    GPIOIntClear                             0x00000eff   Thumb Code     6  gpio.o(.text)
    GPIOIntRegister                          0x00000f05   Thumb Code    30  gpio.o(.text)
    GPIOIntUnregister                        0x00000f23   Thumb Code    26  gpio.o(.text)
    GPIOIntRegisterPin                       0x00000f3d   Thumb Code    56  gpio.o(.text)
    GPIOIntUnregisterPin                     0x00000f75   Thumb Code    28  gpio.o(.text)
    GPIOPinRead                              0x00000f91   Thumb Code    12  gpio.o(.text)
    GPIOPinWrite                             0x00000f9d   Thumb Code    10  gpio.o(.text)
    GPIOPinTypeADC                           0x00000fa7   Thumb Code    30  gpio.o(.text)
    GPIOPinTypeCAN                           0x00000fc5   Thumb Code    30  gpio.o(.text)
    GPIOPinTypeComparator                    0x00000fe3   Thumb Code    30  gpio.o(.text)
    GPIOPinTypeComparatorOutput              0x00001001   Thumb Code    30  gpio.o(.text)
    GPIOPinTypeDIVSCLK                       0x0000101f   Thumb Code    30  gpio.o(.text)
    GPIOPinTypeEPI                           0x0000103d   Thumb Code    30  gpio.o(.text)
    GPIOPinTypeEthernetLED                   0x0000105b   Thumb Code    30  gpio.o(.text)
    GPIOPinTypeEthernetMII                   0x00001079   Thumb Code    30  gpio.o(.text)
    GPIOPinTypeGPIOInput                     0x00001097   Thumb Code    30  gpio.o(.text)
    GPIOPinTypeGPIOOutput                    0x000010b5   Thumb Code    30  gpio.o(.text)
    GPIOPinTypeGPIOOutputOD                  0x000010d3   Thumb Code    30  gpio.o(.text)
    GPIOPinTypeHibernateRTCCLK               0x000010f1   Thumb Code    30  gpio.o(.text)
    GPIOPinTypeI2C                           0x0000110f   Thumb Code    30  gpio.o(.text)
    GPIOPinTypeI2CSCL                        0x0000112d   Thumb Code    30  gpio.o(.text)
    GPIOPinTypeLCD                           0x0000114b   Thumb Code    30  gpio.o(.text)
    GPIOPinTypeOneWire                       0x00001169   Thumb Code    30  gpio.o(.text)
    GPIOPinTypePWM                           0x00001187   Thumb Code    30  gpio.o(.text)
    GPIOPinTypeQEI                           0x000011a5   Thumb Code    30  gpio.o(.text)
    GPIOPinTypeSSI                           0x000011c3   Thumb Code    30  gpio.o(.text)
    GPIOPinTypeTimer                         0x000011e1   Thumb Code    30  gpio.o(.text)
    GPIOPinTypeTrace                         0x000011ff   Thumb Code    30  gpio.o(.text)
    GPIOPinTypeUART                          0x0000121d   Thumb Code    30  gpio.o(.text)
    GPIOPinTypeUSBAnalog                     0x0000123b   Thumb Code    30  gpio.o(.text)
    GPIOPinTypeUSBDigital                    0x00001259   Thumb Code    30  gpio.o(.text)
    GPIOPinTypeWakeHigh                      0x00001277   Thumb Code    32  gpio.o(.text)
    GPIOPinTypeWakeLow                       0x00001297   Thumb Code    32  gpio.o(.text)
    GPIOPinWakeStatus                        0x000012b7   Thumb Code     8  gpio.o(.text)
    GPIOPinConfigure                         0x000012bf   Thumb Code    70  gpio.o(.text)
    GPIODMATriggerEnable                     0x00001305   Thumb Code    12  gpio.o(.text)
    GPIODMATriggerDisable                    0x00001311   Thumb Code    12  gpio.o(.text)
    GPIOADCTriggerEnable                     0x0000131d   Thumb Code    12  gpio.o(.text)
    GPIOADCTriggerDisable                    0x00001329   Thumb Code    12  gpio.o(.text)
    IntMasterEnable                          0x00001341   Thumb Code    16  interrupt.o(.text)
    IntMasterDisable                         0x00001351   Thumb Code    16  interrupt.o(.text)
    IntRegister                              0x00001361   Thumb Code    52  interrupt.o(.text)
    IntUnregister                            0x00001395   Thumb Code    10  interrupt.o(.text)
    IntPriorityGroupingSet                   0x0000139f   Thumb Code    18  interrupt.o(.text)
    IntPriorityGroupingGet                   0x000013b1   Thumb Code    36  interrupt.o(.text)
    IntPrioritySet                           0x000013d5   Thumb Code    46  interrupt.o(.text)
    IntPriorityGet                           0x00001403   Thumb Code    22  interrupt.o(.text)
    IntEnable                                0x00001419   Thumb Code   120  interrupt.o(.text)
    IntDisable                               0x00001491   Thumb Code   120  interrupt.o(.text)
    IntIsEnabled                             0x00001509   Thumb Code   106  interrupt.o(.text)
    IntPendSet                               0x00001573   Thumb Code    98  interrupt.o(.text)
    IntPendClear                             0x000015d5   Thumb Code    76  interrupt.o(.text)
    IntPriorityMaskSet                       0x00001621   Thumb Code    12  interrupt.o(.text)
    IntPriorityMaskGet                       0x0000162d   Thumb Code     8  interrupt.o(.text)
    IntTrigger                               0x00001635   Thumb Code    10  interrupt.o(.text)
    SysCtlSRAMSizeGet                        0x000016f1   Thumb Code    12  sysctl.o(.text)
    SysCtlFlashSizeGet                       0x000016fd   Thumb Code    42  sysctl.o(.text)
    SysCtlFlashSectorSizeGet                 0x00001727   Thumb Code    40  sysctl.o(.text)
    SysCtlPeripheralPresent                  0x0000174f   Thumb Code    52  sysctl.o(.text)
    SysCtlPeripheralReady                    0x00001783   Thumb Code    52  sysctl.o(.text)
    SysCtlPeripheralPowerOn                  0x000017b7   Thumb Code    46  sysctl.o(.text)
    SysCtlPeripheralPowerOff                 0x000017e5   Thumb Code    46  sysctl.o(.text)
    SysCtlPeripheralReset                    0x00001813   Thumb Code   106  sysctl.o(.text)
    SysCtlPeripheralEnable                   0x0000187d   Thumb Code    46  sysctl.o(.text)
    SysCtlPeripheralDisable                  0x000018ab   Thumb Code    46  sysctl.o(.text)
    SysCtlPeripheralSleepEnable              0x000018d9   Thumb Code    46  sysctl.o(.text)
    SysCtlPeripheralSleepDisable             0x00001907   Thumb Code    46  sysctl.o(.text)
    SysCtlPeripheralDeepSleepEnable          0x00001935   Thumb Code    46  sysctl.o(.text)
    SysCtlPeripheralDeepSleepDisable         0x00001963   Thumb Code    46  sysctl.o(.text)
    SysCtlPeripheralClockGating              0x00001991   Thumb Code    82  sysctl.o(.text)
    SysCtlIntRegister                        0x000019e3   Thumb Code    20  sysctl.o(.text)
    SysCtlIntUnregister                      0x000019f7   Thumb Code    16  sysctl.o(.text)
    SysCtlIntEnable                          0x00001a07   Thumb Code    12  sysctl.o(.text)
    SysCtlIntDisable                         0x00001a13   Thumb Code    12  sysctl.o(.text)
    SysCtlIntClear                           0x00001a1f   Thumb Code     6  sysctl.o(.text)
    SysCtlIntStatus                          0x00001a25   Thumb Code    16  sysctl.o(.text)
    SysCtlLDOSleepSet                        0x00001a35   Thumb Code     6  sysctl.o(.text)
    SysCtlLDOSleepGet                        0x00001a3b   Thumb Code     6  sysctl.o(.text)
    SysCtlLDODeepSleepSet                    0x00001a41   Thumb Code     8  sysctl.o(.text)
    SysCtlLDODeepSleepGet                    0x00001a49   Thumb Code    60  sysctl.o(.text)
    SysCtlSleepPowerSet                      0x00001a85   Thumb Code     6  sysctl.o(.text)
    SysCtlDeepSleepPowerSet                  0x00001a8b   Thumb Code     8  sysctl.o(.text)
    SysCtlReset                              0x00001a93   Thumb Code    10  sysctl.o(.text)
    SysCtlSleep                              0x00001a9d   Thumb Code     8  sysctl.o(.text)
    SysCtlDeepSleep                          0x00001aa5   Thumb Code    40  sysctl.o(.text)
    SysCtlResetCauseGet                      0x00001acd   Thumb Code     6  sysctl.o(.text)
    SysCtlResetCauseClear                    0x00001ad3   Thumb Code    12  sysctl.o(.text)
    SysCtlMOSCConfigSet                      0x00001adf   Thumb Code     6  sysctl.o(.text)
    SysCtlPIOSCCalibrate                     0x00001ae5   Thumb Code    82  sysctl.o(.text)
    SysCtlResetBehaviorSet                   0x00001b37   Thumb Code     8  sysctl.o(.text)
    SysCtlResetBehaviorGet                   0x00001b3f   Thumb Code     8  sysctl.o(.text)
    SysCtlClockFreqSet                       0x00001b47   Thumb Code   666  sysctl.o(.text)
    SysCtlClockSet                           0x00001de1   Thumb Code   342  sysctl.o(.text)
    SysCtlClockGet                           0x00001f37   Thumb Code   326  sysctl.o(.text)
    SysCtlDeepSleepClockSet                  0x0000207d   Thumb Code     8  sysctl.o(.text)
    SysCtlDeepSleepClockConfigSet            0x00002085   Thumb Code   110  sysctl.o(.text)
    SysCtlPWMClockSet                        0x000020f3   Thumb Code    16  sysctl.o(.text)
    SysCtlPWMClockGet                        0x00002103   Thumb Code    24  sysctl.o(.text)
    SysCtlGPIOAHBEnable                      0x0000211b   Thumb Code    20  sysctl.o(.text)
    SysCtlGPIOAHBDisable                     0x0000212f   Thumb Code    20  sysctl.o(.text)
    SysCtlUSBPLLEnable                       0x00002143   Thumb Code    14  sysctl.o(.text)
    SysCtlUSBPLLDisable                      0x00002151   Thumb Code    14  sysctl.o(.text)
    SysCtlVoltageEventConfig                 0x0000215f   Thumb Code     6  sysctl.o(.text)
    SysCtlVoltageEventStatus                 0x00002165   Thumb Code     6  sysctl.o(.text)
    SysCtlVoltageEventClear                  0x0000216b   Thumb Code    12  sysctl.o(.text)
    SysCtlVCOGet                             0x00002177   Thumb Code   130  sysctl.o(.text)
    SysCtlNMIStatus                          0x000021f9   Thumb Code     6  sysctl.o(.text)
    SysCtlNMIClear                           0x000021ff   Thumb Code    12  sysctl.o(.text)
    SysCtlClockOutConfig                     0x0000220b   Thumb Code    14  sysctl.o(.text)
    SysCtlAltClkConfig                       0x00002219   Thumb Code     8  sysctl.o(.text)
    SysTickEnable                            0x00002259   Thumb Code    18  systick.o(.text)
    SysTickDisable                           0x0000226b   Thumb Code    18  systick.o(.text)
    SysTickIntRegister                       0x0000227d   Thumb Code    30  systick.o(.text)
    SysTickIntUnregister                     0x0000229b   Thumb Code    26  systick.o(.text)
    SysTickIntEnable                         0x000022b5   Thumb Code    18  systick.o(.text)
    SysTickIntDisable                        0x000022c7   Thumb Code    18  systick.o(.text)
    SysTickPeriodSet                         0x000022d9   Thumb Code    10  systick.o(.text)
    SysTickPeriodGet                         0x000022e3   Thumb Code    10  systick.o(.text)
    SysTickValueGet                          0x000022ed   Thumb Code     8  systick.o(.text)
    UARTParityModeSet                        0x0000232d   Thumb Code    12  uart.o(.text)
    UARTParityModeGet                        0x00002339   Thumb Code    10  uart.o(.text)
    UARTFIFOLevelSet                         0x00002343   Thumb Code     8  uart.o(.text)
    UARTFIFOLevelGet                         0x0000234b   Thumb Code    18  uart.o(.text)
    UARTEnable                               0x0000235d   Thumb Code    20  uart.o(.text)
    UARTDisable                              0x00002371   Thumb Code    32  uart.o(.text)
    UARTConfigSetExpClk                      0x00002391   Thumb Code    76  uart.o(.text)
    UARTConfigGetExpClk                      0x000023dd   Thumb Code    44  uart.o(.text)
    UARTFIFOEnable                           0x00002409   Thumb Code    10  uart.o(.text)
    UARTFIFODisable                          0x00002413   Thumb Code    10  uart.o(.text)
    UARTEnableSIR                            0x0000241d   Thumb Code    22  uart.o(.text)
    UARTDisableSIR                           0x00002433   Thumb Code    10  uart.o(.text)
    UARTSmartCardEnable                      0x0000243d   Thumb Code    22  uart.o(.text)
    UARTSmartCardDisable                     0x00002453   Thumb Code    10  uart.o(.text)
    UARTModemControlSet                      0x0000245d   Thumb Code    12  uart.o(.text)
    UARTModemControlClear                    0x00002469   Thumb Code    12  uart.o(.text)
    UARTModemControlGet                      0x00002475   Thumb Code    10  uart.o(.text)
    UARTModemStatusGet                       0x0000247f   Thumb Code    12  uart.o(.text)
    UARTFlowControlSet                       0x0000248b   Thumb Code    12  uart.o(.text)
    UARTFlowControlGet                       0x00002497   Thumb Code    10  uart.o(.text)
    UARTTxIntModeSet                         0x000024a1   Thumb Code    12  uart.o(.text)
    UARTTxIntModeGet                         0x000024ad   Thumb Code    10  uart.o(.text)
    UARTCharsAvail                           0x000024b7   Thumb Code    12  uart.o(.text)
    UARTSpaceAvail                           0x000024c3   Thumb Code    12  uart.o(.text)
    UARTCharGetNonBlocking                   0x000024cf   Thumb Code    20  uart.o(.text)
    UARTCharGet                              0x000024e3   Thumb Code    18  uart.o(.text)
    UARTCharPutNonBlocking                   0x000024f5   Thumb Code    20  uart.o(.text)
    UARTCharPut                              0x00002509   Thumb Code    16  uart.o(.text)
    UARTBreakCtl                             0x00002519   Thumb Code    20  uart.o(.text)
    UARTBusy                                 0x0000252d   Thumb Code    10  uart.o(.text)
    UARTIntRegister                          0x00002537   Thumb Code    30  uart.o(.text)
    UARTIntUnregister                        0x00002555   Thumb Code    26  uart.o(.text)
    UARTIntEnable                            0x0000256f   Thumb Code     8  uart.o(.text)
    UARTIntDisable                           0x00002577   Thumb Code     8  uart.o(.text)
    UARTIntStatus                            0x0000257f   Thumb Code    12  uart.o(.text)
    UARTIntClear                             0x0000258b   Thumb Code     4  uart.o(.text)
    UARTDMAEnable                            0x0000258f   Thumb Code     8  uart.o(.text)
    UARTDMADisable                           0x00002597   Thumb Code     8  uart.o(.text)
    UARTRxErrorGet                           0x0000259f   Thumb Code    10  uart.o(.text)
    UARTRxErrorClear                         0x000025a9   Thumb Code     6  uart.o(.text)
    UARTClockSourceSet                       0x000025af   Thumb Code     6  uart.o(.text)
    UARTClockSourceGet                       0x000025b5   Thumb Code     8  uart.o(.text)
    UART9BitEnable                           0x000025bd   Thumb Code    14  uart.o(.text)
    UART9BitDisable                          0x000025cb   Thumb Code    14  uart.o(.text)
    UART9BitAddrSet                          0x000025d9   Thumb Code    10  uart.o(.text)
    UART9BitAddrSend                         0x000025e3   Thumb Code    44  uart.o(.text)
    UARTLoopbackEnable                       0x0000260f   Thumb Code    10  uart.o(.text)
    Reset_Handler                            0x0000262d   Thumb Code     8  startup_tm4c123.o(.text)
    NMI_Handler                              0x00002635   Thumb Code     2  startup_tm4c123.o(.text)
    HardFault_Handler                        0x00002637   Thumb Code     2  startup_tm4c123.o(.text)
    MemManage_Handler                        0x00002639   Thumb Code     2  startup_tm4c123.o(.text)
    BusFault_Handler                         0x0000263b   Thumb Code     2  startup_tm4c123.o(.text)
    UsageFault_Handler                       0x0000263d   Thumb Code     2  startup_tm4c123.o(.text)
    SVC_Handler                              0x0000263f   Thumb Code     2  startup_tm4c123.o(.text)
    DebugMon_Handler                         0x00002641   Thumb Code     2  startup_tm4c123.o(.text)
    PendSV_Handler                           0x00002643   Thumb Code     2  startup_tm4c123.o(.text)
    SysTick_Handler                          0x00002645   Thumb Code     2  startup_tm4c123.o(.text)
    GPIOA_Handler                            0x00002647   Thumb Code     2  startup_tm4c123.o(.text)
    GPIOB_Handler                            0x00002649   Thumb Code     2  startup_tm4c123.o(.text)
    GPIOC_Handler                            0x0000264b   Thumb Code     2  startup_tm4c123.o(.text)
    GPIOD_Handler                            0x0000264d   Thumb Code     2  startup_tm4c123.o(.text)
    GPIOE_Handler                            0x0000264f   Thumb Code     2  startup_tm4c123.o(.text)
    UART0_Handler                            0x00002651   Thumb Code     2  startup_tm4c123.o(.text)
    UART1_Handler                            0x00002653   Thumb Code     2  startup_tm4c123.o(.text)
    SSI0_Handler                             0x00002655   Thumb Code     2  startup_tm4c123.o(.text)
    I2C0_Handler                             0x00002657   Thumb Code     2  startup_tm4c123.o(.text)
    PMW0_FAULT_Handler                       0x00002659   Thumb Code     2  startup_tm4c123.o(.text)
    PWM0_0_Handler                           0x0000265b   Thumb Code     2  startup_tm4c123.o(.text)
    PWM0_1_Handler                           0x0000265d   Thumb Code     2  startup_tm4c123.o(.text)
    PWM0_2_Handler                           0x0000265f   Thumb Code     2  startup_tm4c123.o(.text)
    QEI0_Handler                             0x00002661   Thumb Code     2  startup_tm4c123.o(.text)
    ADC0SS0_Handler                          0x00002663   Thumb Code     2  startup_tm4c123.o(.text)
    ADC0SS1_Handler                          0x00002665   Thumb Code     2  startup_tm4c123.o(.text)
    ADC0SS2_Handler                          0x00002667   Thumb Code     2  startup_tm4c123.o(.text)
    ADC0SS3_Handler                          0x00002669   Thumb Code     2  startup_tm4c123.o(.text)
    WDT0_Handler                             0x0000266b   Thumb Code     2  startup_tm4c123.o(.text)
    TIMER0A_Handler                          0x0000266d   Thumb Code     2  startup_tm4c123.o(.text)
    TIMER0B_Handler                          0x0000266f   Thumb Code     2  startup_tm4c123.o(.text)
    TIMER1A_Handler                          0x00002671   Thumb Code     2  startup_tm4c123.o(.text)
    TIMER1B_Handler                          0x00002673   Thumb Code     2  startup_tm4c123.o(.text)
    TIMER2A_Handler                          0x00002675   Thumb Code     2  startup_tm4c123.o(.text)
    TIMER2B_Handler                          0x00002677   Thumb Code     2  startup_tm4c123.o(.text)
    COMP0_Handler                            0x00002679   Thumb Code     2  startup_tm4c123.o(.text)
    COMP1_Handler                            0x0000267b   Thumb Code     2  startup_tm4c123.o(.text)
    COMP2_Handler                            0x0000267d   Thumb Code     2  startup_tm4c123.o(.text)
    SYSCTL_Handler                           0x0000267f   Thumb Code     2  startup_tm4c123.o(.text)
    FLASH_Handler                            0x00002681   Thumb Code     2  startup_tm4c123.o(.text)
    GPIOF_Handler                            0x00002683   Thumb Code     2  startup_tm4c123.o(.text)
    GPIOG_Handler                            0x00002685   Thumb Code     2  startup_tm4c123.o(.text)
    GPIOH_Handler                            0x00002687   Thumb Code     2  startup_tm4c123.o(.text)
    UART2_Handler                            0x00002689   Thumb Code     2  startup_tm4c123.o(.text)
    SSI1_Handler                             0x0000268b   Thumb Code     2  startup_tm4c123.o(.text)
    TIMER3A_Handler                          0x0000268d   Thumb Code     2  startup_tm4c123.o(.text)
    TIMER3B_Handler                          0x0000268f   Thumb Code     2  startup_tm4c123.o(.text)
    I2C1_Handler                             0x00002691   Thumb Code     2  startup_tm4c123.o(.text)
    QEI1_Handler                             0x00002693   Thumb Code     2  startup_tm4c123.o(.text)
    CAN0_Handler                             0x00002695   Thumb Code     2  startup_tm4c123.o(.text)
    CAN1_Handler                             0x00002697   Thumb Code     2  startup_tm4c123.o(.text)
    CAN2_Handler                             0x00002699   Thumb Code     2  startup_tm4c123.o(.text)
    HIB_Handler                              0x0000269b   Thumb Code     2  startup_tm4c123.o(.text)
    USB0_Handler                             0x0000269d   Thumb Code     2  startup_tm4c123.o(.text)
    PWM0_3_Handler                           0x0000269f   Thumb Code     2  startup_tm4c123.o(.text)
    UDMA_Handler                             0x000026a1   Thumb Code     2  startup_tm4c123.o(.text)
    UDMAERR_Handler                          0x000026a3   Thumb Code     2  startup_tm4c123.o(.text)
    ADC1SS0_Handler                          0x000026a5   Thumb Code     2  startup_tm4c123.o(.text)
    ADC1SS1_Handler                          0x000026a7   Thumb Code     2  startup_tm4c123.o(.text)
    ADC1SS2_Handler                          0x000026a9   Thumb Code     2  startup_tm4c123.o(.text)
    ADC1SS3_Handler                          0x000026ab   Thumb Code     2  startup_tm4c123.o(.text)
    GPIOJ_Handler                            0x000026ad   Thumb Code     2  startup_tm4c123.o(.text)
    GPIOK_Handler                            0x000026af   Thumb Code     2  startup_tm4c123.o(.text)
    GPIOL_Handler                            0x000026b1   Thumb Code     2  startup_tm4c123.o(.text)
    SSI2_Handler                             0x000026b3   Thumb Code     2  startup_tm4c123.o(.text)
    SSI3_Handler                             0x000026b5   Thumb Code     2  startup_tm4c123.o(.text)
    UART3_Handler                            0x000026b7   Thumb Code     2  startup_tm4c123.o(.text)
    UART4_Handler                            0x000026b9   Thumb Code     2  startup_tm4c123.o(.text)
    UART5_Handler                            0x000026bb   Thumb Code     2  startup_tm4c123.o(.text)
    UART6_Handler                            0x000026bd   Thumb Code     2  startup_tm4c123.o(.text)
    UART7_Handler                            0x000026bf   Thumb Code     2  startup_tm4c123.o(.text)
    I2C2_Handler                             0x000026c1   Thumb Code     2  startup_tm4c123.o(.text)
    I2C3_Handler                             0x000026c3   Thumb Code     2  startup_tm4c123.o(.text)
    TIMER4A_Handler                          0x000026c5   Thumb Code     2  startup_tm4c123.o(.text)
    TIMER4B_Handler                          0x000026c7   Thumb Code     2  startup_tm4c123.o(.text)
    TIMER5A_Handler                          0x000026c9   Thumb Code     2  startup_tm4c123.o(.text)
    TIMER5B_Handler                          0x000026cb   Thumb Code     2  startup_tm4c123.o(.text)
    WTIMER0A_Handler                         0x000026cd   Thumb Code     2  startup_tm4c123.o(.text)
    WTIMER0B_Handler                         0x000026cf   Thumb Code     2  startup_tm4c123.o(.text)
    WTIMER1A_Handler                         0x000026d1   Thumb Code     2  startup_tm4c123.o(.text)
    WTIMER1B_Handler                         0x000026d3   Thumb Code     2  startup_tm4c123.o(.text)
    WTIMER2A_Handler                         0x000026d5   Thumb Code     2  startup_tm4c123.o(.text)
    WTIMER2B_Handler                         0x000026d7   Thumb Code     2  startup_tm4c123.o(.text)
    WTIMER3A_Handler                         0x000026d9   Thumb Code     2  startup_tm4c123.o(.text)
    WTIMER3B_Handler                         0x000026db   Thumb Code     2  startup_tm4c123.o(.text)
    WTIMER4A_Handler                         0x000026dd   Thumb Code     2  startup_tm4c123.o(.text)
    WTIMER4B_Handler                         0x000026df   Thumb Code     2  startup_tm4c123.o(.text)
    WTIMER5A_Handler                         0x000026e1   Thumb Code     2  startup_tm4c123.o(.text)
    WTIMER5B_Handler                         0x000026e3   Thumb Code     2  startup_tm4c123.o(.text)
    FPU_Handler                              0x000026e5   Thumb Code     2  startup_tm4c123.o(.text)
    I2C4_Handler                             0x000026e7   Thumb Code     2  startup_tm4c123.o(.text)
    I2C5_Handler                             0x000026e9   Thumb Code     2  startup_tm4c123.o(.text)
    GPIOM_Handler                            0x000026eb   Thumb Code     2  startup_tm4c123.o(.text)
    GPION_Handler                            0x000026ed   Thumb Code     2  startup_tm4c123.o(.text)
    QEI2_Handler                             0x000026ef   Thumb Code     2  startup_tm4c123.o(.text)
    GPIOP0_Handler                           0x000026f1   Thumb Code     2  startup_tm4c123.o(.text)
    GPIOP1_Handler                           0x000026f3   Thumb Code     2  startup_tm4c123.o(.text)
    GPIOP2_Handler                           0x000026f5   Thumb Code     2  startup_tm4c123.o(.text)
    GPIOP3_Handler                           0x000026f7   Thumb Code     2  startup_tm4c123.o(.text)
    GPIOP4_Handler                           0x000026f9   Thumb Code     2  startup_tm4c123.o(.text)
    GPIOP5_Handler                           0x000026fb   Thumb Code     2  startup_tm4c123.o(.text)
    GPIOP6_Handler                           0x000026fd   Thumb Code     2  startup_tm4c123.o(.text)
    GPIOP7_Handler                           0x000026ff   Thumb Code     2  startup_tm4c123.o(.text)
    GPIOQ0_Handler                           0x00002701   Thumb Code     2  startup_tm4c123.o(.text)
    GPIOQ1_Handler                           0x00002703   Thumb Code     2  startup_tm4c123.o(.text)
    GPIOQ2_Handler                           0x00002705   Thumb Code     2  startup_tm4c123.o(.text)
    GPIOQ3_Handler                           0x00002707   Thumb Code     2  startup_tm4c123.o(.text)
    GPIOQ4_Handler                           0x00002709   Thumb Code     2  startup_tm4c123.o(.text)
    GPIOQ5_Handler                           0x0000270b   Thumb Code     2  startup_tm4c123.o(.text)
    GPIOQ6_Handler                           0x0000270d   Thumb Code     2  startup_tm4c123.o(.text)
    GPIOQ7_Handler                           0x0000270f   Thumb Code     2  startup_tm4c123.o(.text)
    GPIOR_Handler                            0x00002711   Thumb Code     2  startup_tm4c123.o(.text)
    GPIOS_Handler                            0x00002713   Thumb Code     2  startup_tm4c123.o(.text)
    PMW1_0_Handler                           0x00002715   Thumb Code     2  startup_tm4c123.o(.text)
    PWM1_1_Handler                           0x00002717   Thumb Code     2  startup_tm4c123.o(.text)
    PWM1_2_Handler                           0x00002719   Thumb Code     2  startup_tm4c123.o(.text)
    PWM1_3_Handler                           0x0000271b   Thumb Code     2  startup_tm4c123.o(.text)
    PWM1_FAULT_Handler                       0x0000271d   Thumb Code     2  startup_tm4c123.o(.text)
    __aeabi_dmul                             0x00002729   Thumb Code   228  dmul.o(.text)
    __aeabi_uidiv                            0x0000280d   Thumb Code     0  uidiv.o(.text)
    __aeabi_uidivmod                         0x0000280d   Thumb Code    44  uidiv.o(.text)
    __aeabi_uldivmod                         0x00002839   Thumb Code    98  uldiv.o(.text)
    __aeabi_llsr                             0x0000289b   Thumb Code    32  llushr.o(.text)
    _ll_ushift_r                             0x0000289b   Thumb Code     0  llushr.o(.text)
    __I$use$fp                               0x000028bb   Thumb Code     0  iusefp.o(.text)
    _double_round                            0x000028bb   Thumb Code    30  depilogue.o(.text)
    _double_epilogue                         0x000028d9   Thumb Code   156  depilogue.o(.text)
    __aeabi_dadd                             0x00002975   Thumb Code   322  dadd.o(.text)
    __aeabi_dsub                             0x00002ab7   Thumb Code     6  dadd.o(.text)
    __aeabi_drsub                            0x00002abd   Thumb Code     6  dadd.o(.text)
    __aeabi_ddiv                             0x00002ac3   Thumb Code   222  ddiv.o(.text)
    __aeabi_d2ulz                            0x00002ba1   Thumb Code    48  dfixul.o(.text)
    __aeabi_cdrcmple                         0x00002bd1   Thumb Code    48  cdrcmple.o(.text)
    __scatterload                            0x00002c01   Thumb Code    28  init.o(.text)
    __scatterload_rt2                        0x00002c01   Thumb Code     0  init.o(.text)
    __aeabi_llsl                             0x00002c25   Thumb Code    30  llshl.o(.text)
    _ll_shift_l                              0x00002c25   Thumb Code     0  llshl.o(.text)
    __aeabi_lasr                             0x00002c43   Thumb Code    36  llsshr.o(.text)
    _ll_sshift_r                             0x00002c43   Thumb Code     0  llsshr.o(.text)
    __decompress                             0x00002c67   Thumb Code     0  __dczerorl.o(.text)
    __decompress0                            0x00002c67   Thumb Code    58  __dczerorl.o(.text)
    __0vsnprintf                             0x00002ca1   Thumb Code    40  printfa.o(i.__0vsnprintf)
    __1vsnprintf                             0x00002ca1   Thumb Code     0  printfa.o(i.__0vsnprintf)
    __2vsnprintf                             0x00002ca1   Thumb Code     0  printfa.o(i.__0vsnprintf)
    __c89vsnprintf                           0x00002ca1   Thumb Code     0  printfa.o(i.__0vsnprintf)
    vsnprintf                                0x00002ca1   Thumb Code     0  printfa.o(i.__0vsnprintf)
    __scatterload_copy                       0x00002ccd   Thumb Code    14  handlers.o(i.__scatterload_copy)
    __scatterload_null                       0x00002cdb   Thumb Code     2  handlers.o(i.__scatterload_null)
    __scatterload_zeroinit                   0x00002cdd   Thumb Code    14  handlers.o(i.__scatterload_zeroinit)
    free                                     0x000035b5   Thumb Code    76  malloc.o(i.free)
    malloc                                   0x00003605   Thumb Code    92  malloc.o(i.malloc)
    Region$$Table$$Base                      0x00003ca8   Number         0  anon$$obj.o(Region$$Table)
    Region$$Table$$Limit                     0x00003cc8   Number         0  anon$$obj.o(Region$$Table)
    SystemCoreClock                          0x20000000   Data           4  system_tm4c123.o(.data)
    __microlib_freelist                      0x20000010   Data           4  mvars.o(.data)
    __microlib_freelist_initialised          0x20000014   Data           4  mvars.o(.data)
    __heap_base                              0x20000670   Data           0  startup_tm4c123.o(HEAP)
    __heap_limit                             0x20000970   Data           0  startup_tm4c123.o(HEAP)
    __initial_sp                             0x20001370   Data           0  startup_tm4c123.o(STACK)



==============================================================================

Memory Map of the image

  Image Entry point : 0x0000026d

  Load Region LR_IROM1 (Base: 0x00000000, Size: 0x00004334, Max: 0x00040000, ABSOLUTE, COMPRESSED[0x00003cdc])

    Execution Region ER_IROM1 (Exec base: 0x00000000, Load base: 0x00000000, Size: 0x00003cc8, Max: 0x00040000, ABSOLUTE)

    Exec Addr    Load Addr    Size         Type   Attr      Idx    E Section Name        Object

    0x00000000   0x00000000   0x0000026c   Data   RO           53    RESET               startup_tm4c123.o
    0x0000026c   0x0000026c   0x00000000   Code   RO           55  * .ARM.Collect$$$$00000000  mc_w.l(entry.o)
    0x0000026c   0x0000026c   0x00000004   Code   RO           90    .ARM.Collect$$$$00000001  mc_w.l(entry2.o)
    0x00000270   0x00000270   0x00000004   Code   RO           93    .ARM.Collect$$$$00000004  mc_w.l(entry5.o)
    0x00000274   0x00000274   0x00000000   Code   RO           95    .ARM.Collect$$$$00000008  mc_w.l(entry7b.o)
    0x00000274   0x00000274   0x00000000   Code   RO           97    .ARM.Collect$$$$0000000A  mc_w.l(entry8b.o)
    0x00000274   0x00000274   0x00000008   Code   RO           98    .ARM.Collect$$$$0000000B  mc_w.l(entry9a.o)
    0x0000027c   0x0000027c   0x00000000   Code   RO          100    .ARM.Collect$$$$0000000D  mc_w.l(entry10a.o)
    0x0000027c   0x0000027c   0x00000000   Code   RO          102    .ARM.Collect$$$$0000000F  mc_w.l(entry11a.o)
    0x0000027c   0x0000027c   0x00000004   Code   RO           91    .ARM.Collect$$$$00002712  mc_w.l(entry2.o)
    0x00000280   0x00000280   0x00000026   Code   RO           26    .emb_text           cpu.o
    0x000002a6   0x000002a6   0x00000002   PAD
    0x000002a8   0x000002a8   0x00000006   Code   RO           41    .emb_text           sysctl.o
    0x000002ae   0x000002ae   0x00000002   PAD
    0x000002b0   0x000002b0   0x0000003c   Code   RO            1    .text               main.o
    0x000002ec   0x000002ec   0x0000024c   Code   RO            5    .text               system_tm4c123.o
    0x00000538   0x00000538   0x000000c0   Code   RO            7    .text               system.o
    0x000005f8   0x000005f8   0x000003b8   Code   RO            9    .text               uartstdio.o
    0x000009b0   0x000009b0   0x0000010c   Code   RO           13    .text               myuart.o
    0x00000abc   0x00000abc   0x000000a4   Code   RO           30    .text               fpu.o
    0x00000b60   0x00000b60   0x000007dc   Code   RO           31    .text               gpio.o
    0x0000133c   0x0000133c   0x00000330   Code   RO           35    .text               interrupt.o
    0x0000166c   0x0000166c   0x00000bec   Code   RO           42    .text               sysctl.o
    0x00002258   0x00002258   0x0000009c   Code   RO           44    .text               systick.o
    0x000022f4   0x000022f4   0x00000338   Code   RO           47    .text               uart.o
    0x0000262c   0x0000262c   0x000000fc   Code   RO           54    .text               startup_tm4c123.o
    0x00002728   0x00002728   0x000000e4   Code   RO           87    .text               mf_w.l(dmul.o)
    0x0000280c   0x0000280c   0x0000002c   Code   RO          106    .text               mc_w.l(uidiv.o)
    0x00002838   0x00002838   0x00000062   Code   RO          107    .text               mc_w.l(uldiv.o)
    0x0000289a   0x0000289a   0x00000020   Code   RO          108    .text               mc_w.l(llushr.o)
    0x000028ba   0x000028ba   0x00000000   Code   RO          113    .text               mc_w.l(iusefp.o)
    0x000028ba   0x000028ba   0x000000ba   Code   RO          114    .text               mf_w.l(depilogue.o)
    0x00002974   0x00002974   0x0000014e   Code   RO          115    .text               mf_w.l(dadd.o)
    0x00002ac2   0x00002ac2   0x000000de   Code   RO          116    .text               mf_w.l(ddiv.o)
    0x00002ba0   0x00002ba0   0x00000030   Code   RO          117    .text               mf_w.l(dfixul.o)
    0x00002bd0   0x00002bd0   0x00000030   Code   RO          118    .text               mf_w.l(cdrcmple.o)
    0x00002c00   0x00002c00   0x00000024   Code   RO          119    .text               mc_w.l(init.o)
    0x00002c24   0x00002c24   0x0000001e   Code   RO          121    .text               mc_w.l(llshl.o)
    0x00002c42   0x00002c42   0x00000024   Code   RO          122    .text               mc_w.l(llsshr.o)
    0x00002c66   0x00002c66   0x0000003a   Code   RO          129    .text               mc_w.l(__dczerorl.o)
    0x00002ca0   0x00002ca0   0x0000002c   Code   RO           65    i.__0vsnprintf      mc_w.l(printfa.o)
    0x00002ccc   0x00002ccc   0x0000000e   Code   RO          126    i.__scatterload_copy  mc_w.l(handlers.o)
    0x00002cda   0x00002cda   0x00000002   Code   RO          127    i.__scatterload_null  mc_w.l(handlers.o)
    0x00002cdc   0x00002cdc   0x0000000e   Code   RO          128    i.__scatterload_zeroinit  mc_w.l(handlers.o)
    0x00002cea   0x00002cea   0x00000002   PAD
    0x00002cec   0x00002cec   0x00000184   Code   RO           67    i._fp_digits        mc_w.l(printfa.o)
    0x00002e70   0x00002e70   0x000006dc   Code   RO           68    i._printf_core      mc_w.l(printfa.o)
    0x0000354c   0x0000354c   0x00000024   Code   RO           69    i._printf_post_padding  mc_w.l(printfa.o)
    0x00003570   0x00003570   0x0000002e   Code   RO           70    i._printf_pre_padding  mc_w.l(printfa.o)
    0x0000359e   0x0000359e   0x00000016   Code   RO           71    i._snputc           mc_w.l(printfa.o)
    0x000035b4   0x000035b4   0x00000050   Code   RO           73    i.free              mc_w.l(malloc.o)
    0x00003604   0x00003604   0x0000006c   Code   RO           74    i.malloc            mc_w.l(malloc.o)
    0x00003670   0x00003670   0x0000001c   Data   RO           10    .constdata          uartstdio.o
    0x0000368c   0x0000368c   0x00000228   Data   RO           32    .constdata          gpio.o
    0x000038b4   0x000038b4   0x0000010c   Data   RO           36    .constdata          interrupt.o
    0x000039c0   0x000039c0   0x00000254   Data   RO           43    .constdata          sysctl.o
    0x00003c14   0x00003c14   0x00000080   Data   RO           48    .constdata          uart.o
    0x00003c94   0x00003c94   0x00000011   Data   RO           11    .conststring        uartstdio.o
    0x00003ca5   0x00003ca5   0x00000003   PAD
    0x00003ca8   0x00003ca8   0x00000020   Data   RO          124    Region$$Table       anon$$obj.o


    Execution Region RW_IRAM1 (Exec base: 0x20000000, Load base: 0x00003cc8, Size: 0x00001370, Max: 0x00008000, ABSOLUTE, COMPRESSED[0x00000014])

    Exec Addr    Load Addr    Size         Type   Attr      Idx    E Section Name        Object

    0x20000000   COMPRESSED   0x00000004   Data   RW            6    .data               system_tm4c123.o
    0x20000004   COMPRESSED   0x00000004   Data   RW            8    .data               system.o
    0x20000008   COMPRESSED   0x00000005   Data   RW           12    .data               uartstdio.o
    0x2000000d   COMPRESSED   0x00000003   PAD
    0x20000010   COMPRESSED   0x00000004   Data   RW          111    .data               mc_w.l(mvars.o)
    0x20000014   COMPRESSED   0x00000004   Data   RW          112    .data               mc_w.l(mvars.o)
    0x20000018   COMPRESSED   0x000003e8   PAD
    0x20000400   COMPRESSED   0x0000026c   Data   RW           37    vtable              interrupt.o
    0x2000066c   COMPRESSED   0x00000004   PAD
    0x20000670        -       0x00000300   Zero   RW           52    HEAP                startup_tm4c123.o
    0x20000970        -       0x00000a00   Zero   RW           51    STACK               startup_tm4c123.o


==============================================================================

Image component sizes


      Code (inc. data)   RO Data    RW Data    ZI Data      Debug   Object Name

        38          0          0          0          0          0   cpu.o
       164         10          0          0          0          0   fpu.o
      2012         28        552          0          0          0   gpio.o
       816         46        268        620          0          0   interrupt.o
        60         24          0          0          0          0   main.o
       268         12          0          0          0          0   myuart.o
       252         10        620          0       3328          0   startup_tm4c123.o
      3058        168        596          0          0          0   sysctl.o
       192         10          0          4          0          0   system.o
       588        134          0          4          0          0   system_tm4c123.o
       156          0          0          0          0          0   systick.o
       824         20        128          0          0          0   uart.o
       952         40         45          5          0          0   uartstdio.o

    ----------------------------------------------------------------------
      9384        502       2244        636       3332          0   Object Totals
         0          0         32          0          0          0   (incl. Generated)
         4          0          3          3          4          0   (incl. Padding)

    ----------------------------------------------------------------------

      Code (inc. data)   RO Data    RW Data    ZI Data      Debug   Library Member Name

        58          0          0          0          0          0   __dczerorl.o
         0          0          0          0          0          0   entry.o
         0          0          0          0          0          0   entry10a.o
         0          0          0          0          0          0   entry11a.o
         8          4          0          0          0          0   entry2.o
         4          0          0          0          0          0   entry5.o
         0          0          0          0          0          0   entry7b.o
         0          0          0          0          0          0   entry8b.o
         8          4          0          0          0          0   entry9a.o
        30          0          0          0          0          0   handlers.o
        36          8          0          0          0          0   init.o
         0          0          0          0          0          0   iusefp.o
        30          0          0          0          0          0   llshl.o
        36          0          0          0          0          0   llsshr.o
        32          0          0          0          0          0   llushr.o
       188         20          0          0          0          0   malloc.o
         0          0          0          8          0          0   mvars.o
      2292         84          0          0          0          0   printfa.o
        44          0          0          0          0          0   uidiv.o
        98          0          0          0          0          0   uldiv.o
        48          0          0          0          0          0   cdrcmple.o
       334          0          0          0          0          0   dadd.o
       222          0          0          0          0          0   ddiv.o
       186          0          0          0          0          0   depilogue.o
        48          0          0          0          0          0   dfixul.o
       228          0          0          0          0          0   dmul.o

    ----------------------------------------------------------------------
      3932        120          0       1008          0          0   Library Totals
         2          0          0       1000          0          0   (incl. Padding)

    ----------------------------------------------------------------------

      Code (inc. data)   RO Data    RW Data    ZI Data      Debug   Library Name

      2864        120          0          8          0          0   mc_w.l
      1066          0          0          0          0          0   mf_w.l

    ----------------------------------------------------------------------
      3932        120          0       1008          0          0   Library Totals

    ----------------------------------------------------------------------

==============================================================================


      Code (inc. data)   RO Data    RW Data    ZI Data      Debug   

     13316        622       2244       1644       3332          0   Grand Totals
     13316        622       2244         20       3332          0   ELF Image Totals (compressed)
     13316        622       2244         20          0          0   ROM Totals

==============================================================================

    Total RO  Size (Code + RO Data)                15560 (  15.20kB)
    Total RW  Size (RW Data + ZI Data)              4976 (   4.86kB)
    Total ROM Size (Code + RO Data + RW Data)      15580 (  15.21kB)

==============================================================================

