<html>
<body>
<pre>
<h1>µVision Build Log</h1>
<h2>Tool Versions:</h2>
IDE-Version: ¦ÌVision V5.31.0.0
Copyright (C) 2020 ARM Ltd and ARM Germany GmbH. All rights reserved.
License Information: J Song, ILCE, LIC=03C6R-KNGDC-AR6XW-QGCBA-R57IR-8LTXH
 
Tool Versions:
Toolchain:       MDK-ARM Plus  Version: 5.31.0.0
Toolchain Path:  D:\Keil_MDK\ARM\ARMCLANG\Bin
C Compiler:      ArmClang.exe V6.14
Assembler:       Armasm.exe V6.14
Linker/Locator:  ArmLink.exe V6.14
Library Manager: ArmAr.exe V6.14
Hex Converter:   FromElf.exe V6.14
CPU DLL:         SARMCM3.DLL V5.31.0.0
Dialog DLL:      DCM.DLL V1.17.3.0
    Target DLL: lmidk-agdi.dll
Dialog DLL:      TCM.DLL V1.46.0.0
 
<h2>Project:</h2>
E:\MCU\[Project] TM4\TM4C123GH6PM\Code\Project\TM4C12x_Demo.uvprojx
Project File Date:  09/27/2020

<h2>Output:</h2>
*** Using Compiler 'V6.14', folder: 'D:\Keil_MDK\ARM\ARMCLANG\Bin'
Build target 'Source'
Note: source file '..\Library\driverlib\adc.c' - object file renamed from '.\Objects\adc.o' to '.\Objects\adc_1.o'.
compiling myPWM.c...
compiling system_TM4C123.c...
compiling uartstdio.c...
compiling mySPI.c...
compiling myUART.c...
compiling system.c...
compiling myIIC.c...
compiling oled.c...
compiling TFT18_Font.c...
compiling DAC081S101.c...
compiling ADC.c...
compiling KEY.c...
compiling aes.c...
compiling TFT18.c...
compiling adc.c...
compiling can.c...
compiling comp.c...
../Library/driverlib/cpu.c(102): warning: non-void function does not return a value [-Wreturn-type]
}
^
../Library/driverlib/cpu.c(190): warning: non-void function does not return a value [-Wreturn-type]
}
^
../Library/driverlib/cpu.c(280): warning: non-void function does not return a value [-Wreturn-type]
}
^
../Library/driverlib/cpu.c(477): warning: non-void function does not return a value [-Wreturn-type]
}
^
4 warnings generated.
compiling cpu.c...
compiling crc.c...
compiling des.c...
compiling eeprom.c...
compiling epi.c...
compiling fpu.c...
compiling flash.c...
compiling emac.c...
compiling gpio.c...
compiling i2c.c...
compiling onewire.c...
compiling interrupt.c...
compiling mpu.c...
compiling hibernate.c...
compiling lcd.c...
compiling pwm.c...
compiling qei.c...
compiling sysexc.c...
compiling systick.c...
compiling ssi.c...
compiling shamd5.c...
compiling sw_crc.c...
compiling sysctl.c...
compiling timer.c...
compiling uart.c...
compiling watchdog.c...
compiling udma.c...
compiling usb.c...
linking...
Program Size: Code=15312 RO-data=2248 RW-data=1644 ZI-data=3348  
".\Objects\TM4C12x_Demo.axf" - 0 Error(s), 4 Warning(s).

<h2>Software Packages used:</h2>

Package Vendor: Keil
                http://www.keil.com/pack/Keil.TM4C_DFP.1.1.0.pack
                Keil.TM4C_DFP.1.1.0
                Texas Instruments Tiva C Series Device Support and Examples

<h2>Collection of Component include folders:</h2>
  D:\Keil_MDK\Packs\Keil\TM4C_DFP\1.1.0\Device\Include\TM4C123

<h2>Collection of Component Files used:</h2>
Build Time Elapsed:  00:00:04
</pre>
</body>
</html>
